

================================================================
== Vivado HLS Report for 'i2c_slave_core'
================================================================
* Date:           Fri May 27 18:05:52 2016

* Version:        2016.1 (Build 1538259 on Fri Apr 08 16:12:49 MDT 2016)
* Project:        i2c_slave_core
* Solution:       solution1
* Product family: artix7
* Target device:  xc7a35ticsg324-1l


================================================================
== Performance Estimates
================================================================
+ Timing (ns): 
    * Summary: 
    +--------+-------+----------+------------+
    |  Clock | Target| Estimated| Uncertainty|
    +--------+-------+----------+------------+
    |ap_clk  |  10.00|      3.04|        1.25|
    +--------+-------+----------+------------+

+ Latency (clock cycles): 
    * Summary: 
    +-----+-----+-----+-----+---------+
    |  Latency  |  Interval | Pipeline|
    | min | max | min | max |   Type  |
    +-----+-----+-----+-----+---------+
    |    ?|    ?|    ?|    ?|   none  |
    +-----+-----+-----+-----+---------+

    + Detail: 
        * Instance: 
        N/A

        * Loop: 
        +-------------------------+-----+-----+----------+-----------+-----------+-------+----------+
        |                         |  Latency  | Iteration|  Initiation Interval  |  Trip |          |
        |        Loop Name        | min | max |  Latency |  achieved |   target  | Count | Pipelined|
        +-------------------------+-----+-----+----------+-----------+-----------+-------+----------+
        |- Loop 1                 |    ?|    ?|         ?|          -|          -|  inf  |    no    |
        | + Loop 1.1              |    ?|    ?|         1|          -|          -|      ?|    no    |
        | + Loop 1.2              |    ?|    ?|         1|          -|          -|      ?|    no    |
        | + Loop 1.3              |    ?|    ?|         1|          -|          -|      ?|    no    |
        | + Loop 1.4              |    ?|    ?|         ?|          -|          -|      7|    no    |
        |  ++ Loop 1.4.1          |    ?|    ?|         1|          -|          -|      ?|    no    |
        |  ++ Loop 1.4.2          |    ?|    ?|         1|          -|          -|      ?|    no    |
        | + Loop 1.5              |    ?|    ?|         1|          -|          -|      ?|    no    |
        | + Loop 1.6              |    ?|    ?|         1|          -|          -|      ?|    no    |
        | + Loop 1.7              |    ?|    ?|         1|          -|          -|      ?|    no    |
        | + Loop 1.8              |    ?|    ?|         1|          -|          -|      ?|    no    |
        | + Loop 1.9              |    ?|    ?|         ?|          -|          -|      8|    no    |
        |  ++ Loop 1.9.1          |    ?|    ?|         1|          -|          -|      ?|    no    |
        |  ++ Loop 1.9.2          |    ?|    ?|         1|          -|          -|      ?|    no    |
        | + Loop 1.10             |    ?|    ?|         1|          -|          -|      ?|    no    |
        | + Loop 1.11             |    ?|    ?|         1|          -|          -|      ?|    no    |
        | + Loop 1.12             |    ?|    ?|         1|          -|          -|      ?|    no    |
        | + Loop 1.13             |    ?|    ?|         1|          -|          -|      ?|    no    |
        | + Loop 1.14             |    ?|    ?|         1|          -|          -|      ?|    no    |
        | + label_read_start      |    ?|    ?|         ?|          -|          -|      7|    no    |
        |  ++ label_read_start.1  |    ?|    ?|         1|          -|          -|      ?|    no    |
        |  ++ label_read_start.2  |    ?|    ?|         1|          -|          -|      ?|    no    |
        | + Loop 1.16             |    ?|    ?|         1|          -|          -|      ?|    no    |
        | + Loop 1.17             |    ?|    ?|         1|          -|          -|      ?|    no    |
        | + Loop 1.18             |    ?|    ?|         1|          -|          -|      ?|    no    |
        | + Loop 1.19             |    ?|    ?|         1|          -|          -|      ?|    no    |
        | + Loop 1.20             |    ?|    ?|         ?|          -|          -|      ?|    no    |
        |  ++ Loop 1.20.1         |    ?|    ?|         ?|          -|          -| 1 ~ 8 |    no    |
        |   +++ Loop 1.20.1.1     |    ?|    ?|         1|          -|          -|      ?|    no    |
        |   +++ Loop 1.20.1.2     |    ?|    ?|         1|          -|          -|      ?|    no    |
        |  ++ Loop 1.20.2         |    ?|    ?|         1|          -|          -|      ?|    no    |
        |  ++ Loop 1.20.3         |    ?|    ?|         1|          -|          -|      ?|    no    |
        | + Loop 1.21             |    ?|    ?|         ?|          -|          -|      ?|    no    |
        |  ++ Loop 1.21.1         |    ?|    ?|         ?|          -|          -|      ?|    no    |
        |   +++ Loop 1.21.1.1     |    ?|    ?|         1|          -|          -|      ?|    no    |
        |   +++ Loop 1.21.1.2     |    ?|    ?|         1|          -|          -|      ?|    no    |
        |  ++ Loop 1.21.2         |    ?|    ?|         1|          -|          -|      ?|    no    |
        |  ++ Loop 1.21.3         |    ?|    ?|         1|          -|          -|      ?|    no    |
        +-------------------------+-----+-----+----------+-----------+-----------+-------+----------+

============================================================
+ Verbose Summary: Synthesis Manager
============================================================
InlineROM: 1
ExposeGlobal: 0
============================================================
+ Verbose Summary: CDFG Model
============================================================
IsTopModel: 1
ResetActiveHigh: 1
IsCombinational: 0
IsDatapathOnly: 0
HasWiredReturn: 0
HasMFsm: 0
HasVarLatency: 1
IsPipeline: 0
IsRtlPipelined: 0
IsInstanceOverlapped: 0
IsDontTouch: 0
HasImplIP: 0
IsGatedGlobalClock: 0


============================================================
+ Verbose Summary: Schedule
============================================================
* Number of FSM states: 55
* Pipeline: 0
* Dataflow Pipeline: 0

* FSM state transitions: 
1 --> 
	2  / true
2 --> 
	3  / true
3 --> 
	4  / true
4 --> 
	5  / true
5 --> 
	6  / true
6 --> 
	6  / (!tmp) | (!tmp_1)
	7  / (tmp & tmp_1)
7 --> 
	7  / (tmp_2 & tmp_4)
	8  / (tmp_2 & !tmp_4)
	41  / (!tmp_2)
8 --> 
	8  / (!tmp_5 & tmp_8)
	9  / (!tmp_5 & !tmp_8)
	41  / (tmp_5)
9 --> 
	10  / (!exitcond1)
	12  / (exitcond1)
10 --> 
	10  / (!tmp_9)
	11  / (tmp_9)
11 --> 
	11  / (tmp_16)
	9  / (!tmp_16)
12 --> 
	12  / (!tmp_12)
	13  / (tmp_12)
13 --> 
	13  / (tmp_17)
	14  / (!tmp_17)
14 --> 
	15  / true
15 --> 
	15  / (!tmp_18)
	16  / (tmp_18)
16 --> 
	16  / (tmp_19)
	17  / (!tmp_19)
17 --> 
	18  / true
18 --> 
	19  / (!exitcond2)
	21  / (exitcond2)
19 --> 
	19  / (!tmp_20)
	20  / (tmp_20)
20 --> 
	20  / (tmp_24)
	18  / (!tmp_24)
21 --> 
	22  / true
22 --> 
	22  / (!tmp_21)
	23  / (tmp_21)
23 --> 
	23  / (tmp_25)
	24  / (!tmp_25)
24 --> 
	25  / true
25 --> 
	25  / (!tmp_26)
	26  / (tmp_26)
26 --> 
	26  / (tmp_30 & !ignore_0_s & brmerge)
	27  / (tmp_30 & !ignore_0_s & !brmerge)
	41  / (tmp_30 & ignore_0_s)
	47  / (!tmp_30)
27 --> 
	27  / (tmp_33)
	28  / (!tmp_33)
28 --> 
	29  / (!exitcond)
	31  / (exitcond)
29 --> 
	29  / (!tmp_41)
	30  / (tmp_41)
30 --> 
	28  / (!tmp_48)
	30  / (tmp_48)
31 --> 
	31  / (!tmp_40)
	32  / (tmp_40)
32 --> 
	32  / (tmp_47)
	33  / (!tmp_47)
33 --> 
	34  / true
34 --> 
	35  / true
35 --> 
	35  / (!tmp_49)
	36  / (tmp_49)
36 --> 
	36  / (tmp_50)
	37  / (!tmp_50)
37 --> 
	38  / true
38 --> 
	39  / true
39 --> 
	40  / (!tmp_52)
	43  / (tmp_52)
40 --> 
	40  / (!brmerge2 & !tmp_54)
	41  / (brmerge2) | (tmp_54)
41 --> 
	41  / (tmp_2 & !tmp_5 & tmp_30 & !ignore_0_s & !brmerge2 & brmerge3 & tmp_59)
	42  / (tmp_2 & !tmp_5 & tmp_30 & !ignore_0_s & !brmerge2 & brmerge3 & !tmp_59)
	4  / (!tmp_2) | (tmp_5) | (!tmp_30) | (ignore_0_s) | (brmerge2) | (!brmerge3)
42 --> 
	39  / true
43 --> 
	44  / true
44 --> 
	45  / true
45 --> 
	45  / (!tmp_53)
	46  / (tmp_53)
46 --> 
	46  / (tmp_57)
	37  / (!tmp_57)
47 --> 
	48  / true
48 --> 
	49  / (!tmp_32)
	51  / (tmp_32)
49 --> 
	49  / (!tmp_34)
	50  / (tmp_34)
50 --> 
	50  / (brmerge1 & tmp_43)
	48  / (brmerge1 & !tmp_43)
	41  / (!brmerge1)
51 --> 
	52  / true
52 --> 
	52  / (!tmp_35)
	53  / (tmp_35)
53 --> 
	53  / (tmp_42)
	54  / (!tmp_42)
54 --> 
	47  / (ignore_0_s)
	55  / (!ignore_0_s)
55 --> 
	47  / true
* FSM state operations: 

 <State 1>: 0.00ns
ST_1: dev_addr_2 [1/1] 0.00ns
:0  %dev_addr_2 = alloca i7

ST_1: reg_addr_4 [1/1] 0.00ns
:1  %reg_addr_4 = alloca i8

ST_1: p_Val2_33 [1/1] 0.00ns
:2  %p_Val2_33 = alloca i8

ST_1: i2c_in_load [1/1] 0.00ns
:4  %i2c_in_load = call i2 @_ssdm_op_Read.ap_none.volatile.i2P(i2* @i2c_in) nounwind

ST_1: i2c_sda_out_load [2/2] 0.00ns
:6  %i2c_sda_out_load = call i1 @_ssdm_op_Read.ap_none.volatile.i1P(i1* @i2c_sda_out) nounwind

ST_1: i2c_sda_oe_load [2/2] 0.00ns
:8  %i2c_sda_oe_load = call i1 @_ssdm_op_Read.ap_none.volatile.i1P(i1* @i2c_sda_oe) nounwind

ST_1: dev_addr_in_load [1/1] 0.00ns
:10  %dev_addr_in_load = call i7 @_ssdm_op_Read.ap_none.volatile.i7P(i7* @dev_addr_in) nounwind

ST_1: auto_inc_regad_in_load [1/1] 0.00ns
:12  %auto_inc_regad_in_load = call i1 @_ssdm_op_Read.ap_none.volatile.i1P(i1* @auto_inc_regad_in) nounwind

ST_1: mem_addr_load [2/2] 0.00ns
:14  %mem_addr_load = call i8 @_ssdm_op_Read.ap_none.volatile.i8P(i8* @mem_addr) nounwind

ST_1: mem_din_load [1/1] 0.00ns
:16  %mem_din_load = call i8 @_ssdm_op_Read.ap_none.volatile.i8P(i8* @mem_din) nounwind

ST_1: mem_dout_load [2/2] 0.00ns
:18  %mem_dout_load = call i8 @_ssdm_op_Read.ap_none.volatile.i8P(i8* @mem_dout) nounwind

ST_1: mem_wreq_load [2/2] 0.00ns
:20  %mem_wreq_load = call i1 @_ssdm_op_Read.ap_none.volatile.i1P(i1* @mem_wreq) nounwind

ST_1: mem_wack_load [1/1] 0.00ns
:22  %mem_wack_load = call i1 @_ssdm_op_Read.ap_none.volatile.i1P(i1* @mem_wack) nounwind

ST_1: mem_rreq_load [2/2] 0.00ns
:24  %mem_rreq_load = call i1 @_ssdm_op_Read.ap_none.volatile.i1P(i1* @mem_rreq) nounwind

ST_1: mem_rack_load [1/1] 0.00ns
:26  %mem_rack_load = call i1 @_ssdm_op_Read.ap_none.volatile.i1P(i1* @mem_rack) nounwind


 <State 2>: 0.00ns
ST_2: i2c_sda_out_load [1/2] 0.00ns
:6  %i2c_sda_out_load = call i1 @_ssdm_op_Read.ap_none.volatile.i1P(i1* @i2c_sda_out) nounwind

ST_2: i2c_sda_oe_load [1/2] 0.00ns
:8  %i2c_sda_oe_load = call i1 @_ssdm_op_Read.ap_none.volatile.i1P(i1* @i2c_sda_oe) nounwind

ST_2: mem_addr_load [1/2] 0.00ns
:14  %mem_addr_load = call i8 @_ssdm_op_Read.ap_none.volatile.i8P(i8* @mem_addr) nounwind

ST_2: mem_dout_load [1/2] 0.00ns
:18  %mem_dout_load = call i8 @_ssdm_op_Read.ap_none.volatile.i8P(i8* @mem_dout) nounwind

ST_2: mem_wreq_load [1/2] 0.00ns
:20  %mem_wreq_load = call i1 @_ssdm_op_Read.ap_none.volatile.i1P(i1* @mem_wreq) nounwind

ST_2: mem_rreq_load [1/2] 0.00ns
:24  %mem_rreq_load = call i1 @_ssdm_op_Read.ap_none.volatile.i1P(i1* @mem_rreq) nounwind

ST_2: stg_77 [1/1] 0.00ns
:28  call void (...)* @_ssdm_op_Wait(i32 1)

ST_2: stg_78 [2/2] 0.00ns
:29  call void @_ssdm_op_Write.ap_none.volatile.i1P(i1* @i2c_sda_out, i1 true) nounwind

ST_2: stg_79 [2/2] 0.00ns
:30  call void @_ssdm_op_Write.ap_none.volatile.i1P(i1* @i2c_sda_oe, i1 false) nounwind

ST_2: stg_80 [2/2] 0.00ns
:31  call void @_ssdm_op_Write.ap_none.volatile.i8P(i8* @mem_addr, i8 0) nounwind

ST_2: stg_81 [2/2] 0.00ns
:32  call void @_ssdm_op_Write.ap_none.volatile.i8P(i8* @mem_dout, i8 0) nounwind

ST_2: stg_82 [2/2] 0.00ns
:33  call void @_ssdm_op_Write.ap_none.volatile.i1P(i1* @mem_wreq, i1 false) nounwind

ST_2: stg_83 [2/2] 0.00ns
:34  call void @_ssdm_op_Write.ap_none.volatile.i1P(i1* @mem_rreq, i1 false) nounwind


 <State 3>: 0.00ns
ST_3: stg_84 [1/1] 0.00ns
:3  call void (...)* @_ssdm_op_SpecTopModule()

ST_3: stg_85 [1/1] 0.00ns
:5  call void (...)* @_ssdm_op_SpecInterface(i2* @i2c_in, [8 x i8]* @p_str1, i32 0, i32 0, i32 0, i32 0, [1 x i8]* @p_str, [1 x i8]* @p_str, [1 x i8]* @p_str, i32 0, i32 0, i32 0, i32 0, [1 x i8]* @p_str) nounwind

ST_3: stg_86 [1/1] 0.00ns
:7  call void (...)* @_ssdm_op_SpecInterface(i1* @i2c_sda_out, [8 x i8]* @p_str1, i32 1, i32 1, i32 0, i32 0, [1 x i8]* @p_str, [1 x i8]* @p_str, [1 x i8]* @p_str, i32 0, i32 0, i32 0, i32 0, [1 x i8]* @p_str) nounwind

ST_3: stg_87 [1/1] 0.00ns
:9  call void (...)* @_ssdm_op_SpecInterface(i1* @i2c_sda_oe, [8 x i8]* @p_str1, i32 1, i32 1, i32 0, i32 0, [1 x i8]* @p_str, [1 x i8]* @p_str, [1 x i8]* @p_str, i32 0, i32 0, i32 0, i32 0, [1 x i8]* @p_str) nounwind

ST_3: stg_88 [1/1] 0.00ns
:11  call void (...)* @_ssdm_op_SpecInterface(i7* @dev_addr_in, [8 x i8]* @p_str1, i32 0, i32 0, i32 0, i32 0, [1 x i8]* @p_str, [1 x i8]* @p_str, [1 x i8]* @p_str, i32 0, i32 0, i32 0, i32 0, [1 x i8]* @p_str) nounwind

ST_3: stg_89 [1/1] 0.00ns
:13  call void (...)* @_ssdm_op_SpecInterface(i1* @auto_inc_regad_in, [8 x i8]* @p_str1, i32 0, i32 0, i32 0, i32 0, [1 x i8]* @p_str, [1 x i8]* @p_str, [1 x i8]* @p_str, i32 0, i32 0, i32 0, i32 0, [1 x i8]* @p_str) nounwind

ST_3: stg_90 [1/1] 0.00ns
:15  call void (...)* @_ssdm_op_SpecInterface(i8* @mem_addr, [8 x i8]* @p_str1, i32 1, i32 1, i32 0, i32 0, [1 x i8]* @p_str, [1 x i8]* @p_str, [1 x i8]* @p_str, i32 0, i32 0, i32 0, i32 0, [1 x i8]* @p_str) nounwind

ST_3: stg_91 [1/1] 0.00ns
:17  call void (...)* @_ssdm_op_SpecInterface(i8* @mem_din, [8 x i8]* @p_str1, i32 0, i32 0, i32 0, i32 0, [1 x i8]* @p_str, [1 x i8]* @p_str, [1 x i8]* @p_str, i32 0, i32 0, i32 0, i32 0, [1 x i8]* @p_str) nounwind

ST_3: stg_92 [1/1] 0.00ns
:19  call void (...)* @_ssdm_op_SpecInterface(i8* @mem_dout, [8 x i8]* @p_str1, i32 1, i32 1, i32 0, i32 0, [1 x i8]* @p_str, [1 x i8]* @p_str, [1 x i8]* @p_str, i32 0, i32 0, i32 0, i32 0, [1 x i8]* @p_str) nounwind

ST_3: stg_93 [1/1] 0.00ns
:21  call void (...)* @_ssdm_op_SpecInterface(i1* @mem_wreq, [8 x i8]* @p_str1, i32 1, i32 1, i32 0, i32 0, [1 x i8]* @p_str, [1 x i8]* @p_str, [1 x i8]* @p_str, i32 0, i32 0, i32 0, i32 0, [1 x i8]* @p_str) nounwind

ST_3: stg_94 [1/1] 0.00ns
:23  call void (...)* @_ssdm_op_SpecInterface(i1* @mem_wack, [8 x i8]* @p_str1, i32 0, i32 0, i32 0, i32 0, [1 x i8]* @p_str, [1 x i8]* @p_str, [1 x i8]* @p_str, i32 0, i32 0, i32 0, i32 0, [1 x i8]* @p_str) nounwind

ST_3: stg_95 [1/1] 0.00ns
:25  call void (...)* @_ssdm_op_SpecInterface(i1* @mem_rreq, [8 x i8]* @p_str1, i32 1, i32 1, i32 0, i32 0, [1 x i8]* @p_str, [1 x i8]* @p_str, [1 x i8]* @p_str, i32 0, i32 0, i32 0, i32 0, [1 x i8]* @p_str) nounwind

ST_3: stg_96 [1/1] 0.00ns
:27  call void (...)* @_ssdm_op_SpecInterface(i1* @mem_rack, [8 x i8]* @p_str1, i32 0, i32 0, i32 0, i32 0, [1 x i8]* @p_str, [1 x i8]* @p_str, [1 x i8]* @p_str, i32 0, i32 0, i32 0, i32 0, [1 x i8]* @p_str) nounwind

ST_3: stg_97 [1/2] 0.00ns
:29  call void @_ssdm_op_Write.ap_none.volatile.i1P(i1* @i2c_sda_out, i1 true) nounwind

ST_3: stg_98 [1/2] 0.00ns
:30  call void @_ssdm_op_Write.ap_none.volatile.i1P(i1* @i2c_sda_oe, i1 false) nounwind

ST_3: stg_99 [1/2] 0.00ns
:31  call void @_ssdm_op_Write.ap_none.volatile.i8P(i8* @mem_addr, i8 0) nounwind

ST_3: stg_100 [1/2] 0.00ns
:32  call void @_ssdm_op_Write.ap_none.volatile.i8P(i8* @mem_dout, i8 0) nounwind

ST_3: stg_101 [1/2] 0.00ns
:33  call void @_ssdm_op_Write.ap_none.volatile.i1P(i1* @mem_wreq, i1 false) nounwind

ST_3: stg_102 [1/2] 0.00ns
:34  call void @_ssdm_op_Write.ap_none.volatile.i1P(i1* @mem_rreq, i1 false) nounwind

ST_3: stg_103 [1/1] 0.00ns
:35  call void (...)* @_ssdm_op_Wait(i32 1)

ST_3: stg_104 [1/1] 0.00ns
:36  br label %.backedge


 <State 4>: 0.00ns
ST_4: stg_105 [2/2] 0.00ns
.backedge:1  call void @_ssdm_op_Write.ap_none.volatile.i1P(i1* @i2c_sda_out, i1 true) nounwind

ST_4: stg_106 [2/2] 0.00ns
.backedge:2  call void @_ssdm_op_Write.ap_none.volatile.i1P(i1* @i2c_sda_oe, i1 false) nounwind


 <State 5>: 0.00ns
ST_5: loop_begin [1/1] 0.00ns
.backedge:0  %loop_begin = call i32 (...)* @_ssdm_op_SpecLoopBegin() nounwind

ST_5: stg_108 [1/2] 0.00ns
.backedge:1  call void @_ssdm_op_Write.ap_none.volatile.i1P(i1* @i2c_sda_out, i1 true) nounwind

ST_5: stg_109 [1/2] 0.00ns
.backedge:2  call void @_ssdm_op_Write.ap_none.volatile.i1P(i1* @i2c_sda_oe, i1 false) nounwind

ST_5: stg_110 [1/1] 0.00ns
.backedge:3  call void (...)* @_ssdm_op_Wait(i32 1)

ST_5: stg_111 [1/1] 0.00ns
.backedge:4  br label %.critedge


 <State 6>: 2.84ns
ST_6: p_Val2_s [1/1] 0.00ns
.critedge:0  %p_Val2_s = call i2 @_ssdm_op_Read.ap_none.volatile.i2P(i2* @i2c_in) nounwind

ST_6: tmp [1/1] 0.00ns
.critedge:1  %tmp = trunc i2 %p_Val2_s to i1

ST_6: stg_114 [1/1] 0.00ns
.critedge:2  br i1 %tmp, label %1, label %.critedge.backedge

ST_6: tmp_1 [1/1] 0.00ns
:0  %tmp_1 = call i1 @_ssdm_op_BitSelect.i1.i2.i32(i2 %p_Val2_s, i32 1)

ST_6: stg_116 [1/1] 0.00ns
:1  br i1 %tmp_1, label %.preheader52.preheader, label %.critedge.backedge

ST_6: stg_117 [1/1] 0.00ns
.critedge.backedge:0  br label %.critedge

ST_6: stg_118 [1/1] 2.84ns
.preheader52.preheader:0  store i2 %p_Val2_s, i2* @i2c_val, align 1

ST_6: stg_119 [1/1] 0.00ns
.preheader52.preheader:1  br label %.preheader52


 <State 7>: 2.84ns
ST_7: p_Val2_34 [1/1] 0.00ns
.preheader52:0  %p_Val2_34 = call i2 @_ssdm_op_Read.ap_none.volatile.i2P(i2* @i2c_in) nounwind

ST_7: tmp_2 [1/1] 0.00ns
.preheader52:1  %tmp_2 = trunc i2 %p_Val2_34 to i1

ST_7: stg_122 [1/1] 0.00ns
.preheader52:2  br i1 %tmp_2, label %2, label %.backedge.loopexit104

ST_7: tmp_4 [1/1] 0.00ns
:0  %tmp_4 = call i1 @_ssdm_op_BitSelect.i1.i2.i32(i2 %p_Val2_34, i32 1)

ST_7: stg_124 [1/1] 0.00ns
:1  br i1 %tmp_4, label %.preheader52, label %.preheader50.preheader

ST_7: stg_125 [1/1] 2.84ns
.preheader50.preheader:0  store i2 %p_Val2_34, i2* @i2c_val, align 1

ST_7: stg_126 [1/1] 0.00ns
.preheader50.preheader:1  br label %.preheader50

ST_7: stg_127 [1/1] 2.84ns
.backedge.loopexit104:0  store i2 %p_Val2_34, i2* @i2c_val, align 1

ST_7: stg_128 [1/1] 0.00ns
.backedge.loopexit104:1  br label %.backedge.backedge


 <State 8>: 2.84ns
ST_8: p_Val2_35 [1/1] 0.00ns
.preheader50:0  %p_Val2_35 = call i2 @_ssdm_op_Read.ap_none.volatile.i2P(i2* @i2c_in) nounwind

ST_8: tmp_5 [1/1] 0.00ns
.preheader50:1  %tmp_5 = call i1 @_ssdm_op_BitSelect.i1.i2.i32(i2 %p_Val2_35, i32 1)

ST_8: stg_131 [1/1] 0.00ns
.preheader50:2  br i1 %tmp_5, label %.backedge.loopexit102, label %3

ST_8: tmp_8 [1/1] 0.00ns
:0  %tmp_8 = trunc i2 %p_Val2_35 to i1

ST_8: stg_133 [1/1] 1.57ns
:1  br i1 %tmp_8, label %.preheader50, label %.preheader49

ST_8: stg_134 [1/1] 2.84ns
.backedge.loopexit102:0  store i2 %p_Val2_35, i2* @i2c_val, align 1

ST_8: stg_135 [1/1] 0.00ns
.backedge.loopexit102:1  br label %.backedge.backedge


 <State 9>: 2.84ns
ST_9: storemerge [1/1] 0.00ns
.preheader49:0  %storemerge = phi i2 [ %p_Val2_38, %.preheader49.loopexit ], [ %p_Val2_35, %3 ]

ST_9: bit_cnt [1/1] 0.00ns
.preheader49:1  %bit_cnt = phi i3 [ %bit_cnt_6, %.preheader49.loopexit ], [ 0, %3 ]

ST_9: dev_addr_2_load [1/1] 0.00ns
.preheader49:2  %dev_addr_2_load = load i7* %dev_addr_2

ST_9: stg_139 [1/1] 2.84ns
.preheader49:3  store i2 %storemerge, i2* @i2c_val, align 1

ST_9: exitcond1 [1/1] 1.94ns
.preheader49:4  %exitcond1 = icmp eq i3 %bit_cnt, -1

ST_9: empty [1/1] 0.00ns
.preheader49:5  %empty = call i32 (...)* @_ssdm_op_SpecLoopTripCount(i64 7, i64 7, i64 7) nounwind

ST_9: bit_cnt_6 [1/1] 0.75ns
.preheader49:6  %bit_cnt_6 = add i3 %bit_cnt, 1

ST_9: stg_143 [1/1] 0.00ns
.preheader49:7  br i1 %exitcond1, label %5, label %.preheader48

ST_9: dev_addr_in_read [1/1] 0.00ns
:0  %dev_addr_in_read = call i7 @_ssdm_op_Read.ap_none.volatile.i7P(i7* @dev_addr_in) nounwind

ST_9: not_s [1/1] 2.43ns
:1  %not_s = icmp ne i7 %dev_addr_2_load, %dev_addr_in_read

ST_9: stg_146 [1/1] 0.00ns
:2  br label %._crit_edge84


 <State 10>: 2.84ns
ST_10: p_Val2_36 [1/1] 0.00ns
.preheader48:0  %p_Val2_36 = call i2 @_ssdm_op_Read.ap_none.volatile.i2P(i2* @i2c_in) nounwind

ST_10: tmp_9 [1/1] 0.00ns
.preheader48:1  %tmp_9 = trunc i2 %p_Val2_36 to i1

ST_10: stg_149 [1/1] 0.00ns
.preheader48:2  br i1 %tmp_9, label %4, label %.preheader48

ST_10: stg_150 [1/1] 2.84ns
:0  store i2 %p_Val2_36, i2* @i2c_val, align 1

ST_10: tmp_13 [1/1] 0.00ns
:1  %tmp_13 = call i1 @_ssdm_op_BitSelect.i1.i2.i32(i2 %p_Val2_36, i32 1)

ST_10: tmp_14 [1/1] 0.00ns
:2  %tmp_14 = trunc i7 %dev_addr_2_load to i6

ST_10: dev_addr [1/1] 0.00ns
:3  %dev_addr = call i7 @_ssdm_op_BitConcatenate.i7.i6.i1(i6 %tmp_14, i1 %tmp_13)

ST_10: stg_154 [1/1] 0.00ns
:4  br label %._crit_edge


 <State 11>: 1.57ns
ST_11: p_Val2_38 [1/1] 0.00ns
._crit_edge:0  %p_Val2_38 = call i2 @_ssdm_op_Read.ap_none.volatile.i2P(i2* @i2c_in) nounwind

ST_11: tmp_16 [1/1] 0.00ns
._crit_edge:1  %tmp_16 = trunc i2 %p_Val2_38 to i1

ST_11: stg_157 [1/1] 0.00ns
._crit_edge:2  br i1 %tmp_16, label %._crit_edge, label %.preheader49.loopexit

ST_11: stg_158 [1/1] 1.57ns
.preheader49.loopexit:0  store i7 %dev_addr, i7* %dev_addr_2

ST_11: stg_159 [1/1] 0.00ns
.preheader49.loopexit:1  br label %.preheader49


 <State 12>: 2.84ns
ST_12: p_Val2_37 [1/1] 0.00ns
._crit_edge84:0  %p_Val2_37 = call i2 @_ssdm_op_Read.ap_none.volatile.i2P(i2* @i2c_in) nounwind

ST_12: tmp_12 [1/1] 0.00ns
._crit_edge84:1  %tmp_12 = trunc i2 %p_Val2_37 to i1

ST_12: stg_162 [1/1] 0.00ns
._crit_edge84:2  br i1 %tmp_12, label %6, label %._crit_edge84

ST_12: stg_163 [1/1] 2.84ns
:0  store i2 %p_Val2_37, i2* @i2c_val, align 1

ST_12: tmp_15 [1/1] 0.00ns
:1  %tmp_15 = call i1 @_ssdm_op_BitSelect.i1.i2.i32(i2 %p_Val2_37, i32 1)

ST_12: ignore_0_s [1/1] 1.37ns
:2  %ignore_0_s = or i1 %not_s, %tmp_15

ST_12: stg_166 [1/1] 0.00ns
:3  br label %._crit_edge85


 <State 13>: 2.84ns
ST_13: p_Val2_39 [1/1] 0.00ns
._crit_edge85:0  %p_Val2_39 = call i2 @_ssdm_op_Read.ap_none.volatile.i2P(i2* @i2c_in) nounwind

ST_13: tmp_17 [1/1] 0.00ns
._crit_edge85:1  %tmp_17 = trunc i2 %p_Val2_39 to i1

ST_13: stg_169 [1/1] 0.00ns
._crit_edge85:2  br i1 %tmp_17, label %._crit_edge85, label %7

ST_13: stg_170 [1/1] 2.84ns
:0  store i2 %p_Val2_39, i2* @i2c_val, align 1

ST_13: stg_171 [1/1] 0.00ns
:1  call void (...)* @_ssdm_op_Wait(i32 1)

ST_13: stg_172 [2/2] 0.00ns
:2  call void @_ssdm_op_Write.ap_none.volatile.i1P(i1* @i2c_sda_out, i1 %ignore_0_s) nounwind

ST_13: not_ignore_1 [1/1] 1.37ns
:3  %not_ignore_1 = xor i1 %ignore_0_s, true

ST_13: stg_174 [2/2] 0.00ns
:4  call void @_ssdm_op_Write.ap_none.volatile.i1P(i1* @i2c_sda_oe, i1 %not_ignore_1) nounwind


 <State 14>: 0.00ns
ST_14: stg_175 [1/2] 0.00ns
:2  call void @_ssdm_op_Write.ap_none.volatile.i1P(i1* @i2c_sda_out, i1 %ignore_0_s) nounwind

ST_14: stg_176 [1/2] 0.00ns
:4  call void @_ssdm_op_Write.ap_none.volatile.i1P(i1* @i2c_sda_oe, i1 %not_ignore_1) nounwind

ST_14: stg_177 [1/1] 0.00ns
:5  call void (...)* @_ssdm_op_Wait(i32 1)

ST_14: stg_178 [1/1] 0.00ns
:6  br label %._crit_edge86


 <State 15>: 2.84ns
ST_15: p_Val2_40 [1/1] 0.00ns
._crit_edge86:0  %p_Val2_40 = call i2 @_ssdm_op_Read.ap_none.volatile.i2P(i2* @i2c_in) nounwind

ST_15: tmp_18 [1/1] 0.00ns
._crit_edge86:1  %tmp_18 = trunc i2 %p_Val2_40 to i1

ST_15: stg_181 [1/1] 0.00ns
._crit_edge86:2  br i1 %tmp_18, label %.preheader47.preheader, label %._crit_edge86

ST_15: stg_182 [1/1] 2.84ns
.preheader47.preheader:0  store i2 %p_Val2_40, i2* @i2c_val, align 1

ST_15: stg_183 [1/1] 0.00ns
.preheader47.preheader:1  br label %.preheader47


 <State 16>: 2.84ns
ST_16: p_Val2_41 [1/1] 0.00ns
.preheader47:0  %p_Val2_41 = call i2 @_ssdm_op_Read.ap_none.volatile.i2P(i2* @i2c_in) nounwind

ST_16: tmp_19 [1/1] 0.00ns
.preheader47:1  %tmp_19 = trunc i2 %p_Val2_41 to i1

ST_16: stg_186 [1/1] 0.00ns
.preheader47:2  br i1 %tmp_19, label %.preheader47, label %8

ST_16: stg_187 [1/1] 2.84ns
:0  store i2 %p_Val2_41, i2* @i2c_val, align 1

ST_16: stg_188 [2/2] 0.00ns
:1  call void @_ssdm_op_Write.ap_none.volatile.i1P(i1* @i2c_sda_oe, i1 false) nounwind


 <State 17>: 1.57ns
ST_17: stg_189 [1/2] 0.00ns
:1  call void @_ssdm_op_Write.ap_none.volatile.i1P(i1* @i2c_sda_oe, i1 false) nounwind

ST_17: stg_190 [1/1] 1.57ns
:2  br label %9


 <State 18>: 2.33ns
ST_18: bit_cnt_1 [1/1] 0.00ns
:0  %bit_cnt_1 = phi i4 [ 0, %8 ], [ %bit_cnt_7, %11 ]

ST_18: reg_addr_4_load [1/1] 0.00ns
:1  %reg_addr_4_load = load i8* %reg_addr_4

ST_18: exitcond2 [1/1] 2.33ns
:2  %exitcond2 = icmp eq i4 %bit_cnt_1, -8

ST_18: empty_3 [1/1] 0.00ns
:3  %empty_3 = call i32 (...)* @_ssdm_op_SpecLoopTripCount(i64 8, i64 8, i64 8) nounwind

ST_18: bit_cnt_7 [1/1] 0.75ns
:4  %bit_cnt_7 = add i4 %bit_cnt_1, 1

ST_18: stg_196 [1/1] 0.00ns
:5  br i1 %exitcond2, label %12, label %.preheader46

ST_18: stg_197 [1/1] 0.00ns
:0  call void (...)* @_ssdm_op_Wait(i32 1)

ST_18: stg_198 [2/2] 0.00ns
:1  call void @_ssdm_op_Write.ap_none.volatile.i1P(i1* @i2c_sda_out, i1 %ignore_0_s) nounwind

ST_18: stg_199 [2/2] 0.00ns
:2  call void @_ssdm_op_Write.ap_none.volatile.i1P(i1* @i2c_sda_oe, i1 %not_ignore_1) nounwind


 <State 19>: 2.84ns
ST_19: p_Val2_42 [1/1] 0.00ns
.preheader46:0  %p_Val2_42 = call i2 @_ssdm_op_Read.ap_none.volatile.i2P(i2* @i2c_in) nounwind

ST_19: tmp_20 [1/1] 0.00ns
.preheader46:1  %tmp_20 = trunc i2 %p_Val2_42 to i1

ST_19: stg_202 [1/1] 0.00ns
.preheader46:2  br i1 %tmp_20, label %10, label %.preheader46

ST_19: stg_203 [1/1] 2.84ns
:0  store i2 %p_Val2_42, i2* @i2c_val, align 1

ST_19: tmp_22 [1/1] 0.00ns
:1  %tmp_22 = call i1 @_ssdm_op_BitSelect.i1.i2.i32(i2 %p_Val2_42, i32 1)

ST_19: tmp_23 [1/1] 0.00ns
:2  %tmp_23 = trunc i8 %reg_addr_4_load to i7

ST_19: reg_addr [1/1] 0.00ns
:3  %reg_addr = call i8 @_ssdm_op_BitConcatenate.i8.i7.i1(i7 %tmp_23, i1 %tmp_22)

ST_19: stg_207 [1/1] 0.00ns
:4  br label %._crit_edge87


 <State 20>: 2.84ns
ST_20: p_Val2_44 [1/1] 0.00ns
._crit_edge87:0  %p_Val2_44 = call i2 @_ssdm_op_Read.ap_none.volatile.i2P(i2* @i2c_in) nounwind

ST_20: tmp_24 [1/1] 0.00ns
._crit_edge87:1  %tmp_24 = trunc i2 %p_Val2_44 to i1

ST_20: stg_210 [1/1] 0.00ns
._crit_edge87:2  br i1 %tmp_24, label %._crit_edge87, label %11

ST_20: stg_211 [1/1] 2.84ns
:0  store i2 %p_Val2_44, i2* @i2c_val, align 1

ST_20: stg_212 [1/1] 1.57ns
:1  store i8 %reg_addr, i8* %reg_addr_4

ST_20: stg_213 [1/1] 0.00ns
:2  br label %9


 <State 21>: 0.00ns
ST_21: stg_214 [1/2] 0.00ns
:1  call void @_ssdm_op_Write.ap_none.volatile.i1P(i1* @i2c_sda_out, i1 %ignore_0_s) nounwind

ST_21: stg_215 [1/2] 0.00ns
:2  call void @_ssdm_op_Write.ap_none.volatile.i1P(i1* @i2c_sda_oe, i1 %not_ignore_1) nounwind

ST_21: stg_216 [1/1] 0.00ns
:3  call void (...)* @_ssdm_op_Wait(i32 1)

ST_21: stg_217 [1/1] 0.00ns
:4  br label %._crit_edge88


 <State 22>: 2.84ns
ST_22: p_Val2_43 [1/1] 0.00ns
._crit_edge88:0  %p_Val2_43 = call i2 @_ssdm_op_Read.ap_none.volatile.i2P(i2* @i2c_in) nounwind

ST_22: tmp_21 [1/1] 0.00ns
._crit_edge88:1  %tmp_21 = trunc i2 %p_Val2_43 to i1

ST_22: stg_220 [1/1] 0.00ns
._crit_edge88:2  br i1 %tmp_21, label %.preheader45.preheader, label %._crit_edge88

ST_22: stg_221 [1/1] 2.84ns
.preheader45.preheader:0  store i2 %p_Val2_43, i2* @i2c_val, align 1

ST_22: stg_222 [1/1] 0.00ns
.preheader45.preheader:1  br label %.preheader45


 <State 23>: 2.84ns
ST_23: p_Val2_45 [1/1] 0.00ns
.preheader45:0  %p_Val2_45 = call i2 @_ssdm_op_Read.ap_none.volatile.i2P(i2* @i2c_in) nounwind

ST_23: tmp_25 [1/1] 0.00ns
.preheader45:1  %tmp_25 = trunc i2 %p_Val2_45 to i1

ST_23: stg_225 [1/1] 0.00ns
.preheader45:2  br i1 %tmp_25, label %.preheader45, label %13

ST_23: stg_226 [1/1] 2.84ns
:0  store i2 %p_Val2_45, i2* @i2c_val, align 1

ST_23: stg_227 [2/2] 0.00ns
:1  call void @_ssdm_op_Write.ap_none.volatile.i1P(i1* @i2c_sda_oe, i1 false) nounwind


 <State 24>: 0.00ns
ST_24: stg_228 [1/2] 0.00ns
:1  call void @_ssdm_op_Write.ap_none.volatile.i1P(i1* @i2c_sda_oe, i1 false) nounwind

ST_24: stg_229 [1/1] 0.00ns
:2  br label %._crit_edge89


 <State 25>: 2.84ns
ST_25: p_Val2_46 [1/1] 0.00ns
._crit_edge89:0  %p_Val2_46 = call i2 @_ssdm_op_Read.ap_none.volatile.i2P(i2* @i2c_in) nounwind

ST_25: tmp_26 [1/1] 0.00ns
._crit_edge89:1  %tmp_26 = trunc i2 %p_Val2_46 to i1

ST_25: stg_232 [1/1] 0.00ns
._crit_edge89:2  br i1 %tmp_26, label %14, label %._crit_edge89

ST_25: p_Val2_33_load [1/1] 0.00ns
:0  %p_Val2_33_load = load i8* %p_Val2_33

ST_25: stg_234 [1/1] 2.84ns
:1  store i2 %p_Val2_46, i2* @i2c_val, align 1

ST_25: tmp_27 [1/1] 0.00ns
:2  %tmp_27 = call i1 @_ssdm_op_BitSelect.i1.i2.i32(i2 %p_Val2_46, i32 1)

ST_25: tmp_28 [1/1] 0.00ns
:3  %tmp_28 = trunc i8 %p_Val2_33_load to i7

ST_25: reg_data [1/1] 0.00ns
:4  %reg_data = call i8 @_ssdm_op_BitConcatenate.i8.i7.i1(i7 %tmp_28, i1 %tmp_27)

ST_25: stg_238 [1/1] 1.57ns
:5  br label %._crit_edge91


 <State 26>: 2.84ns
ST_26: p_Val2_47 [1/1] 0.00ns
._crit_edge91:0  %p_Val2_47 = phi i2 [ %p_Val2_48, %16 ], [ %p_Val2_46, %14 ]

ST_26: pre_i2c_sda_val [1/1] 0.00ns
._crit_edge91:1  %pre_i2c_sda_val = call i1 @_ssdm_op_BitSelect.i1.i2.i32(i2 %p_Val2_47, i32 1)

ST_26: p_Val2_48 [1/1] 0.00ns
._crit_edge91:2  %p_Val2_48 = call i2 @_ssdm_op_Read.ap_none.volatile.i2P(i2* @i2c_in) nounwind

ST_26: tmp_30 [1/1] 0.00ns
._crit_edge91:3  %tmp_30 = trunc i2 %p_Val2_48 to i1

ST_26: stg_243 [1/1] 0.00ns
._crit_edge91:4  br i1 %tmp_30, label %15, label %.preheader40.preheader

ST_26: stg_244 [1/1] 0.00ns
:0  br i1 %ignore_0_s, label %.backedge.loopexit88, label %16

ST_26: tmp_31 [1/1] 0.00ns (grouped into LUT with out node brmerge)
:0  %tmp_31 = call i1 @_ssdm_op_BitSelect.i1.i2.i32(i2 %p_Val2_48, i32 1)

ST_26: p_not1 [1/1] 0.00ns (grouped into LUT with out node brmerge)
:1  %p_not1 = xor i1 %pre_i2c_sda_val, true

ST_26: brmerge [1/1] 1.37ns (out node of the LUT)
:2  %brmerge = or i1 %tmp_31, %p_not1

ST_26: stg_248 [1/1] 0.00ns
:3  br i1 %brmerge, label %._crit_edge91, label %.preheader41.preheader

ST_26: stg_249 [1/1] 2.84ns
.preheader41.preheader:0  store i2 %p_Val2_48, i2* @i2c_val, align 1

ST_26: stg_250 [1/1] 0.00ns
.preheader41.preheader:1  br label %.preheader41

ST_26: stg_251 [1/1] 2.84ns
.backedge.loopexit88:0  store i2 %p_Val2_48, i2* @i2c_val, align 1

ST_26: stg_252 [1/1] 1.57ns
.backedge.loopexit88:1  store i8 %reg_data, i8* %p_Val2_33

ST_26: stg_253 [1/1] 0.00ns
.backedge.loopexit88:2  br label %.backedge.backedge

ST_26: stg_254 [1/1] 2.84ns
.preheader40.preheader:0  store i2 %p_Val2_48, i2* @i2c_val, align 1

ST_26: stg_255 [1/1] 1.57ns
.preheader40.preheader:1  br label %.preheader40


 <State 27>: 1.57ns
ST_27: p_Val2_49 [1/1] 0.00ns
.preheader41:0  %p_Val2_49 = call i2 @_ssdm_op_Read.ap_none.volatile.i2P(i2* @i2c_in) nounwind

ST_27: tmp_33 [1/1] 0.00ns
.preheader41:1  %tmp_33 = trunc i2 %p_Val2_49 to i1

ST_27: stg_258 [1/1] 1.57ns
.preheader41:2  br i1 %tmp_33, label %.preheader41, label %.preheader34


 <State 28>: 2.84ns
ST_28: storemerge1 [1/1] 0.00ns
.preheader34:0  %storemerge1 = phi i2 [ %p_Val2_49, %.preheader41 ], [ %p_Val2_58, %._crit_edge96 ]

ST_28: bit_cnt_4 [1/1] 0.00ns
.preheader34:1  %bit_cnt_4 = phi i3 [ 0, %.preheader41 ], [ %bit_cnt_9, %._crit_edge96 ]

ST_28: de_2 [1/1] 0.00ns
.preheader34:2  %de_2 = phi i7 [ %dev_addr_2_load, %.preheader41 ], [ %dev_addr_1, %._crit_edge96 ]

ST_28: stg_262 [1/1] 2.84ns
.preheader34:3  store i2 %storemerge1, i2* @i2c_val, align 1

ST_28: exitcond [1/1] 1.94ns
.preheader34:4  %exitcond = icmp eq i3 %bit_cnt_4, -1

ST_28: empty_4 [1/1] 0.00ns
.preheader34:5  %empty_4 = call i32 (...)* @_ssdm_op_SpecLoopTripCount(i64 7, i64 7, i64 7) nounwind

ST_28: bit_cnt_9 [1/1] 0.75ns
.preheader34:6  %bit_cnt_9 = add i3 %bit_cnt_4, 1

ST_28: stg_266 [1/1] 0.00ns
.preheader34:7  br i1 %exitcond, label %26, label %24

ST_28: stg_267 [1/1] 0.00ns
:0  call void (...)* @_ssdm_op_SpecLoopName([17 x i8]* @p_str5) nounwind

ST_28: stg_268 [1/1] 0.00ns
:1  br label %._crit_edge95

ST_28: dev_addr_in_read_1 [1/1] 0.00ns
:0  %dev_addr_in_read_1 = call i7 @_ssdm_op_Read.ap_none.volatile.i7P(i7* @dev_addr_in) nounwind

ST_28: not_2 [1/1] 2.43ns
:1  %not_2 = icmp ne i7 %de_2, %dev_addr_in_read_1

ST_28: stg_271 [1/1] 0.00ns
:2  br label %._crit_edge97


 <State 29>: 2.84ns
ST_29: p_Val2_55 [1/1] 0.00ns
._crit_edge95:0  %p_Val2_55 = call i2 @_ssdm_op_Read.ap_none.volatile.i2P(i2* @i2c_in) nounwind

ST_29: tmp_41 [1/1] 0.00ns
._crit_edge95:1  %tmp_41 = trunc i2 %p_Val2_55 to i1

ST_29: stg_274 [1/1] 0.00ns
._crit_edge95:2  br i1 %tmp_41, label %25, label %._crit_edge95

ST_29: stg_275 [1/1] 2.84ns
:0  store i2 %p_Val2_55, i2* @i2c_val, align 1

ST_29: tmp_45 [1/1] 0.00ns
:1  %tmp_45 = call i1 @_ssdm_op_BitSelect.i1.i2.i32(i2 %p_Val2_55, i32 1)

ST_29: tmp_46 [1/1] 0.00ns
:2  %tmp_46 = trunc i7 %de_2 to i6

ST_29: dev_addr_1 [1/1] 0.00ns
:3  %dev_addr_1 = call i7 @_ssdm_op_BitConcatenate.i7.i6.i1(i6 %tmp_46, i1 %tmp_45)

ST_29: stg_279 [1/1] 0.00ns
:4  br label %._crit_edge96


 <State 30>: 0.00ns
ST_30: p_Val2_58 [1/1] 0.00ns
._crit_edge96:0  %p_Val2_58 = call i2 @_ssdm_op_Read.ap_none.volatile.i2P(i2* @i2c_in) nounwind

ST_30: tmp_48 [1/1] 0.00ns
._crit_edge96:1  %tmp_48 = trunc i2 %p_Val2_58 to i1

ST_30: stg_282 [1/1] 0.00ns
._crit_edge96:2  br i1 %tmp_48, label %._crit_edge96, label %.preheader34


 <State 31>: 2.84ns
ST_31: p_Val2_54 [1/1] 0.00ns
._crit_edge97:0  %p_Val2_54 = call i2 @_ssdm_op_Read.ap_none.volatile.i2P(i2* @i2c_in) nounwind

ST_31: tmp_40 [1/1] 0.00ns
._crit_edge97:1  %tmp_40 = trunc i2 %p_Val2_54 to i1

ST_31: stg_285 [1/1] 0.00ns
._crit_edge97:2  br i1 %tmp_40, label %27, label %._crit_edge97

ST_31: stg_286 [1/1] 2.84ns
:0  store i2 %p_Val2_54, i2* @i2c_val, align 1

ST_31: tmp_44 [1/1] 0.00ns
:1  %tmp_44 = call i1 @_ssdm_op_BitSelect.i1.i2.i32(i2 %p_Val2_54, i32 1)

ST_31: tmp_7 [1/1] 0.00ns (grouped into LUT with out node p_ignore_2)
:2  %tmp_7 = xor i1 %tmp_44, true

ST_31: p_ignore_2 [1/1] 1.37ns (out node of the LUT)
:3  %p_ignore_2 = or i1 %not_2, %tmp_7

ST_31: stg_290 [1/1] 0.00ns
:4  br label %._crit_edge98


 <State 32>: 2.84ns
ST_32: p_Val2_57 [1/1] 0.00ns
._crit_edge98:0  %p_Val2_57 = call i2 @_ssdm_op_Read.ap_none.volatile.i2P(i2* @i2c_in) nounwind

ST_32: tmp_47 [1/1] 0.00ns
._crit_edge98:1  %tmp_47 = trunc i2 %p_Val2_57 to i1

ST_32: stg_293 [1/1] 0.00ns
._crit_edge98:2  br i1 %tmp_47, label %._crit_edge98, label %_ifconv1

ST_32: stg_294 [1/1] 2.84ns
_ifconv1:0  store i2 %p_Val2_57, i2* @i2c_val, align 1

ST_32: stg_295 [1/1] 0.00ns
_ifconv1:1  call void (...)* @_ssdm_op_Wait(i32 1)

ST_32: stg_296 [2/2] 0.00ns
_ifconv1:2  call void @_ssdm_op_Write.ap_none.volatile.i1P(i1* @i2c_sda_out, i1 %p_ignore_2) nounwind

ST_32: not_2_not [1/1] 0.00ns (grouped into LUT with out node not_ignore_3)
_ifconv1:3  %not_2_not = xor i1 %not_2, true

ST_32: not_ignore_3 [1/1] 1.37ns (out node of the LUT)
_ifconv1:4  %not_ignore_3 = and i1 %tmp_44, %not_2_not

ST_32: stg_299 [2/2] 0.00ns
_ifconv1:5  call void @_ssdm_op_Write.ap_none.volatile.i1P(i1* @i2c_sda_oe, i1 %not_ignore_3) nounwind


 <State 33>: 1.04ns
ST_33: stg_300 [1/2] 0.00ns
_ifconv1:2  call void @_ssdm_op_Write.ap_none.volatile.i1P(i1* @i2c_sda_out, i1 %p_ignore_2) nounwind

ST_33: stg_301 [1/2] 0.00ns
_ifconv1:5  call void @_ssdm_op_Write.ap_none.volatile.i1P(i1* @i2c_sda_oe, i1 %not_ignore_3) nounwind

ST_33: stg_302 [1/1] 0.00ns
_ifconv1:6  call void (...)* @_ssdm_op_Wait(i32 1)

ST_33: reg_data_5 [2/2] 1.04ns
_ifconv1:7  %reg_data_5 = call fastcc zeroext i8 @i2c_slave_core_read_mem(i8 zeroext %reg_addr_4_load)


 <State 34>: 3.04ns
ST_34: reg_data_5 [1/2] 0.00ns
_ifconv1:7  %reg_data_5 = call fastcc zeroext i8 @i2c_slave_core_read_mem(i8 zeroext %reg_addr_4_load)

ST_34: stg_305 [1/1] 0.00ns
_ifconv1:8  call void (...)* @_ssdm_op_Wait(i32 1)

ST_34: auto_inc_regad_in_read_1 [1/1] 0.00ns
_ifconv1:9  %auto_inc_regad_in_read_1 = call i1 @_ssdm_op_Read.ap_none.volatile.i1P(i1* @auto_inc_regad_in) nounwind

ST_34: reg_addr_2 [1/1] 1.67ns
_ifconv1:10  %reg_addr_2 = add i8 %reg_addr_4_load, 1

ST_34: re_1_s [1/1] 0.00ns (grouped into LUT with out node re_6)
_ifconv1:11  %re_1_s = select i1 %p_ignore_2, i8 %reg_addr_4_load, i8 %reg_addr_2

ST_34: re_6 [1/1] 1.37ns (out node of the LUT)
_ifconv1:12  %re_6 = select i1 %auto_inc_regad_in_read_1, i8 %re_1_s, i8 %reg_addr_4_load

ST_34: stg_310 [1/1] 0.00ns
_ifconv1:13  br label %._crit_edge100


 <State 35>: 2.84ns
ST_35: p_Val2_59 [1/1] 0.00ns
._crit_edge100:0  %p_Val2_59 = call i2 @_ssdm_op_Read.ap_none.volatile.i2P(i2* @i2c_in) nounwind

ST_35: tmp_49 [1/1] 0.00ns
._crit_edge100:1  %tmp_49 = trunc i2 %p_Val2_59 to i1

ST_35: stg_313 [1/1] 0.00ns
._crit_edge100:2  br i1 %tmp_49, label %.preheader33.preheader, label %._crit_edge100

ST_35: stg_314 [1/1] 2.84ns
.preheader33.preheader:0  store i2 %p_Val2_59, i2* @i2c_val, align 1

ST_35: stg_315 [1/1] 0.00ns
.preheader33.preheader:1  br label %.preheader33


 <State 36>: 2.84ns
ST_36: p_Val2_60 [1/1] 0.00ns
.preheader33:0  %p_Val2_60 = call i2 @_ssdm_op_Read.ap_none.volatile.i2P(i2* @i2c_in) nounwind

ST_36: tmp_50 [1/1] 0.00ns
.preheader33:1  %tmp_50 = trunc i2 %p_Val2_60 to i1

ST_36: stg_318 [1/1] 0.00ns
.preheader33:2  br i1 %tmp_50, label %.preheader33, label %.preheader31.preheader

ST_36: stg_319 [1/1] 2.84ns
.preheader31.preheader:0  store i2 %p_Val2_60, i2* @i2c_val, align 1

ST_36: stg_320 [1/1] 1.57ns
.preheader31.preheader:1  br label %.preheader31


 <State 37>: 0.00ns
ST_37: p_Val2_61 [1/1] 0.00ns
.preheader31:1  %p_Val2_61 = phi i8 [ %reg_data_6, %35 ], [ %reg_data_5, %.preheader31.preheader ]

ST_37: stg_322 [1/1] 0.00ns
.preheader31:4  call void (...)* @_ssdm_op_Wait(i32 1)

ST_37: tmp_51 [1/1] 0.00ns
.preheader31:5  %tmp_51 = call i1 @_ssdm_op_BitSelect.i1.i8.i32(i8 %p_Val2_61, i32 7)

ST_37: stg_324 [2/2] 0.00ns
.preheader31:6  call void @_ssdm_op_Write.ap_none.volatile.i1P(i1* @i2c_sda_out, i1 %tmp_51) nounwind

ST_37: stg_325 [2/2] 0.00ns
.preheader31:7  call void @_ssdm_op_Write.ap_none.volatile.i1P(i1* @i2c_sda_oe, i1 %not_ignore_3) nounwind


 <State 38>: 1.57ns
ST_38: terminate_read [1/1] 0.00ns
.preheader31:0  %terminate_read = phi i1 [ %terminate_read_1, %35 ], [ false, %.preheader31.preheader ]

ST_38: re_7 [1/1] 0.00ns
.preheader31:2  %re_7 = phi i8 [ %re_8, %35 ], [ %re_6, %.preheader31.preheader ]

ST_38: tmp_3 [1/1] 0.00ns
.preheader31:3  %tmp_3 = call i32 (...)* @_ssdm_op_SpecRegionBegin([12 x i8]* @p_str6) nounwind

ST_38: stg_329 [1/2] 0.00ns
.preheader31:6  call void @_ssdm_op_Write.ap_none.volatile.i1P(i1* @i2c_sda_out, i1 %tmp_51) nounwind

ST_38: stg_330 [1/2] 0.00ns
.preheader31:7  call void @_ssdm_op_Write.ap_none.volatile.i1P(i1* @i2c_sda_oe, i1 %not_ignore_3) nounwind

ST_38: stg_331 [1/1] 0.00ns
.preheader31:8  call void (...)* @_ssdm_op_Wait(i32 1)

ST_38: stg_332 [1/1] 1.57ns
.preheader31:9  br label %28


 <State 39>: 0.75ns
ST_39: bit_cnt_5 [1/1] 0.00ns
:0  %bit_cnt_5 = phi i4 [ 0, %.preheader31 ], [ %bit_cnt_10, %._crit_edge102 ]

ST_39: reg_data_4 [1/1] 0.00ns
:1  %reg_data_4 = phi i8 [ %p_Val2_61, %.preheader31 ], [ %reg_data_8, %._crit_edge102 ]

ST_39: tmp_52 [1/1] 0.00ns
:2  %tmp_52 = call i1 @_ssdm_op_BitSelect.i1.i4.i32(i4 %bit_cnt_5, i32 3)

ST_39: empty_5 [1/1] 0.00ns
:3  %empty_5 = call i32 (...)* @_ssdm_op_SpecLoopTripCount(i64 1, i64 8, i64 4) nounwind

ST_39: bit_cnt_10 [1/1] 0.75ns
:4  %bit_cnt_10 = add i4 %bit_cnt_5, 1

ST_39: stg_338 [1/1] 0.00ns
:5  br i1 %tmp_52, label %_ifconv, label %.preheader

ST_39: stg_339 [1/1] 0.00ns
_ifconv:0  call void (...)* @_ssdm_op_Wait(i32 1)

ST_39: stg_340 [2/2] 0.00ns
_ifconv:1  call void @_ssdm_op_Write.ap_none.volatile.i1P(i1* @i2c_sda_oe, i1 false) nounwind


 <State 40>: 2.84ns
ST_40: p_Val2_63 [1/1] 0.00ns
.preheader:0  %p_Val2_63 = call i2 @_ssdm_op_Read.ap_none.volatile.i2P(i2* @i2c_in) nounwind

ST_40: brmerge2 [1/1] 1.37ns
.preheader:1  %brmerge2 = or i1 %p_ignore_2, %terminate_read

ST_40: stg_343 [1/1] 0.00ns
.preheader:2  br i1 %brmerge2, label %.backedge.loopexit83, label %29

ST_40: tmp_54 [1/1] 0.00ns
:0  %tmp_54 = trunc i2 %p_Val2_63 to i1

ST_40: stg_345 [1/1] 0.00ns
:1  br i1 %tmp_54, label %30, label %.preheader

ST_40: stg_346 [1/1] 2.84ns
:0  store i2 %p_Val2_63, i2* @i2c_val, align 1

ST_40: tmp_56 [1/1] 0.00ns
:1  %tmp_56 = shl i8 %reg_data_4, 1

ST_40: reg_data_8 [1/1] 0.00ns
:2  %reg_data_8 = or i8 %tmp_56, 1

ST_40: stg_349 [1/1] 0.00ns
:3  br label %._crit_edge101

ST_40: stg_350 [1/1] 2.84ns
.backedge.loopexit83:0  store i2 %p_Val2_63, i2* @i2c_val, align 1

ST_40: stg_351 [1/1] 1.57ns
.backedge.loopexit83:1  store i8 %reg_data_4, i8* %p_Val2_33

ST_40: stg_352 [1/1] 1.57ns
.backedge.loopexit83:2  store i8 %re_7, i8* %reg_addr_4

ST_40: stg_353 [1/1] 1.57ns
.backedge.loopexit83:3  store i7 %de_2, i7* %dev_addr_2

ST_40: stg_354 [1/1] 0.00ns
.backedge.loopexit83:4  br label %.backedge.backedge


 <State 41>: 2.84ns
ST_41: p_Val2_65 [1/1] 0.00ns
._crit_edge101:0  %p_Val2_65 = call i2 @_ssdm_op_Read.ap_none.volatile.i2P(i2* @i2c_in) nounwind

ST_41: tmp_58 [1/1] 0.00ns (grouped into LUT with out node brmerge3)
._crit_edge101:1  %tmp_58 = call i1 @_ssdm_op_BitSelect.i1.i2.i32(i2 %p_Val2_65, i32 1)

ST_41: tmp_s [1/1] 0.00ns (grouped into LUT with out node brmerge3)
._crit_edge101:2  %tmp_s = xor i1 %tmp_58, true

ST_41: brmerge3 [1/1] 1.37ns (out node of the LUT)
._crit_edge101:3  %brmerge3 = or i1 %pre_i2c_sda_val, %tmp_s

ST_41: stg_359 [1/1] 0.00ns
._crit_edge101:4  br i1 %brmerge3, label %31, label %.backedge.loopexit

ST_41: tmp_59 [1/1] 0.00ns
:0  %tmp_59 = trunc i2 %p_Val2_65 to i1

ST_41: stg_361 [1/1] 0.00ns
:1  br i1 %tmp_59, label %._crit_edge101, label %32

ST_41: stg_362 [1/1] 2.84ns
:0  store i2 %p_Val2_65, i2* @i2c_val, align 1

ST_41: tmp_10 [1/1] 2.33ns
:1  %tmp_10 = icmp ult i4 %bit_cnt_5, 7

ST_41: stg_364 [1/1] 0.00ns
:2  br i1 %tmp_10, label %33, label %._crit_edge102

ST_41: stg_365 [1/1] 0.00ns
:0  call void (...)* @_ssdm_op_Wait(i32 1)

ST_41: tmp_60 [1/1] 0.00ns
:1  %tmp_60 = call i1 @_ssdm_op_BitSelect.i1.i8.i32(i8 %reg_data_8, i32 7)

ST_41: stg_367 [2/2] 0.00ns
:2  call void @_ssdm_op_Write.ap_none.volatile.i1P(i1* @i2c_sda_out, i1 %tmp_60) nounwind

ST_41: stg_368 [1/1] 2.84ns
.backedge.loopexit:0  store i2 %p_Val2_65, i2* @i2c_val, align 1

ST_41: stg_369 [1/1] 1.57ns
.backedge.loopexit:1  store i8 %reg_data_8, i8* %p_Val2_33

ST_41: stg_370 [1/1] 1.57ns
.backedge.loopexit:2  store i8 %re_7, i8* %reg_addr_4

ST_41: stg_371 [1/1] 1.57ns
.backedge.loopexit:3  store i7 %de_2, i7* %dev_addr_2

ST_41: stg_372 [1/1] 0.00ns
.backedge.loopexit:4  br label %.backedge.backedge

ST_41: stg_373 [1/1] 0.00ns
.backedge.backedge:0  br label %.backedge


 <State 42>: 0.00ns
ST_42: stg_374 [1/2] 0.00ns
:2  call void @_ssdm_op_Write.ap_none.volatile.i1P(i1* @i2c_sda_out, i1 %tmp_60) nounwind

ST_42: stg_375 [1/1] 0.00ns
:3  call void (...)* @_ssdm_op_Wait(i32 1)

ST_42: stg_376 [1/1] 0.00ns
:4  br label %._crit_edge102

ST_42: stg_377 [1/1] 0.00ns
._crit_edge102:0  br label %28


 <State 43>: 1.04ns
ST_43: stg_378 [1/2] 0.00ns
_ifconv:1  call void @_ssdm_op_Write.ap_none.volatile.i1P(i1* @i2c_sda_oe, i1 false) nounwind

ST_43: stg_379 [1/1] 0.00ns
_ifconv:2  call void (...)* @_ssdm_op_Wait(i32 1)

ST_43: reg_data_6 [2/2] 1.04ns
_ifconv:3  %reg_data_6 = call fastcc zeroext i8 @i2c_slave_core_read_mem(i8 zeroext %re_7)


 <State 44>: 3.04ns
ST_44: reg_data_6 [1/2] 0.00ns
_ifconv:3  %reg_data_6 = call fastcc zeroext i8 @i2c_slave_core_read_mem(i8 zeroext %re_7)

ST_44: stg_382 [1/1] 0.00ns
_ifconv:4  call void (...)* @_ssdm_op_Wait(i32 1)

ST_44: auto_inc_regad_in_read_2 [1/1] 0.00ns
_ifconv:5  %auto_inc_regad_in_read_2 = call i1 @_ssdm_op_Read.ap_none.volatile.i1P(i1* @auto_inc_regad_in) nounwind

ST_44: reg_addr_3 [1/1] 1.67ns
_ifconv:6  %reg_addr_3 = add i8 %re_7, 1

ST_44: re_7_s [1/1] 0.00ns (grouped into LUT with out node re_8)
_ifconv:7  %re_7_s = select i1 %p_ignore_2, i8 %re_7, i8 %reg_addr_3

ST_44: re_8 [1/1] 1.37ns (out node of the LUT)
_ifconv:8  %re_8 = select i1 %auto_inc_regad_in_read_2, i8 %re_7_s, i8 %re_7

ST_44: stg_387 [1/1] 0.00ns
_ifconv:9  br label %._crit_edge104


 <State 45>: 2.84ns
ST_45: p_Val2_62 [1/1] 0.00ns
._crit_edge104:0  %p_Val2_62 = call i2 @_ssdm_op_Read.ap_none.volatile.i2P(i2* @i2c_in) nounwind

ST_45: tmp_53 [1/1] 0.00ns
._crit_edge104:1  %tmp_53 = trunc i2 %p_Val2_62 to i1

ST_45: stg_390 [1/1] 0.00ns
._crit_edge104:2  br i1 %tmp_53, label %34, label %._crit_edge104

ST_45: stg_391 [1/1] 2.84ns
:0  store i2 %p_Val2_62, i2* @i2c_val, align 1

ST_45: terminate_read_1 [1/1] 0.00ns
:1  %terminate_read_1 = call i1 @_ssdm_op_BitSelect.i1.i2.i32(i2 %p_Val2_62, i32 1)

ST_45: stg_393 [1/1] 0.00ns
:2  br label %._crit_edge105


 <State 46>: 2.84ns
ST_46: p_Val2_64 [1/1] 0.00ns
._crit_edge105:0  %p_Val2_64 = call i2 @_ssdm_op_Read.ap_none.volatile.i2P(i2* @i2c_in) nounwind

ST_46: tmp_57 [1/1] 0.00ns
._crit_edge105:1  %tmp_57 = trunc i2 %p_Val2_64 to i1

ST_46: stg_396 [1/1] 0.00ns
._crit_edge105:2  br i1 %tmp_57, label %._crit_edge105, label %35

ST_46: stg_397 [1/1] 2.84ns
:0  store i2 %p_Val2_64, i2* @i2c_val, align 1

ST_46: empty_6 [1/1] 0.00ns
:1  %empty_6 = call i32 (...)* @_ssdm_op_SpecRegionEnd([12 x i8]* @p_str6, i32 %tmp_3) nounwind

ST_46: stg_399 [1/1] 0.00ns
:2  br label %.preheader31


 <State 47>: 1.57ns
ST_47: bit_cnt_2 [1/1] 0.00ns
.preheader40:0  %bit_cnt_2 = phi i1 [ true, %.preheader40.preheader ], [ false, %23 ], [ false, %22 ]

ST_47: reg_data_1 [1/1] 0.00ns
.preheader40:1  %reg_data_1 = phi i8 [ %reg_data, %.preheader40.preheader ], [ %reg_data_2, %23 ], [ %reg_data_2, %22 ]

ST_47: re_2 [1/1] 0.00ns
.preheader40:2  %re_2 = phi i8 [ %reg_addr_4_load, %.preheader40.preheader ], [ %p_re_2, %23 ], [ %re_2, %22 ]

ST_47: bit_cnt_2_cast [1/1] 0.00ns
.preheader40:3  %bit_cnt_2_cast = zext i1 %bit_cnt_2 to i4

ST_47: stg_404 [1/1] 1.57ns
.preheader40:4  br label %17


 <State 48>: 0.00ns
ST_48: bit_cnt_3 [1/1] 0.00ns
:0  %bit_cnt_3 = phi i4 [ %bit_cnt_2_cast, %.preheader40 ], [ %bit_cnt_8, %20 ]

ST_48: reg_data_2 [1/1] 0.00ns
:1  %reg_data_2 = phi i8 [ %reg_data_1, %.preheader40 ], [ %reg_data_3, %20 ]

ST_48: tmp_32 [1/1] 0.00ns
:2  %tmp_32 = call i1 @_ssdm_op_BitSelect.i1.i4.i32(i4 %bit_cnt_3, i32 3)

ST_48: stg_408 [1/1] 0.00ns
:3  br i1 %tmp_32, label %21, label %.preheader37

ST_48: stg_409 [1/1] 0.00ns
:0  call void (...)* @_ssdm_op_Wait(i32 1)

ST_48: stg_410 [2/2] 0.00ns
:1  call void @_ssdm_op_Write.ap_none.volatile.i1P(i1* @i2c_sda_out, i1 %ignore_0_s) nounwind

ST_48: stg_411 [2/2] 0.00ns
:2  call void @_ssdm_op_Write.ap_none.volatile.i1P(i1* @i2c_sda_oe, i1 %not_ignore_1) nounwind


 <State 49>: 2.84ns
ST_49: p_Val2_50 [1/1] 0.00ns
.preheader37:0  %p_Val2_50 = call i2 @_ssdm_op_Read.ap_none.volatile.i2P(i2* @i2c_in) nounwind

ST_49: tmp_34 [1/1] 0.00ns
.preheader37:1  %tmp_34 = trunc i2 %p_Val2_50 to i1

ST_49: stg_414 [1/1] 0.00ns
.preheader37:2  br i1 %tmp_34, label %18, label %.preheader37

ST_49: stg_415 [1/1] 2.84ns
:0  store i2 %p_Val2_50, i2* @i2c_val, align 1

ST_49: tmp_36 [1/1] 0.00ns
:1  %tmp_36 = call i1 @_ssdm_op_BitSelect.i1.i2.i32(i2 %p_Val2_50, i32 1)

ST_49: tmp_37 [1/1] 0.00ns
:2  %tmp_37 = trunc i8 %reg_data_2 to i7

ST_49: reg_data_3 [1/1] 0.00ns
:3  %reg_data_3 = call i8 @_ssdm_op_BitConcatenate.i8.i7.i1(i7 %tmp_37, i1 %tmp_36)

ST_49: stg_419 [1/1] 1.57ns
:4  br label %._crit_edge92


 <State 50>: 2.84ns
ST_50: p_Val2_52 [1/1] 0.00ns
._crit_edge92:0  %p_Val2_52 = phi i2 [ %p_Val2_53, %19 ], [ %p_Val2_50, %18 ]

ST_50: tmp_38 [1/1] 0.00ns (grouped into LUT with out node brmerge1)
._crit_edge92:1  %tmp_38 = call i1 @_ssdm_op_BitSelect.i1.i2.i32(i2 %p_Val2_52, i32 1)

ST_50: p_Val2_53 [1/1] 0.00ns
._crit_edge92:2  %p_Val2_53 = call i2 @_ssdm_op_Read.ap_none.volatile.i2P(i2* @i2c_in) nounwind

ST_50: tmp_39 [1/1] 0.00ns (grouped into LUT with out node brmerge1)
._crit_edge92:3  %tmp_39 = call i1 @_ssdm_op_BitSelect.i1.i2.i32(i2 %p_Val2_53, i32 1)

ST_50: tmp_6 [1/1] 0.00ns (grouped into LUT with out node brmerge1)
._crit_edge92:4  %tmp_6 = xor i1 %tmp_39, true

ST_50: brmerge1 [1/1] 1.37ns (out node of the LUT)
._crit_edge92:5  %brmerge1 = or i1 %tmp_38, %tmp_6

ST_50: stg_426 [1/1] 0.00ns
._crit_edge92:6  br i1 %brmerge1, label %19, label %.backedge.loopexit84

ST_50: tmp_43 [1/1] 0.00ns
:0  %tmp_43 = trunc i2 %p_Val2_53 to i1

ST_50: stg_428 [1/1] 0.00ns
:1  br i1 %tmp_43, label %._crit_edge92, label %20

ST_50: stg_429 [1/1] 2.84ns
:0  store i2 %p_Val2_53, i2* @i2c_val, align 1

ST_50: bit_cnt_8 [1/1] 0.75ns
:1  %bit_cnt_8 = add i4 %bit_cnt_3, 1

ST_50: stg_431 [1/1] 0.00ns
:2  br label %17

ST_50: stg_432 [1/1] 2.84ns
.backedge.loopexit84:0  store i2 %p_Val2_53, i2* @i2c_val, align 1

ST_50: stg_433 [1/1] 1.57ns
.backedge.loopexit84:1  store i8 %reg_data_3, i8* %p_Val2_33

ST_50: stg_434 [1/1] 1.57ns
.backedge.loopexit84:2  store i8 %re_2, i8* %reg_addr_4

ST_50: stg_435 [1/1] 0.00ns
.backedge.loopexit84:3  br label %.backedge.backedge


 <State 51>: 0.00ns
ST_51: stg_436 [1/2] 0.00ns
:1  call void @_ssdm_op_Write.ap_none.volatile.i1P(i1* @i2c_sda_out, i1 %ignore_0_s) nounwind

ST_51: stg_437 [1/2] 0.00ns
:2  call void @_ssdm_op_Write.ap_none.volatile.i1P(i1* @i2c_sda_oe, i1 %not_ignore_1) nounwind

ST_51: stg_438 [1/1] 0.00ns
:3  call void (...)* @_ssdm_op_Wait(i32 1)

ST_51: stg_439 [1/1] 0.00ns
:4  br label %._crit_edge93


 <State 52>: 2.84ns
ST_52: p_Val2_51 [1/1] 0.00ns
._crit_edge93:0  %p_Val2_51 = call i2 @_ssdm_op_Read.ap_none.volatile.i2P(i2* @i2c_in) nounwind

ST_52: tmp_35 [1/1] 0.00ns
._crit_edge93:1  %tmp_35 = trunc i2 %p_Val2_51 to i1

ST_52: stg_442 [1/1] 0.00ns
._crit_edge93:2  br i1 %tmp_35, label %.preheader35.preheader, label %._crit_edge93

ST_52: stg_443 [1/1] 2.84ns
.preheader35.preheader:0  store i2 %p_Val2_51, i2* @i2c_val, align 1

ST_52: stg_444 [1/1] 0.00ns
.preheader35.preheader:1  br label %.preheader35


 <State 53>: 2.84ns
ST_53: p_Val2_56 [1/1] 0.00ns
.preheader35:0  %p_Val2_56 = call i2 @_ssdm_op_Read.ap_none.volatile.i2P(i2* @i2c_in) nounwind

ST_53: tmp_42 [1/1] 0.00ns
.preheader35:1  %tmp_42 = trunc i2 %p_Val2_56 to i1

ST_53: stg_447 [1/1] 0.00ns
.preheader35:2  br i1 %tmp_42, label %.preheader35, label %22

ST_53: stg_448 [1/1] 2.84ns
:0  store i2 %p_Val2_56, i2* @i2c_val, align 1

ST_53: stg_449 [2/2] 0.00ns
:1  call void @_ssdm_op_Write.ap_none.volatile.i1P(i1* @i2c_sda_oe, i1 false) nounwind


 <State 54>: 0.00ns
ST_54: stg_450 [1/2] 0.00ns
:1  call void @_ssdm_op_Write.ap_none.volatile.i1P(i1* @i2c_sda_oe, i1 false) nounwind

ST_54: stg_451 [1/1] 0.00ns
:2  br i1 %ignore_0_s, label %.preheader40, label %23

ST_54: stg_452 [1/1] 0.00ns
:0  call void (...)* @_ssdm_op_Wait(i32 1)

ST_54: stg_453 [2/2] 0.00ns
:1  call fastcc void @i2c_slave_core_write_mem(i8 zeroext %re_2, i8 zeroext %reg_data_2)


 <State 55>: 3.04ns
ST_55: stg_454 [1/2] 0.00ns
:1  call fastcc void @i2c_slave_core_write_mem(i8 zeroext %re_2, i8 zeroext %reg_data_2)

ST_55: stg_455 [1/1] 0.00ns
:2  call void (...)* @_ssdm_op_Wait(i32 1)

ST_55: auto_inc_regad_in_read [1/1] 0.00ns
:3  %auto_inc_regad_in_read = call i1 @_ssdm_op_Read.ap_none.volatile.i1P(i1* @auto_inc_regad_in) nounwind

ST_55: reg_addr_1 [1/1] 1.67ns
:4  %reg_addr_1 = add i8 %re_2, 1

ST_55: p_re_2 [1/1] 1.37ns
:5  %p_re_2 = select i1 %auto_inc_regad_in_read, i8 %reg_addr_1, i8 %re_2

ST_55: stg_459 [1/1] 0.00ns
:6  br label %.preheader40



============================================================
+ Verbose Summary: Timing violations
============================================================
Target clock period: 10ns, clock uncertainty: 1.25ns.

 No timing violations. 


============================================================
+ Verbose Summary: Binding
============================================================
N/A
* FSMD analyzer results:
  - Output states:
 - Input state : 
  - Chain level:
	State 1
	State 2
	State 3
	State 4
	State 5
	State 6
	State 7
	State 8
	State 9
	State 10
	State 11
	State 12
	State 13
	State 14
	State 15
	State 16
	State 17
	State 18
	State 19
	State 20
	State 21
	State 22
	State 23
	State 24
	State 25
	State 26
	State 27
	State 28
	State 29
	State 30
	State 31
	State 32
	State 33
	State 34
	State 35
	State 36
	State 37
	State 38
	State 39
	State 40
	State 41
	State 42
	State 43
	State 44
	State 45
	State 46
	State 47
	State 48
	State 49
	State 50
	State 51
	State 52
	State 53
	State 54
	State 55


============================================================
+ Verbose Summary: Datapath Resource usage 
============================================================
N/A
