

================================================================
== Vivado HLS Report for 'lcddrv_wait_tmr'
================================================================
* Date:           Fri May 27 17:26:43 2016

* Version:        2016.1 (Build 1538259 on Fri Apr 08 16:12:49 MDT 2016)
* Project:        lcddrv
* Solution:       solution1
* Product family: artix7
* Target device:  xc7a35ticsg324-1l


================================================================
== Performance Estimates
================================================================
+ Timing (ns): 
    * Summary: 
    +--------+-------+----------+------------+
    |  Clock | Target| Estimated| Uncertainty|
    +--------+-------+----------+------------+
    |ap_clk  |  10.00|      2.86|        1.25|
    +--------+-------+----------+------------+

+ Latency (clock cycles): 
    * Summary: 
    +------+----------+------+----------+---------+
    |     Latency     |     Interval    | Pipeline|
    |  min |    max   |  min |    max   |   Type  |
    +------+----------+------+----------+---------+
    |  1002|  10000002|  1002|  10000002|   none  |
    +------+----------+------+----------+---------+

    + Detail: 
        * Instance: 
        N/A

        * Loop: 
        +----------+------+----------+----------+-----------+-----------+-----------------+----------+
        |          |     Latency     | Iteration|  Initiation Interval  |       Trip      |          |
        | Loop Name|  min |    max   |  Latency |  achieved |   target  |      Count      | Pipelined|
        +----------+------+----------+----------+-----------+-----------+-----------------+----------+
        |- Loop 1  |  1000|  10000000|         1|          -|          -| 1000 ~ 10000000 |    no    |
        +----------+------+----------+----------+-----------+-----------+-----------------+----------+



================================================================
== Utilization Estimates
================================================================
* Summary: 
+-----------------+---------+-------+-------+-------+
|       Name      | BRAM_18K| DSP48E|   FF  |  LUT  |
+-----------------+---------+-------+-------+-------+
|DSP              |        -|      -|      -|      -|
|Expression       |        -|      -|      0|     35|
|FIFO             |        -|      -|      -|      -|
|Instance         |        -|      -|      -|      -|
|Memory           |        -|      -|      -|      -|
|Multiplexer      |        -|      -|      -|     26|
|Register         |        -|      -|     27|      -|
+-----------------+---------+-------+-------+-------+
|Total            |        0|      0|     27|     61|
+-----------------+---------+-------+-------+-------+
|Available        |      100|     90|  41600|  20800|
+-----------------+---------+-------+-------+-------+
|Utilization (%)  |        0|      0|   ~0  |   ~0  |
+-----------------+---------+-------+-------+-------+

+ Detail: 
    * Instance: 
    N/A

    * DSP48: 
    N/A

    * Memory: 
    N/A

    * FIFO: 
    N/A

    * Expression: 
    +-------------------+----------+-------+---+----+------------+------------+
    |   Variable Name   | Operation| DSP48E| FF| LUT| Bitwidth P0| Bitwidth P1|
    +-------------------+----------+-------+---+----+------------+------------+
    |t_1_fu_67_p2       |     +    |      0|  0|  24|          24|           1|
    |exitcond_fu_62_p2  |   icmp   |      0|  0|   9|          25|          25|
    |not_s_fu_73_p2     |    xor   |      0|  0|   2|           1|           2|
    +-------------------+----------+-------+---+----+------------+------------+
    |Total              |          |      0|  0|  35|          50|          28|
    +-------------------+----------+-------+---+----+------------+------------+

    * Multiplexer: 
    +-----------------+----+-----------+-----+-----------+
    |       Name      | LUT| Input Size| Bits| Total Bits|
    +-----------------+----+-----------+-----+-----------+
    |ap_NS_fsm        |   1|          4|    1|          4|
    |dummy_tmr_out_o  |   1|          2|    1|          2|
    |t_reg_47         |  24|          2|   24|         48|
    +-----------------+----+-----------+-----+-----------+
    |Total            |  26|          8|   26|         54|
    +-----------------+----+-----------+-----+-----------+

    * Register: 
    +-----------+----+----+-----+-----------+
    |    Name   | FF | LUT| Bits| Const Bits|
    +-----------+----+----+-----+-----------+
    |ap_CS_fsm  |   3|   0|    3|          0|
    |t_reg_47   |  24|   0|   24|          0|
    +-----------+----+----+-----+-----------+
    |Total      |  27|   0|   27|          0|
    +-----------+----+----+-----+-----------+



================================================================
== Interface
================================================================
* Summary: 
+------------------------+-----+-----+------------+-----------------+--------------+
|        RTL Ports       | Dir | Bits|  Protocol  |  Source Object  |    C Type    |
+------------------------+-----+-----+------------+-----------------+--------------+
|ap_clk                  |  in |    1| ap_ctrl_hs | lcddrv_wait_tmr | return value |
|ap_rst                  |  in |    1| ap_ctrl_hs | lcddrv_wait_tmr | return value |
|ap_start                |  in |    1| ap_ctrl_hs | lcddrv_wait_tmr | return value |
|ap_done                 | out |    1| ap_ctrl_hs | lcddrv_wait_tmr | return value |
|ap_idle                 | out |    1| ap_ctrl_hs | lcddrv_wait_tmr | return value |
|ap_ready                | out |    1| ap_ctrl_hs | lcddrv_wait_tmr | return value |
|tmr                     |  in |   25|   ap_none  |       tmr       |    scalar    |
|dummy_tmr_out_i         |  in |    1|   ap_ovld  |  dummy_tmr_out  |    pointer   |
|dummy_tmr_out_o         | out |    1|   ap_ovld  |  dummy_tmr_out  |    pointer   |
|dummy_tmr_out_o_ap_vld  | out |    1|   ap_ovld  |  dummy_tmr_out  |    pointer   |
+------------------------+-----+-----+------------+-----------------+--------------+

============================================================
+ Verbose Summary: Synthesis Manager
============================================================
InlineROM: 1
ExposeGlobal: 0
============================================================
+ Verbose Summary: CDFG Model
============================================================
IsTopModel: 0
ResetActiveHigh: 1
IsCombinational: 2
IsDatapathOnly: 2
HasWiredReturn: 1
HasMFsm: 0
HasVarLatency: 1
IsPipeline: 0
IsRtlPipelined: 0
IsInstanceOverlapped: 0
IsDontTouch: 0
HasImplIP: 0
IsGatedGlobalClock: 0


============================================================
+ Verbose Summary: Schedule
============================================================
* Number of FSM states: 3
* Pipeline: 0
* Dataflow Pipeline: 0

* FSM state transitions: 
1 --> 
	2  / true
2 --> 
	3  / true
3 --> 
	3  / (!exitcond)
* FSM state operations: 

 <State 1>: 1.28ns
ST_1: tmr_read [1/1] 1.28ns
:0  %tmr_read = call i25 @_ssdm_op_Read.ap_auto.i25(i25 %tmr)


 <State 2>: 1.57ns
ST_2: stg_5 [1/1] 0.00ns
:1  call void (...)* @_ssdm_op_Wait(i32 1)

ST_2: stg_6 [1/1] 1.57ns
:2  br label %1


 <State 3>: 2.86ns
ST_3: t [1/1] 0.00ns
:0  %t = phi i24 [ 0, %0 ], [ %t_1, %2 ]

ST_3: t_cast [1/1] 0.00ns
:1  %t_cast = zext i24 %t to i25

ST_3: exitcond [1/1] 2.86ns
:2  %exitcond = icmp eq i25 %t_cast, %tmr_read

ST_3: empty [1/1] 0.00ns
:3  %empty = call i32 (...)* @_ssdm_op_SpecLoopTripCount(i64 1000, i64 10000000, i64 0) nounwind

ST_3: t_1 [1/1] 2.15ns
:4  %t_1 = add i24 %t, 1

ST_3: stg_12 [1/1] 0.00ns
:5  br i1 %exitcond, label %3, label %2

ST_3: dummy_tmr_out_read [1/1] 1.28ns
:0  %dummy_tmr_out_read = call i1 @_ssdm_op_Read.ap_none.volatile.i1P(i1* @dummy_tmr_out)

ST_3: not_s [1/1] 1.37ns
:1  %not_s = xor i1 %dummy_tmr_out_read, true

ST_3: stg_15 [1/1] 0.00ns
:2  call void @_ssdm_op_Write.ap_none.volatile.i1P(i1* @dummy_tmr_out, i1 %not_s)

ST_3: stg_16 [1/1] 0.00ns
:3  br label %1

ST_3: stg_17 [1/1] 0.00ns
:0  call void (...)* @_ssdm_op_Wait(i32 1)

ST_3: stg_18 [1/1] 0.00ns
:1  ret void



============================================================
+ Verbose Summary: Binding
============================================================
STG Binding: 
---------------- STG Properties BEGIN ----------------
- Is combinational: 0
- Is one-state seq: 0
- Is datapath-only: 0
- Is clock enabled: 0
- Is pipelined: 0
- Is top level: 0
Port [ Return ] is wired: 1; IO mode=ap_ctrl_hs:ce=0
Port [ tmr]:  wired=1; compound=0; hidden=0; nouse=0; global=0; static=0; extern=0; dir=0; type=0; pingpong=0; private_global=0; IO mode=ap_none:ce=0
Port [ dummy_tmr_out]:  wired=1; compound=0; hidden=0; nouse=0; global=1; static=0; extern=0; dir=2; type=0; pingpong=0; private_global=0; linkage=0; visibility=0; IO mode=ap_ovld:ce=0
---------------- STG Properties END ------------------

---------------- Datapath Model BEGIN ----------------

<LifeTime>
<method=bitvector/>
tmr_read           (read             ) [ 0011]
stg_5              (wait             ) [ 0000]
stg_6              (br               ) [ 0011]
t                  (phi              ) [ 0001]
t_cast             (zext             ) [ 0000]
exitcond           (icmp             ) [ 0001]
empty              (speclooptripcount) [ 0000]
t_1                (add              ) [ 0011]
stg_12             (br               ) [ 0000]
dummy_tmr_out_read (read             ) [ 0000]
not_s              (xor              ) [ 0000]
stg_15             (write            ) [ 0000]
stg_16             (br               ) [ 0011]
stg_17             (wait             ) [ 0000]
stg_18             (ret              ) [ 0000]
</LifeTime>

<model>

<comp_list>
<comp id="0" class="1000" name="tmr">
<pin_list>
<pin id="1" dir="1" index="0" bw="1" slack="0"/>
</pin_list>
<bind>
<StgValue><ssdm name="tmr"/></StgValue>
</bind>
</comp>

<comp id="2" class="1000" name="dummy_tmr_out">
<pin_list>
<pin id="3" dir="1" index="0" bw="1" slack="0"/>
</pin_list>
<bind>
<StgValue><ssdm name="dummy_tmr_out"/></StgValue>
</bind>
</comp>

<comp id="4" class="1001" name="const_4">
<pin_list>
<pin id="5" dir="1" index="0" bw="1" slack="0"/>
</pin_list>
<bind>
<StgValue><ssdm name="_ssdm_op_Read.ap_auto.i25"/></StgValue>
</bind>
</comp>

<comp id="6" class="1001" name="const_6">
<pin_list>
<pin id="7" dir="1" index="0" bw="1" slack="2147483647"/>
</pin_list>
<bind>
<StgValue><ssdm name="_ssdm_op_Wait"/></StgValue>
</bind>
</comp>

<comp id="8" class="1001" name="const_8">
<pin_list>
<pin id="9" dir="1" index="0" bw="1" slack="2147483647"/>
</pin_list>
<bind>
<StgValue><ssdm name=""/></StgValue>
</bind>
</comp>

<comp id="10" class="1001" name="const_10">
<pin_list>
<pin id="11" dir="1" index="0" bw="1" slack="1"/>
</pin_list>
<bind>
<StgValue><ssdm name=""/></StgValue>
</bind>
</comp>

<comp id="12" class="1001" name="const_12">
<pin_list>
<pin id="13" dir="1" index="0" bw="1" slack="2147483647"/>
</pin_list>
<bind>
<StgValue><ssdm name="_ssdm_op_SpecLoopTripCount"/></StgValue>
</bind>
</comp>

<comp id="14" class="1001" name="const_14">
<pin_list>
<pin id="15" dir="1" index="0" bw="1" slack="2147483647"/>
</pin_list>
<bind>
<StgValue><ssdm name=""/></StgValue>
</bind>
</comp>

<comp id="16" class="1001" name="const_16">
<pin_list>
<pin id="17" dir="1" index="0" bw="1" slack="2147483647"/>
</pin_list>
<bind>
<StgValue><ssdm name=""/></StgValue>
</bind>
</comp>

<comp id="18" class="1001" name="const_18">
<pin_list>
<pin id="19" dir="1" index="0" bw="1" slack="2147483647"/>
</pin_list>
<bind>
<StgValue><ssdm name=""/></StgValue>
</bind>
</comp>

<comp id="20" class="1001" name="const_20">
<pin_list>
<pin id="21" dir="1" index="0" bw="1" slack="0"/>
</pin_list>
<bind>
<StgValue><ssdm name=""/></StgValue>
</bind>
</comp>

<comp id="22" class="1001" name="const_22">
<pin_list>
<pin id="23" dir="1" index="0" bw="1" slack="0"/>
</pin_list>
<bind>
<StgValue><ssdm name="_ssdm_op_Read.ap_none.volatile.i1P"/></StgValue>
</bind>
</comp>

<comp id="24" class="1001" name="const_24">
<pin_list>
<pin id="25" dir="1" index="0" bw="1" slack="0"/>
</pin_list>
<bind>
<StgValue><ssdm name=""/></StgValue>
</bind>
</comp>

<comp id="26" class="1001" name="const_26">
<pin_list>
<pin id="27" dir="1" index="0" bw="1" slack="0"/>
</pin_list>
<bind>
<StgValue><ssdm name="_ssdm_op_Write.ap_none.volatile.i1P"/></StgValue>
</bind>
</comp>

<comp id="28" class="1004" name="tmr_read_read_fu_28">
<pin_list>
<pin id="29" dir="0" index="0" bw="25" slack="0"/>
<pin id="30" dir="0" index="1" bw="25" slack="0"/>
<pin id="31" dir="1" index="2" bw="25" slack="2"/>
</pin_list>
<bind>
<opcode="read(1150) " fcode="read"/>
<opset="tmr_read/1 "/>
</bind>
</comp>

<comp id="34" class="1004" name="dummy_tmr_out_read_read_fu_34">
<pin_list>
<pin id="35" dir="0" index="0" bw="1" slack="0"/>
<pin id="36" dir="0" index="1" bw="1" slack="0"/>
<pin id="37" dir="1" index="2" bw="1" slack="0"/>
</pin_list>
<bind>
<opcode="read(1150) " fcode="read"/>
<opset="dummy_tmr_out_read/3 "/>
</bind>
</comp>

<comp id="40" class="1004" name="stg_15_write_fu_40">
<pin_list>
<pin id="41" dir="0" index="0" bw="0" slack="0"/>
<pin id="42" dir="0" index="1" bw="1" slack="0"/>
<pin id="43" dir="0" index="2" bw="1" slack="0"/>
<pin id="44" dir="1" index="3" bw="0" slack="2147483647"/>
</pin_list>
<bind>
<opcode="write(1151) " fcode="write"/>
<opset="stg_15/3 "/>
</bind>
</comp>

<comp id="47" class="1005" name="t_reg_47">
<pin_list>
<pin id="48" dir="0" index="0" bw="24" slack="1"/>
<pin id="49" dir="1" index="1" bw="24" slack="1"/>
</pin_list>
<bind>
<opset="t (phireg) "/>
</bind>
</comp>

<comp id="51" class="1004" name="t_phi_fu_51">
<pin_list>
<pin id="52" dir="0" index="0" bw="1" slack="1"/>
<pin id="53" dir="0" index="1" bw="0" slack="2147483647"/>
<pin id="54" dir="0" index="2" bw="24" slack="0"/>
<pin id="55" dir="0" index="3" bw="0" slack="2147483647"/>
<pin id="56" dir="1" index="4" bw="24" slack="0"/>
</pin_list>
<bind>
<opcode="phi(47) " fcode="phi"/>
<opset="t/3 "/>
</bind>
</comp>

<comp id="58" class="1004" name="t_cast_fu_58">
<pin_list>
<pin id="59" dir="0" index="0" bw="24" slack="0"/>
<pin id="60" dir="1" index="1" bw="25" slack="0"/>
</pin_list>
<bind>
<opcode="zext(34) " fcode="zext"/>
<opset="t_cast/3 "/>
</bind>
</comp>

<comp id="62" class="1004" name="exitcond_fu_62">
<pin_list>
<pin id="63" dir="0" index="0" bw="25" slack="0"/>
<pin id="64" dir="0" index="1" bw="25" slack="2"/>
<pin id="65" dir="1" index="2" bw="1" slack="2147483647"/>
</pin_list>
<bind>
<opcode="icmp(45) " fcode="icmp"/>
<opset="exitcond/3 "/>
</bind>
</comp>

<comp id="67" class="1004" name="t_1_fu_67">
<pin_list>
<pin id="68" dir="0" index="0" bw="24" slack="0"/>
<pin id="69" dir="0" index="1" bw="1" slack="0"/>
<pin id="70" dir="1" index="2" bw="24" slack="0"/>
</pin_list>
<bind>
<opcode="add(8) " fcode="add"/>
<opset="t_1/3 "/>
</bind>
</comp>

<comp id="73" class="1004" name="not_s_fu_73">
<pin_list>
<pin id="74" dir="0" index="0" bw="1" slack="0"/>
<pin id="75" dir="0" index="1" bw="1" slack="0"/>
<pin id="76" dir="1" index="2" bw="1" slack="0"/>
</pin_list>
<bind>
<opcode="xor(25) " fcode="xor"/>
<opset="not_s/3 "/>
</bind>
</comp>

<comp id="80" class="1005" name="tmr_read_reg_80">
<pin_list>
<pin id="81" dir="0" index="0" bw="25" slack="2"/>
<pin id="82" dir="1" index="1" bw="25" slack="2"/>
</pin_list>
<bind>
<opset="tmr_read "/>
</bind>
</comp>

<comp id="88" class="1005" name="t_1_reg_88">
<pin_list>
<pin id="89" dir="0" index="0" bw="24" slack="0"/>
<pin id="90" dir="1" index="1" bw="24" slack="0"/>
</pin_list>
<bind>
<opset="t_1 "/>
</bind>
</comp>

</comp_list>

<net_list>
<net id="32"><net_src comp="4" pin="0"/><net_sink comp="28" pin=0"/></net>

<net id="33"><net_src comp="0" pin="0"/><net_sink comp="28" pin=1"/></net>

<net id="38"><net_src comp="22" pin="0"/><net_sink comp="34" pin=0"/></net>

<net id="39"><net_src comp="2" pin="0"/><net_sink comp="34" pin=1"/></net>

<net id="45"><net_src comp="26" pin="0"/><net_sink comp="40" pin=0"/></net>

<net id="46"><net_src comp="2" pin="0"/><net_sink comp="40" pin=1"/></net>

<net id="50"><net_src comp="10" pin="0"/><net_sink comp="47" pin=0"/></net>

<net id="57"><net_src comp="47" pin="1"/><net_sink comp="51" pin=0"/></net>

<net id="61"><net_src comp="51" pin="4"/><net_sink comp="58" pin=0"/></net>

<net id="66"><net_src comp="58" pin="1"/><net_sink comp="62" pin=0"/></net>

<net id="71"><net_src comp="51" pin="4"/><net_sink comp="67" pin=0"/></net>

<net id="72"><net_src comp="20" pin="0"/><net_sink comp="67" pin=1"/></net>

<net id="77"><net_src comp="34" pin="2"/><net_sink comp="73" pin=0"/></net>

<net id="78"><net_src comp="24" pin="0"/><net_sink comp="73" pin=1"/></net>

<net id="79"><net_src comp="73" pin="2"/><net_sink comp="40" pin=2"/></net>

<net id="83"><net_src comp="28" pin="2"/><net_sink comp="80" pin=0"/></net>

<net id="84"><net_src comp="80" pin="1"/><net_sink comp="62" pin=1"/></net>

<net id="91"><net_src comp="67" pin="2"/><net_sink comp="88" pin=0"/></net>

<net id="92"><net_src comp="88" pin="1"/><net_sink comp="51" pin=2"/></net>

</net_list>

</model> 
---------------- Datapath Model END ------------------

* FSMD analyzer results:
  - Output states:
	Port: dummy_tmr_out | {3 }
 - Input state : 
	Port: lcddrv_wait_tmr : tmr | {1 }
	Port: lcddrv_wait_tmr : dummy_tmr_out | {3 }
  - Chain level:
	State 1
	State 2
	State 3
		t_cast : 1
		exitcond : 2
		t_1 : 1
		stg_12 : 3


============================================================
+ Verbose Summary: Datapath Resource usage 
============================================================

* Functional unit list:
|----------|-------------------------------|---------|---------|
| Operation|        Functional Unit        |    FF   |   LUT   |
|----------|-------------------------------|---------|---------|
|    add   |           t_1_fu_67           |    0    |    24   |
|----------|-------------------------------|---------|---------|
|   icmp   |         exitcond_fu_62        |    0    |    9    |
|----------|-------------------------------|---------|---------|
|    xor   |          not_s_fu_73          |    0    |    1    |
|----------|-------------------------------|---------|---------|
|   read   |      tmr_read_read_fu_28      |    0    |    0    |
|          | dummy_tmr_out_read_read_fu_34 |    0    |    0    |
|----------|-------------------------------|---------|---------|
|   write  |       stg_15_write_fu_40      |    0    |    0    |
|----------|-------------------------------|---------|---------|
|   zext   |          t_cast_fu_58         |    0    |    0    |
|----------|-------------------------------|---------|---------|
|   Total  |                               |    0    |    34   |
|----------|-------------------------------|---------|---------|

Memories:
N/A

* Register list:
+---------------+--------+
|               |   FF   |
+---------------+--------+
|   t_1_reg_88  |   24   |
|    t_reg_47   |   24   |
|tmr_read_reg_80|   25   |
+---------------+--------+
|     Total     |   73   |
+---------------+--------+

* Multiplexer (MUX) list: 
|--------|------|------|------|--------|
|  Comp  |  Pin | Size |  BW  | S x BW |
|--------|------|------|------|--------|
|  Total |      |      |      |    0   |
|--------|------|------|------|--------|



* Summary:
+-----------+--------+--------+
|           |   FF   |   LUT  |
+-----------+--------+--------+
|  Function |    0   |   34   |
|   Memory  |    -   |    -   |
|Multiplexer|    -   |    -   |
|  Register |   73   |    -   |
+-----------+--------+--------+
|   Total   |   73   |   34   |
+-----------+--------+--------+
