

================================================================
== Vivado HLS Report for 'bno055_uart_uart_send_byte'
================================================================
* Date:           Fri May 27 17:23:06 2016

* Version:        2016.1 (Build 1538259 on Fri Apr 08 16:12:49 MDT 2016)
* Project:        bno055_uart
* Solution:       solution1
* Product family: artix7
* Target device:  xc7a35ticsg324-1l


================================================================
== Performance Estimates
================================================================
+ Timing (ns): 
    * Summary: 
    +--------+-------+----------+------------+
    |  Clock | Target| Estimated| Uncertainty|
    +--------+-------+----------+------------+
    |ap_clk  |  10.00|      2.89|        1.25|
    +--------+-------+----------+------------+

+ Latency (clock cycles): 
    * Summary: 
    +-----+------------+-----+------------+---------+
    |      Latency     |     Interval     | Pipeline|
    | min |     max    | min |     max    |   Type  |
    +-----+------------+-----+------------+---------+
    |   60|  1000000050|   60|  1000000050|   none  |
    +-----+------------+-----+------------+---------+

    + Detail: 
        * Instance: 
        +--------------------------------+----------------------+-----+-----------+-----+-----------+---------+
        |                                |                      |     Latency     |     Interval    | Pipeline|
        |            Instance            |        Module        | min |    max    | min |    max    |   Type  |
        +--------------------------------+----------------------+-----+-----------+-----+-----------+---------+
        |grp_bno055_uart_wait_tmr_fu_71  |bno055_uart_wait_tmr  |    3|  100000002|    3|  100000002|   none  |
        +--------------------------------+----------------------+-----+-----------+-----+-----------+---------+

        * Loop: 
        +----------+-----+-----------+---------------+-----------+-----------+------+----------+
        |          |     Latency     |   Iteration   |  Initiation Interval  | Trip |          |
        | Loop Name| min |    max    |    Latency    |  achieved |   target  | Count| Pipelined|
        +----------+-----+-----------+---------------+-----------+-----------+------+----------+
        |- Loop 1  |   48|  800000040| 6 ~ 100000005 |          -|          -|     8|    no    |
        +----------+-----+-----------+---------------+-----------+-----------+------+----------+



================================================================
== Utilization Estimates
================================================================
* Summary: 
+-----------------+---------+-------+-------+-------+
|       Name      | BRAM_18K| DSP48E|   FF  |  LUT  |
+-----------------+---------+-------+-------+-------+
|DSP              |        -|      -|      -|      -|
|Expression       |        -|      -|      0|      6|
|FIFO             |        -|      -|      -|      -|
|Instance         |        -|      -|     30|     68|
|Memory           |        -|      -|      -|      -|
|Multiplexer      |        -|      -|      -|     19|
|Register         |        -|      -|     33|      -|
+-----------------+---------+-------+-------+-------+
|Total            |        0|      0|     63|     93|
+-----------------+---------+-------+-------+-------+
|Available        |      100|     90|  41600|  20800|
+-----------------+---------+-------+-------+-------+
|Utilization (%)  |        0|      0|   ~0  |   ~0  |
+-----------------+---------+-------+-------+-------+

+ Detail: 
    * Instance: 
    +--------------------------------+----------------------+---------+-------+----+----+
    |            Instance            |        Module        | BRAM_18K| DSP48E| FF | LUT|
    +--------------------------------+----------------------+---------+-------+----+----+
    |grp_bno055_uart_wait_tmr_fu_71  |bno055_uart_wait_tmr  |        0|      0|  30|  68|
    +--------------------------------+----------------------+---------+-------+----+----+
    |Total                           |                      |        0|      0|  30|  68|
    +--------------------------------+----------------------+---------+-------+----+----+

    * DSP48: 
    N/A

    * Memory: 
    N/A

    * FIFO: 
    N/A

    * Expression: 
    +-------------------+----------+-------+---+----+------------+------------+
    |   Variable Name   | Operation| DSP48E| FF| LUT| Bitwidth P0| Bitwidth P1|
    +-------------------+----------+-------+---+----+------------+------------+
    |i_1_fu_85_p2       |     +    |      0|  0|   4|           4|           1|
    |exitcond_fu_79_p2  |   icmp   |      0|  0|   2|           4|           5|
    +-------------------+----------+-------+---+----+------------+------------+
    |Total              |          |      0|  0|   6|           8|           6|
    +-------------------+----------+-------+---+----+------------+------------+

    * Multiplexer: 
    +------------------------+----+-----------+-----+-----------+
    |          Name          | LUT| Input Size| Bits| Total Bits|
    +------------------------+----+-----------+-----+-----------+
    |ap_NS_fsm               |   4|         10|    1|         10|
    |dummy_tmr_out_o         |   1|          2|    1|          2|
    |dummy_tmr_out_o_ap_vld  |   1|          2|    1|          2|
    |i_reg_51                |   4|          2|    4|          8|
    |p_Val2_s_reg_62         |   8|          2|    8|         16|
    |uart_tx                 |   1|          4|    1|          4|
    +------------------------+----+-----------+-----+-----------+
    |Total                   |  19|         22|   16|         42|
    +------------------------+----+-----------+-----+-----------+

    * Register: 
    +------------------------------------------------+---+----+-----+-----------+
    |                      Name                      | FF| LUT| Bits| Const Bits|
    +------------------------------------------------+---+----+-----+-----------+
    |ap_CS_fsm                                       |  9|   0|    9|          0|
    |ap_reg_grp_bno055_uart_wait_tmr_fu_71_ap_start  |  1|   0|    1|          0|
    |i_1_reg_118                                     |  4|   0|    4|          0|
    |i_reg_51                                        |  4|   0|    4|          0|
    |p_Val2_s_reg_62                                 |  8|   0|    8|          0|
    |tmp_reg_123                                     |  7|   0|    8|          1|
    +------------------------------------------------+---+----+-----+-----------+
    |Total                                           | 33|   0|   34|          1|
    +------------------------------------------------+---+----+-----+-----------+



================================================================
== Interface
================================================================
* Summary: 
+------------------------+-----+-----+------------+----------------------------+--------------+
|        RTL Ports       | Dir | Bits|  Protocol  |        Source Object       |    C Type    |
+------------------------+-----+-----+------------+----------------------------+--------------+
|ap_clk                  |  in |    1| ap_ctrl_hs | bno055_uart_uart_send_byte | return value |
|ap_rst                  |  in |    1| ap_ctrl_hs | bno055_uart_uart_send_byte | return value |
|ap_start                |  in |    1| ap_ctrl_hs | bno055_uart_uart_send_byte | return value |
|ap_done                 | out |    1| ap_ctrl_hs | bno055_uart_uart_send_byte | return value |
|ap_idle                 | out |    1| ap_ctrl_hs | bno055_uart_uart_send_byte | return value |
|ap_ready                | out |    1| ap_ctrl_hs | bno055_uart_uart_send_byte | return value |
|data                    |  in |    8|   ap_none  |            data            |    scalar    |
|uart_tx                 | out |    1|   ap_vld   |           uart_tx          |    pointer   |
|uart_tx_ap_vld          | out |    1|   ap_vld   |           uart_tx          |    pointer   |
|dummy_tmr_out_i         |  in |    1|   ap_ovld  |        dummy_tmr_out       |    pointer   |
|dummy_tmr_out_o         | out |    1|   ap_ovld  |        dummy_tmr_out       |    pointer   |
|dummy_tmr_out_o_ap_vld  | out |    1|   ap_ovld  |        dummy_tmr_out       |    pointer   |
+------------------------+-----+-----+------------+----------------------------+--------------+

