

================================================================
== Vivado HLS Report for 'motor_ctrl_wait_tmr'
================================================================
* Date:           Fri May 27 23:00:19 2016

* Version:        2016.1 (Build 1538259 on Fri Apr 08 16:12:49 MDT 2016)
* Project:        motor_ctrl
* Solution:       solution1
* Product family: artix7
* Target device:  xc7a35ticsg324-1l


================================================================
== Performance Estimates
================================================================
+ Timing (ns): 
    * Summary: 
    +--------+-------+----------+------------+
    |  Clock | Target| Estimated| Uncertainty|
    +--------+-------+----------+------------+
    |ap_clk  |  10.00|      2.78|        1.25|
    +--------+-------+----------+------------+

+ Latency (clock cycles): 
    * Summary: 
    +--------+--------+--------+--------+---------+
    |     Latency     |     Interval    | Pipeline|
    |   min  |   max  |   min  |   max  |   Type  |
    +--------+--------+--------+--------+---------+
    |  100001|  100001|  100001|  100001|   none  |
    +--------+--------+--------+--------+---------+

    + Detail: 
        * Instance: 
        N/A

        * Loop: 
        +----------+--------+--------+----------+-----------+-----------+--------+----------+
        |          |     Latency     | Iteration|  Initiation Interval  |  Trip  |          |
        | Loop Name|   min  |   max  |  Latency |  achieved |   target  |  Count | Pipelined|
        +----------+--------+--------+----------+-----------+-----------+--------+----------+
        |- Loop 1  |  100000|  100000|         1|          -|          -|  100000|    no    |
        +----------+--------+--------+----------+-----------+-----------+--------+----------+

============================================================
+ Verbose Summary: Synthesis Manager
============================================================
InlineROM: 1
ExposeGlobal: 0
============================================================
+ Verbose Summary: CDFG Model
============================================================
IsTopModel: 0
ResetActiveHigh: 1
IsCombinational: 0
IsDatapathOnly: 0
HasWiredReturn: 1
HasMFsm: 0
HasVarLatency: 1
IsPipeline: 0
IsRtlPipelined: 0
IsInstanceOverlapped: 0
IsDontTouch: 0
HasImplIP: 0
IsGatedGlobalClock: 0


============================================================
+ Verbose Summary: Schedule
============================================================
* Number of FSM states: 2
* Pipeline: 0
* Dataflow Pipeline: 0

* FSM state transitions: 
1 --> 
	2  / true
2 --> 
	2  / (!exitcond)
* FSM state operations: 

 <State 1>: 1.57ns
ST_1: stg_3 [1/1] 0.00ns
:0  call void (...)* @_ssdm_op_Wait(i32 1)

ST_1: stg_4 [1/1] 1.57ns
:1  br label %1


 <State 2>: 2.78ns
ST_2: t [1/1] 0.00ns
:0  %t = phi i17 [ 0, %0 ], [ %t_1, %2 ]

ST_2: exitcond [1/1] 2.78ns
:1  %exitcond = icmp eq i17 %t, -31072

ST_2: empty [1/1] 0.00ns
:2  %empty = call i32 (...)* @_ssdm_op_SpecLoopTripCount(i64 100000, i64 100000, i64 100000) nounwind

ST_2: t_1 [1/1] 2.03ns
:3  %t_1 = add i17 %t, 1

ST_2: stg_9 [1/1] 0.00ns
:4  br i1 %exitcond, label %3, label %2

ST_2: dummy_tmr_out_read [1/1] 0.00ns
:0  %dummy_tmr_out_read = call i1 @_ssdm_op_Read.ap_none.volatile.i1P(i1* @dummy_tmr_out) nounwind

ST_2: not_s [1/1] 1.37ns
:1  %not_s = xor i1 %dummy_tmr_out_read, true

ST_2: stg_12 [1/1] 0.00ns
:2  call void @_ssdm_op_Write.ap_none.volatile.i1P(i1* @dummy_tmr_out, i1 %not_s) nounwind

ST_2: stg_13 [1/1] 0.00ns
:3  br label %1

ST_2: stg_14 [1/1] 0.00ns
:0  call void (...)* @_ssdm_op_Wait(i32 1)

ST_2: stg_15 [1/1] 0.00ns
:1  ret void



============================================================
+ Verbose Summary: Timing violations
============================================================
Target clock period: 10ns, clock uncertainty: 1.25ns.

 No timing violations. 


============================================================
+ Verbose Summary: Binding
============================================================
N/A
* FSMD analyzer results:
  - Output states:
 - Input state : 
  - Chain level:
	State 1
	State 2


============================================================
+ Verbose Summary: Datapath Resource usage 
============================================================
N/A
