

================================================================
== Vivado HLS Report for 'motor_ctrl_diff_angle'
================================================================
* Date:           Fri May 27 23:00:21 2016

* Version:        2016.1 (Build 1538259 on Fri Apr 08 16:12:49 MDT 2016)
* Project:        motor_ctrl
* Solution:       solution1
* Product family: artix7
* Target device:  xc7a35ticsg324-1l


================================================================
== Performance Estimates
================================================================
+ Timing (ns): 
    * Summary: 
    +--------+-------+----------+------------+
    |  Clock | Target| Estimated| Uncertainty|
    +--------+-------+----------+------------+
    |ap_clk  |  10.00|      8.29|        1.25|
    +--------+-------+----------+------------+

+ Latency (clock cycles): 
    * Summary: 
    +-----+-----+-----+-----+---------+
    |  Latency  |  Interval | Pipeline|
    | min | max | min | max |   Type  |
    +-----+-----+-----+-----+---------+
    |   50|   50|   50|   50|   none  |
    +-----+-----+-----+-----+---------+

    + Detail: 
        * Instance: 
        N/A

        * Loop: 
        N/A



================================================================
== Utilization Estimates
================================================================
* Summary: 
+-----------------+---------+-------+-------+-------+
|       Name      | BRAM_18K| DSP48E|   FF  |  LUT  |
+-----------------+---------+-------+-------+-------+
|DSP              |        -|      -|      -|      -|
|Expression       |        -|      -|      0|    292|
|FIFO             |        -|      -|      -|      -|
|Instance         |        -|      -|    320|    379|
|Memory           |        -|      -|      -|      -|
|Multiplexer      |        -|      -|      -|      2|
|Register         |        -|      -|    195|      -|
+-----------------+---------+-------+-------+-------+
|Total            |        0|      0|    515|    673|
+-----------------+---------+-------+-------+-------+
|Available        |      100|     90|  41600|  20800|
+-----------------+---------+-------+-------+-------+
|Utilization (%)  |        0|      0|      1|      3|
+-----------------+---------+-------+-------+-------+

+ Detail: 
    * Instance: 
    +-----------------------------------------+-------------------------------------+---------+-------+-----+-----+
    |                 Instance                |                Module               | BRAM_18K| DSP48E|  FF | LUT |
    +-----------------------------------------+-------------------------------------+---------+-------+-----+-----+
    |motor_ctrl_urem_19ns_17ns_19_23_seq_U12  |motor_ctrl_urem_19ns_17ns_19_23_seq  |        0|      0|  152|  180|
    |motor_ctrl_urem_21ns_17ns_20_25_seq_U13  |motor_ctrl_urem_21ns_17ns_20_25_seq  |        0|      0|  168|  199|
    +-----------------------------------------+-------------------------------------+---------+-------+-----+-----+
    |Total                                    |                                     |        0|      0|  320|  379|
    +-----------------------------------------+-------------------------------------+---------+-------+-----+-----+

    * DSP48: 
    N/A

    * Memory: 
    N/A

    * FIFO: 
    N/A

    * Expression: 
    +------------------+----------+-------+---+----+------------+------------+
    |   Variable Name  | Operation| DSP48E| FF| LUT| Bitwidth P0| Bitwidth P1|
    +------------------+----------+-------+---+----+------------+------------+
    |ap_return         |     +    |      0|  0|  21|          21|          21|
    |grp_fu_120_p0     |     +    |      0|  0|  19|          19|          19|
    |grp_fu_178_p0     |     +    |      0|  0|  21|          21|          21|
    |tmp1_fu_86_p2     |     +    |      0|  0|  18|          18|          18|
    |tmp2_fu_160_p2    |     +    |      0|  0|  20|          20|          20|
    |tmp_36_fu_50_p2   |     +    |      0|  0|   8|           2|          17|
    |tmp_45_fu_92_p2   |     +    |      0|  0|  17|          16|          17|
    |tmp_37_fu_56_p2   |     -    |      0|  0|   8|          17|          17|
    |tmp_39_fu_80_p2   |     -    |      0|  0|  17|          16|          17|
    |tmp_42_fu_126_p2  |     -    |      0|  0|  19|          19|          19|
    |tmp_43_fu_137_p2  |     -    |      0|  0|  19|          19|          19|
    |tmp_46_fu_102_p2  |     -    |      0|  0|  18|          18|          18|
    |tmp_49_fu_191_p2  |     -    |      0|  0|  20|          20|          20|
    |tmp_s_fu_44_p2    |     -    |      0|  0|  17|          17|          17|
    |tmp_38_fu_62_p2   |   icmp   |      0|  0|   6|          17|          16|
    |tmp_44_fu_142_p2  |   icmp   |      0|  0|   7|          19|          16|
    |smax1_fu_148_p3   |  select  |      0|  0|  19|           1|          19|
    |smax2_fu_68_p3    |  select  |      0|  0|  17|           1|          17|
    +------------------+----------+-------+---+----+------------+------------+
    |Total             |          |      0|  0| 292|         281|         328|
    +------------------+----------+-------+---+----+------------+------------+

    * Multiplexer: 
    +-----------+----+-----------+-----+-----------+
    |    Name   | LUT| Input Size| Bits| Total Bits|
    +-----------+----+-----------+-----+-----------+
    |ap_NS_fsm  |   2|          8|    1|          8|
    +-----------+----+-----------+-----+-----------+
    |Total      |   2|          8|    1|          8|
    +-----------+----+-----------+-----+-----------+

    * Register: 
    +----------------+----+----+-----+-----------+
    |      Name      | FF | LUT| Bits| Const Bits|
    +----------------+----+----+-----+-----------+
    |ap_CS_fsm       |   7|   0|    7|          0|
    |tmp1_reg_215    |  18|   0|   18|          0|
    |tmp2_reg_242    |  20|   0|   20|          0|
    |tmp_39_reg_210  |  17|   0|   17|          0|
    |tmp_40_reg_225  |  19|   0|   19|          0|
    |tmp_42_reg_231  |  19|   0|   19|          0|
    |tmp_43_reg_237  |  19|   0|   19|          0|
    |tmp_46_reg_220  |  18|   0|   18|          0|
    |tmp_47_reg_247  |  21|   0|   21|          0|
    |tmp_49_reg_253  |  20|   0|   20|          0|
    |tmp_s_reg_205   |  17|   0|   17|          0|
    +----------------+----+----+-----+-----------+
    |Total           | 195|   0|  195|          0|
    +----------------+----+----+-----+-----------+



================================================================
== Interface
================================================================
* Summary: 
+-----------+-----+-----+------------+-----------------------+--------------+
| RTL Ports | Dir | Bits|  Protocol  |     Source Object     |    C Type    |
+-----------+-----+-----+------------+-----------------------+--------------+
|ap_clk     |  in |    1| ap_ctrl_hs | motor_ctrl_diff_angle | return value |
|ap_rst     |  in |    1| ap_ctrl_hs | motor_ctrl_diff_angle | return value |
|ap_start   |  in |    1| ap_ctrl_hs | motor_ctrl_diff_angle | return value |
|ap_done    | out |    1| ap_ctrl_hs | motor_ctrl_diff_angle | return value |
|ap_idle    | out |    1| ap_ctrl_hs | motor_ctrl_diff_angle | return value |
|ap_ready   | out |    1| ap_ctrl_hs | motor_ctrl_diff_angle | return value |
|ap_return  | out |   21| ap_ctrl_hs | motor_ctrl_diff_angle | return value |
|target     |  in |   16|   ap_none  |         target        |    scalar    |
|value_r    |  in |   16|   ap_none  |        value_r        |    scalar    |
+-----------+-----+-----+------------+-----------------------+--------------+

