

================================================================
== Vivado HLS Report for 'motor_ctrl'
================================================================
* Date:           Fri May 27 23:00:24 2016

* Version:        2016.1 (Build 1538259 on Fri Apr 08 16:12:49 MDT 2016)
* Project:        motor_ctrl
* Solution:       solution1
* Product family: artix7
* Target device:  xc7a35ticsg324-1l


================================================================
== Performance Estimates
================================================================
+ Timing (ns): 
    * Summary: 
    +--------+-------+----------+------------+
    |  Clock | Target| Estimated| Uncertainty|
    +--------+-------+----------+------------+
    |ap_clk  |  10.00|      8.29|        1.25|
    +--------+-------+----------+------------+

+ Latency (clock cycles): 
    * Summary: 
    +-----+-----+-----+-----+---------+
    |  Latency  |  Interval | Pipeline|
    | min | max | min | max |   Type  |
    +-----+-----+-----+-----+---------+
    |    ?|    ?|    ?|    ?|   none  |
    +-----+-----+-----+-----+---------+

    + Detail: 
        * Instance: 
        +----------------------------------+-----------------------+--------+--------+--------+--------+---------+
        |                                  |                       |     Latency     |     Interval    | Pipeline|
        |             Instance             |         Module        |   min  |   max  |   min  |   max  |   Type  |
        +----------------------------------+-----------------------+--------+--------+--------+--------+---------+
        |grp_motor_ctrl_diff_angle_fu_353  |motor_ctrl_diff_angle  |      50|      50|      50|      50|   none  |
        |grp_motor_ctrl_wait_tmr_fu_359    |motor_ctrl_wait_tmr    |  100001|  100001|  100001|  100001|   none  |
        |grp_motor_ctrl_write_mem_fu_365   |motor_ctrl_write_mem   |       ?|       ?|       ?|       ?|   none  |
        |grp_motor_ctrl_read_mem_fu_406    |motor_ctrl_read_mem    |       ?|       ?|       ?|       ?|   none  |
        |grp_motor_ctrl_bin2char_fu_425    |motor_ctrl_bin2char    |       0|       0|       0|       0|   none  |
        +----------------------------------+-----------------------+--------+--------+--------+--------+---------+

        * Loop: 
        +-------------+-----+-----+----------+-----------+-----------+------+----------+
        |             |  Latency  | Iteration|  Initiation Interval  | Trip |          |
        |  Loop Name  | min | max |  Latency |  achieved |   target  | Count| Pipelined|
        +-------------+-----+-----+----------+-----------+-----------+------+----------+
        |- Loop 1     |    ?|    ?|         ?|          -|          -|    32|    no    |
        |- Loop 2     |    ?|    ?|         ?|          -|          -|  inf |    no    |
        | + Loop 2.1  |    ?|    ?|         ?|          -|          -|     ?|    no    |
        +-------------+-----+-----+----------+-----------+-----------+------+----------+



================================================================
== Utilization Estimates
================================================================
* Summary: 
+-----------------+---------+-------+-------+-------+
|       Name      | BRAM_18K| DSP48E|   FF  |  LUT  |
+-----------------+---------+-------+-------+-------+
|DSP              |        -|      -|      -|      -|
|Expression       |        -|      1|      0|    213|
|FIFO             |        -|      -|      -|      -|
|Instance         |        -|      -|    554|    756|
|Memory           |        -|      -|      -|      -|
|Multiplexer      |        -|      -|      -|    320|
|Register         |        -|      -|    392|      -|
+-----------------+---------+-------+-------+-------+
|Total            |        0|      1|    946|   1289|
+-----------------+---------+-------+-------+-------+
|Available        |      100|     90|  41600|  20800|
+-----------------+---------+-------+-------+-------+
|Utilization (%)  |        0|      1|      2|      6|
+-----------------+---------+-------+-------+-------+

+ Detail: 
    * Instance: 
    +----------------------------------+-----------------------+---------+-------+-----+-----+
    |             Instance             |         Module        | BRAM_18K| DSP48E|  FF | LUT |
    +----------------------------------+-----------------------+---------+-------+-----+-----+
    |grp_motor_ctrl_bin2char_fu_425    |motor_ctrl_bin2char    |        0|      0|    0|   35|
    |grp_motor_ctrl_diff_angle_fu_353  |motor_ctrl_diff_angle  |        0|      0|  515|  673|
    |grp_motor_ctrl_read_mem_fu_406    |motor_ctrl_read_mem    |        0|      0|   14|    2|
    |grp_motor_ctrl_wait_tmr_fu_359    |motor_ctrl_wait_tmr    |        0|      0|   19|   44|
    |grp_motor_ctrl_write_mem_fu_365   |motor_ctrl_write_mem   |        0|      0|    6|    2|
    +----------------------------------+-----------------------+---------+-------+-----+-----+
    |Total                             |                       |        0|      0|  554|  756|
    +----------------------------------+-----------------------+---------+-------+-----+-----+

    * DSP48: 
    N/A

    * Memory: 
    N/A

    * FIFO: 
    N/A

    * Expression: 
    +---------------------------+----------+-------+---+----+------------+------------+
    |       Variable Name       | Operation| DSP48E| FF| LUT| Bitwidth P0| Bitwidth P1|
    +---------------------------+----------+-------+---+----+------------+------------+
    |mul_fu_637_p2              |     *    |      1|  0|   3|           6|           5|
    |i_1_fu_459_p2              |     +    |      0|  0|   6|           6|           1|
    |mtr_pwm_cnt_1_fu_1037_p2   |     +    |      0|  0|  32|          32|           1|
    |ap_sig_767                 |    and   |      0|  0|   1|           1|           1|
    |sel_tmp10_fu_711_p2        |    and   |      0|  0|   1|           1|           1|
    |sel_tmp12_fu_717_p2        |    and   |      0|  0|   1|           1|           1|
    |sel_tmp13_fu_723_p2        |    and   |      0|  0|   1|           1|           1|
    |sel_tmp17_fu_735_p2        |    and   |      0|  0|   1|           1|           1|
    |sel_tmp18_fu_741_p2        |    and   |      0|  0|   1|           1|           1|
    |sel_tmp25_fu_765_p2        |    and   |      0|  0|   1|           1|           1|
    |sel_tmp29_fu_799_p2        |    and   |      0|  0|   1|           1|           1|
    |sel_tmp2_fu_675_p2         |    and   |      0|  0|   1|           1|           1|
    |sel_tmp32_fu_828_p2        |    and   |      0|  0|   1|           1|           1|
    |sel_tmp36_fu_856_p2        |    and   |      0|  0|   1|           1|           1|
    |sel_tmp6_fu_687_p2         |    and   |      0|  0|   1|           1|           1|
    |sel_tmp9_fu_699_p2         |    and   |      0|  0|   1|           1|           1|
    |exitcond_fu_453_p2         |   icmp   |      0|  0|   3|           6|           7|
    |sel_tmp4_fu_681_p2         |   icmp   |      0|  0|   2|           3|           2|
    |sel_tmp56_not_fu_753_p2    |   icmp   |      0|  0|   2|           3|           1|
    |sel_tmp5_fu_705_p2         |   icmp   |      0|  0|   2|           3|           2|
    |sel_tmp8_fu_693_p2         |   icmp   |      0|  0|   2|           3|           3|
    |sel_tmp_fu_669_p2          |   icmp   |      0|  0|   2|           3|           1|
    |tmp_1_fu_472_p2            |   icmp   |      0|  0|   3|           8|           1|
    |tmp_26_fu_613_p2           |   icmp   |      0|  0|   8|          21|           9|
    |tmp_27_fu_618_p2           |   icmp   |      0|  0|   8|          21|           8|
    |tmp_30_fu_1022_p2          |   icmp   |      0|  0|  11|          32|          32|
    |tmp_32_fu_1031_p2          |   icmp   |      0|  0|  11|          32|          32|
    |tmp_33_fu_1048_p2          |   icmp   |      0|  0|  11|          32|           4|
    |brmerge_fu_657_p2          |    or    |      0|  0|   1|           1|           1|
    |not_sel_tmp_fu_759_p2      |    or    |      0|  0|   1|           1|           1|
    |sel_tmp26_fu_771_p2        |    or    |      0|  0|   1|           1|           1|
    |sel_tmp30_fu_805_p2        |    or    |      0|  0|   1|           1|           1|
    |sel_tmp33_fu_834_p2        |    or    |      0|  0|   1|           1|           1|
    |sel_tmp37_fu_862_p2        |    or    |      0|  0|   1|           1|           1|
    |tmp_28_fu_747_p2           |    or    |      0|  0|   1|           1|           1|
    |tmp_fu_949_p2              |    or    |      0|  0|   1|           1|           1|
    |chL_dir_5_fu_876_p3        |  select  |      0|  0|   1|           1|           1|
    |chL_pwm_4_fu_898_p3        |  select  |      0|  0|   4|           1|           1|
    |chL_pwm_8_fu_1011_p3       |  select  |      0|  0|   4|           1|           1|
    |chR_dir_5_fu_819_p3        |  select  |      0|  0|   1|           1|           1|
    |chR_pwm_6_fu_906_p3        |  select  |      0|  0|   4|           1|           4|
    |chR_pwm_8_fu_961_p3        |  select  |      0|  0|   4|           1|           1|
    |p_1_fu_891_p3              |  select  |      0|  0|   4|           1|           4|
    |p_s_fu_884_p3              |  select  |      0|  0|   4|           1|           1|
    |sel_tmp11_fu_935_p3        |  select  |      0|  0|   4|           1|           4|
    |sel_tmp14_fu_942_p3        |  select  |      0|  0|   4|           1|           1|
    |sel_tmp15_fu_953_p3        |  select  |      0|  0|   4|           1|           4|
    |sel_tmp19_fu_968_p3        |  select  |      0|  0|   4|           1|           4|
    |sel_tmp1_fu_928_p3         |  select  |      0|  0|   4|           1|           4|
    |sel_tmp20_fu_975_p3        |  select  |      0|  0|   4|           1|           4|
    |sel_tmp21_fu_982_p3        |  select  |      0|  0|   4|           1|           4|
    |sel_tmp22_fu_989_p3        |  select  |      0|  0|   4|           1|           4|
    |sel_tmp23_fu_996_p3        |  select  |      0|  0|   4|           1|           4|
    |sel_tmp24_fu_1003_p3       |  select  |      0|  0|   4|           1|           4|
    |sel_tmp27_fu_777_p3        |  select  |      0|  0|   1|           1|           1|
    |sel_tmp28_fu_785_p3        |  select  |      0|  0|   1|           1|           1|
    |sel_tmp31_fu_811_p3        |  select  |      0|  0|   1|           1|           1|
    |sel_tmp34_fu_840_p3        |  select  |      0|  0|   1|           1|           1|
    |sel_tmp35_fu_848_p3        |  select  |      0|  0|   1|           1|           1|
    |sel_tmp38_fu_868_p3        |  select  |      0|  0|   1|           1|           1|
    |sel_tmp3_fu_914_p3         |  select  |      0|  0|   4|           1|           4|
    |sel_tmp7_fu_921_p3         |  select  |      0|  0|   4|           1|           4|
    |not_sel_tmp1_fu_793_p2     |    xor   |      0|  0|   2|           1|           2|
    |not_too_right_s_fu_663_p2  |    xor   |      0|  0|   2|           1|           2|
    |sel_tmp16_fu_729_p2        |    xor   |      0|  0|   2|           1|           2|
    +---------------------------+----------+-------+---+----+------------+------------+
    |Total                      |          |      1|  0| 213|         261|         201|
    +---------------------------+----------+-------+---+----+------------+------------+

    * Multiplexer: 
    +--------------------------------------+-----+-----------+-----+-----------+
    |                 Name                 | LUT | Input Size| Bits| Total Bits|
    +--------------------------------------+-----+-----------+-----+-----------+
    |ap_NS_fsm                             |  147|         65|    1|         65|
    |chL_dir_reg_313                       |    1|          2|    1|          2|
    |chR_dir_reg_301                       |    1|          2|    1|          2|
    |dummy_tmr_out_1_vld_in                |    1|          2|    1|          2|
    |grp_motor_ctrl_bin2char_fu_425_val_r  |   12|         15|    4|         60|
    |grp_motor_ctrl_read_mem_fu_406_addr   |    8|          7|    8|         56|
    |grp_motor_ctrl_write_mem_fu_365_addr  |   48|         23|    8|        184|
    |grp_motor_ctrl_write_mem_fu_365_data  |   48|         21|    8|        168|
    |i_reg_290                             |    6|          2|    6|         12|
    |l_dir_1_data_in                       |    1|          3|    1|          3|
    |l_pwm_1_data_in                       |    1|          3|    1|          3|
    |mem_addr_1_data_in                    |    8|          3|    8|         24|
    |mem_addr_1_vld_in                     |    1|          3|    1|          3|
    |mem_dout_1_vld_in                     |    1|          2|    1|          2|
    |mem_rreq_1_vld_in                     |    1|          2|    1|          2|
    |mem_wreq_1_vld_in                     |    1|          2|    1|          2|
    |mtr_pwm_cnt_fu_180                    |   32|          2|   32|         64|
    |r_dir_1_data_in                       |    1|          3|    1|          3|
    |r_pwm_1_data_in                       |    1|          3|    1|          3|
    +--------------------------------------+-----+-----------+-----+-----------+
    |Total                                 |  320|        165|   86|        660|
    +--------------------------------------+-----+-----------+-----+-----------+

    * Register: 
    +--------------------------------------------------+----+----+-----+-----------+
    |                       Name                       | FF | LUT| Bits| Const Bits|
    +--------------------------------------------------+----+----+-----+-----------+
    |ap_CS_fsm                                         |  64|   0|   64|          0|
    |ap_reg_grp_motor_ctrl_diff_angle_fu_353_ap_start  |   1|   0|    1|          0|
    |ap_reg_grp_motor_ctrl_read_mem_fu_406_ap_start    |   1|   0|    1|          0|
    |ap_reg_grp_motor_ctrl_wait_tmr_fu_359_ap_start    |   1|   0|    1|          0|
    |ap_reg_grp_motor_ctrl_write_mem_fu_365_ap_start   |   1|   0|    1|          0|
    |chL_dir_5_reg_1298                                |   1|   0|    1|          0|
    |chL_dir_reg_313                                   |   1|   0|    1|          0|
    |chL_pwm_8_reg_1309                                |   4|   0|    4|          0|
    |chR_dir_5_reg_1292                                |   1|   0|    1|          0|
    |chR_dir_reg_301                                   |   1|   0|    1|          0|
    |chR_pwm_8_reg_1304                                |   4|   0|    4|          0|
    |chR_pwm_cast_reg_1244                             |   4|   0|    4|          0|
    |diff_agl_reg_1145                                 |  21|   0|   21|          0|
    |dummy_tmr_out_0_data_reg                          |   1|   0|    1|          0|
    |dummy_tmr_out_0_vld_reg                           |   0|   0|    1|          1|
    |dummy_tmr_out_1_data_reg                          |   1|   0|    1|          0|
    |dummy_tmr_out_1_vld_reg                           |   0|   0|    1|          1|
    |e_reg_1135                                        |  16|   0|   16|          0|
    |eh_1_reg_1105                                     |   8|   0|    8|          0|
    |eh_reg_1084                                       |   8|   0|    8|          0|
    |el_1_reg_1120                                     |   8|   0|    8|          0|
    |el_reg_1091                                       |   8|   0|    8|          0|
    |et_reg_1097                                       |  16|   0|   16|          0|
    |i_1_reg_1079                                      |   6|   0|    6|          0|
    |i_cast_reg_1071                                   |   6|   0|    8|          2|
    |i_reg_290                                         |   6|   0|    6|          0|
    |l_dir_1_data_reg                                  |   1|   0|    1|          0|
    |l_dir_1_vld_reg                                   |   0|   0|    1|          1|
    |l_pwm_1_data_reg                                  |   1|   0|    1|          0|
    |l_pwm_1_vld_reg                                   |   0|   0|    1|          1|
    |mem_addr_1_data_reg                               |   8|   0|    8|          0|
    |mem_addr_1_vld_reg                                |   0|   0|    1|          1|
    |mem_dout_1_data_reg                               |   8|   0|    8|          0|
    |mem_dout_1_vld_reg                                |   0|   0|    1|          1|
    |mem_rreq_1_data_reg                               |   1|   0|    1|          0|
    |mem_rreq_1_vld_reg                                |   0|   0|    1|          1|
    |mem_wreq_1_data_reg                               |   1|   0|    1|          0|
    |mem_wreq_1_vld_reg                                |   0|   0|    1|          1|
    |mtr_pwm_cnt_fu_180                                |  32|   0|   32|          0|
    |p_trunc115_ext_reg_1171                           |   7|   0|    8|          1|
    |p_trunc116_ext_reg_1176                           |   7|   0|    8|          1|
    |p_trunc117_ext_reg_1181                           |   7|   0|    8|          1|
    |p_trunc118_ext_reg_1186                           |   7|   0|    8|          1|
    |p_trunc119_ext_reg_1196                           |   7|   0|    8|          1|
    |p_trunc120_ext_reg_1201                           |   7|   0|    8|          1|
    |p_trunc121_ext_reg_1211                           |   7|   0|    8|          1|
    |p_trunc122_ext_reg_1216                           |   7|   0|    8|          1|
    |p_trunc123_ext_reg_1221                           |   7|   0|    8|          1|
    |p_trunc124_ext_reg_1226                           |   7|   0|    8|          1|
    |p_trunc125_ext_reg_1231                           |   7|   0|    8|          1|
    |p_trunc127_ext_reg_1326                           |   7|   0|    8|          1|
    |p_trunc129_ext_reg_1331                           |   7|   0|    8|          1|
    |p_trunc_ext_reg_1140                              |   7|   0|    8|          1|
    |r_dir_1_data_reg                                  |   1|   0|    1|          0|
    |r_dir_1_vld_reg                                   |   0|   0|    1|          1|
    |r_pwm_1_data_reg                                  |   1|   0|    1|          0|
    |r_pwm_1_vld_reg                                   |   0|   0|    1|          1|
    |sel_tmp10_reg_1268                                |   1|   0|    1|          0|
    |sel_tmp12_reg_1274                                |   1|   0|    1|          0|
    |sel_tmp13_reg_1279                                |   1|   0|    1|          0|
    |sel_tmp2_reg_1250                                 |   1|   0|    1|          0|
    |sel_tmp6_reg_1256                                 |   1|   0|    1|          0|
    |sel_tmp9_reg_1262                                 |   1|   0|    1|          0|
    |tmp_12_reg_1191                                   |   4|   0|    4|          0|
    |tmp_16_reg_1206                                   |   4|   0|    4|          0|
    |tmp_18_reg_1151                                   |   4|   0|    4|          0|
    |tmp_20_reg_1156                                   |   4|   0|    4|          0|
    |tmp_22_reg_1161                                   |   4|   0|    4|          0|
    |tmp_24_reg_1166                                   |   4|   0|    4|          0|
    |tmp_26_reg_1236                                   |   1|   0|    1|          0|
    |tmp_27_reg_1240                                   |   1|   0|    1|          0|
    |tmp_28_reg_1286                                   |   1|   0|    1|          0|
    |tmp_2_reg_1115                                    |   4|   0|    4|          0|
    |tmp_3_reg_1110                                    |   4|   0|    4|          0|
    |tmp_5_reg_1130                                    |   4|   0|    4|          0|
    |tmp_8_reg_1125                                    |   4|   0|    4|          0|
    |too_left_reg_325                                  |   1|   0|    1|          0|
    |too_right_reg_339                                 |   1|   0|    1|          0|
    +--------------------------------------------------+----+----+-----+-----------+
    |Total                                             | 392|   0|  418|         26|
    +--------------------------------------------------+----+----+-----+-----------+



================================================================
== Interface
================================================================
* Summary: 
+-----------------+-----+-----+------------+---------------+--------------+
|    RTL Ports    | Dir | Bits|  Protocol  | Source Object |    C Type    |
+-----------------+-----+-----+------------+---------------+--------------+
|ap_clk           |  in |    1| ap_ctrl_hs |   motor_ctrl  | return value |
|ap_rst           |  in |    1| ap_ctrl_hs |   motor_ctrl  | return value |
|ap_start         |  in |    1| ap_ctrl_hs |   motor_ctrl  | return value |
|ap_done          | out |    1| ap_ctrl_hs |   motor_ctrl  | return value |
|ap_idle          | out |    1| ap_ctrl_hs |   motor_ctrl  | return value |
|ap_ready         | out |    1| ap_ctrl_hs |   motor_ctrl  | return value |
|dummy_tmr_out_i  |  in |    1|   ap_none  | dummy_tmr_out |    pointer   |
|dummy_tmr_out_o  | out |    1|   ap_none  | dummy_tmr_out |    pointer   |
|l_dir_i          |  in |    1|   ap_none  |     l_dir     |    pointer   |
|l_dir_o          | out |    1|   ap_none  |     l_dir     |    pointer   |
|l_pwm_i          |  in |    1|   ap_none  |     l_pwm     |    pointer   |
|l_pwm_o          | out |    1|   ap_none  |     l_pwm     |    pointer   |
|r_dir_i          |  in |    1|   ap_none  |     r_dir     |    pointer   |
|r_dir_o          | out |    1|   ap_none  |     r_dir     |    pointer   |
|r_pwm_i          |  in |    1|   ap_none  |     r_pwm     |    pointer   |
|r_pwm_o          | out |    1|   ap_none  |     r_pwm     |    pointer   |
|mem_addr_i       |  in |    8|   ap_none  |    mem_addr   |    pointer   |
|mem_addr_o       | out |    8|   ap_none  |    mem_addr   |    pointer   |
|mem_din          |  in |    8|   ap_none  |    mem_din    |    pointer   |
|mem_dout_i       |  in |    8|   ap_none  |    mem_dout   |    pointer   |
|mem_dout_o       | out |    8|   ap_none  |    mem_dout   |    pointer   |
|mem_wreq_i       |  in |    1|   ap_none  |    mem_wreq   |    pointer   |
|mem_wreq_o       | out |    1|   ap_none  |    mem_wreq   |    pointer   |
|mem_wack         |  in |    1|   ap_none  |    mem_wack   |    pointer   |
|mem_rreq_i       |  in |    1|   ap_none  |    mem_rreq   |    pointer   |
|mem_rreq_o       | out |    1|   ap_none  |    mem_rreq   |    pointer   |
|mem_rack         |  in |    1|   ap_none  |    mem_rack   |    pointer   |
+-----------------+-----+-----+------------+---------------+--------------+

