

================================================================
== Vivado HLS Report for 'motor_ctrl_diff_angle'
================================================================
* Date:           Fri May 27 23:00:21 2016

* Version:        2016.1 (Build 1538259 on Fri Apr 08 16:12:49 MDT 2016)
* Project:        motor_ctrl
* Solution:       solution1
* Product family: artix7
* Target device:  xc7a35ticsg324-1l


================================================================
== Performance Estimates
================================================================
+ Timing (ns): 
    * Summary: 
    +--------+-------+----------+------------+
    |  Clock | Target| Estimated| Uncertainty|
    +--------+-------+----------+------------+
    |ap_clk  |  10.00|      8.29|        1.25|
    +--------+-------+----------+------------+

+ Latency (clock cycles): 
    * Summary: 
    +-----+-----+-----+-----+---------+
    |  Latency  |  Interval | Pipeline|
    | min | max | min | max |   Type  |
    +-----+-----+-----+-----+---------+
    |   50|   50|   50|   50|   none  |
    +-----+-----+-----+-----+---------+

    + Detail: 
        * Instance: 
        N/A

        * Loop: 
        N/A



================================================================
== Utilization Estimates
================================================================
* Summary: 
+-----------------+---------+-------+-------+-------+
|       Name      | BRAM_18K| DSP48E|   FF  |  LUT  |
+-----------------+---------+-------+-------+-------+
|DSP              |        -|      -|      -|      -|
|Expression       |        -|      -|      0|    292|
|FIFO             |        -|      -|      -|      -|
|Instance         |        -|      -|    320|    379|
|Memory           |        -|      -|      -|      -|
|Multiplexer      |        -|      -|      -|      2|
|Register         |        -|      -|    195|      -|
+-----------------+---------+-------+-------+-------+
|Total            |        0|      0|    515|    673|
+-----------------+---------+-------+-------+-------+
|Available        |      100|     90|  41600|  20800|
+-----------------+---------+-------+-------+-------+
|Utilization (%)  |        0|      0|      1|      3|
+-----------------+---------+-------+-------+-------+

+ Detail: 
    * Instance: 
    +-----------------------------------------+-------------------------------------+---------+-------+-----+-----+
    |                 Instance                |                Module               | BRAM_18K| DSP48E|  FF | LUT |
    +-----------------------------------------+-------------------------------------+---------+-------+-----+-----+
    |motor_ctrl_urem_19ns_17ns_19_23_seq_U12  |motor_ctrl_urem_19ns_17ns_19_23_seq  |        0|      0|  152|  180|
    |motor_ctrl_urem_21ns_17ns_20_25_seq_U13  |motor_ctrl_urem_21ns_17ns_20_25_seq  |        0|      0|  168|  199|
    +-----------------------------------------+-------------------------------------+---------+-------+-----+-----+
    |Total                                    |                                     |        0|      0|  320|  379|
    +-----------------------------------------+-------------------------------------+---------+-------+-----+-----+

    * DSP48: 
    N/A

    * Memory: 
    N/A

    * FIFO: 
    N/A

    * Expression: 
    +------------------+----------+-------+---+----+------------+------------+
    |   Variable Name  | Operation| DSP48E| FF| LUT| Bitwidth P0| Bitwidth P1|
    +------------------+----------+-------+---+----+------------+------------+
    |ap_return         |     +    |      0|  0|  21|          21|          21|
    |grp_fu_120_p0     |     +    |      0|  0|  19|          19|          19|
    |grp_fu_178_p0     |     +    |      0|  0|  21|          21|          21|
    |tmp1_fu_86_p2     |     +    |      0|  0|  18|          18|          18|
    |tmp2_fu_160_p2    |     +    |      0|  0|  20|          20|          20|
    |tmp_36_fu_50_p2   |     +    |      0|  0|   8|           2|          17|
    |tmp_45_fu_92_p2   |     +    |      0|  0|  17|          16|          17|
    |tmp_37_fu_56_p2   |     -    |      0|  0|   8|          17|          17|
    |tmp_39_fu_80_p2   |     -    |      0|  0|  17|          16|          17|
    |tmp_42_fu_126_p2  |     -    |      0|  0|  19|          19|          19|
    |tmp_43_fu_137_p2  |     -    |      0|  0|  19|          19|          19|
    |tmp_46_fu_102_p2  |     -    |      0|  0|  18|          18|          18|
    |tmp_49_fu_191_p2  |     -    |      0|  0|  20|          20|          20|
    |tmp_s_fu_44_p2    |     -    |      0|  0|  17|          17|          17|
    |tmp_38_fu_62_p2   |   icmp   |      0|  0|   6|          17|          16|
    |tmp_44_fu_142_p2  |   icmp   |      0|  0|   7|          19|          16|
    |smax1_fu_148_p3   |  select  |      0|  0|  19|           1|          19|
    |smax2_fu_68_p3    |  select  |      0|  0|  17|           1|          17|
    +------------------+----------+-------+---+----+------------+------------+
    |Total             |          |      0|  0| 292|         281|         328|
    +------------------+----------+-------+---+----+------------+------------+

    * Multiplexer: 
    +-----------+----+-----------+-----+-----------+
    |    Name   | LUT| Input Size| Bits| Total Bits|
    +-----------+----+-----------+-----+-----------+
    |ap_NS_fsm  |   2|          8|    1|          8|
    +-----------+----+-----------+-----+-----------+
    |Total      |   2|          8|    1|          8|
    +-----------+----+-----------+-----+-----------+

    * Register: 
    +----------------+----+----+-----+-----------+
    |      Name      | FF | LUT| Bits| Const Bits|
    +----------------+----+----+-----+-----------+
    |ap_CS_fsm       |   7|   0|    7|          0|
    |tmp1_reg_215    |  18|   0|   18|          0|
    |tmp2_reg_242    |  20|   0|   20|          0|
    |tmp_39_reg_210  |  17|   0|   17|          0|
    |tmp_40_reg_225  |  19|   0|   19|          0|
    |tmp_42_reg_231  |  19|   0|   19|          0|
    |tmp_43_reg_237  |  19|   0|   19|          0|
    |tmp_46_reg_220  |  18|   0|   18|          0|
    |tmp_47_reg_247  |  21|   0|   21|          0|
    |tmp_49_reg_253  |  20|   0|   20|          0|
    |tmp_s_reg_205   |  17|   0|   17|          0|
    +----------------+----+----+-----+-----------+
    |Total           | 195|   0|  195|          0|
    +----------------+----+----+-----+-----------+



================================================================
== Interface
================================================================
* Summary: 
+-----------+-----+-----+------------+-----------------------+--------------+
| RTL Ports | Dir | Bits|  Protocol  |     Source Object     |    C Type    |
+-----------+-----+-----+------------+-----------------------+--------------+
|ap_clk     |  in |    1| ap_ctrl_hs | motor_ctrl_diff_angle | return value |
|ap_rst     |  in |    1| ap_ctrl_hs | motor_ctrl_diff_angle | return value |
|ap_start   |  in |    1| ap_ctrl_hs | motor_ctrl_diff_angle | return value |
|ap_done    | out |    1| ap_ctrl_hs | motor_ctrl_diff_angle | return value |
|ap_idle    | out |    1| ap_ctrl_hs | motor_ctrl_diff_angle | return value |
|ap_ready   | out |    1| ap_ctrl_hs | motor_ctrl_diff_angle | return value |
|ap_return  | out |   21| ap_ctrl_hs | motor_ctrl_diff_angle | return value |
|target     |  in |   16|   ap_none  |         target        |    scalar    |
|value_r    |  in |   16|   ap_none  |        value_r        |    scalar    |
+-----------+-----+-----+------------+-----------------------+--------------+

============================================================
+ Verbose Summary: Synthesis Manager
============================================================
InlineROM: 1
ExposeGlobal: 0
============================================================
+ Verbose Summary: CDFG Model
============================================================
IsTopModel: 0
ResetActiveHigh: 1
IsCombinational: 2
IsDatapathOnly: 2
HasWiredReturn: 1
HasMFsm: 0
HasVarLatency: 1
IsPipeline: 0
IsRtlPipelined: 0
IsInstanceOverlapped: 0
IsDontTouch: 0
HasImplIP: 0
IsGatedGlobalClock: 0


============================================================
+ Verbose Summary: Schedule
============================================================
* Number of FSM states: 7
* Pipeline: 0
* Dataflow Pipeline: 0

* FSM state transitions: 
1 --> 
	2  / true
2 --> 
	3  / true
3 --> 
	4  / true
4 --> 
	5  / true
5 --> 
	6  / true
6 --> 
	7  / true
7 --> 
* FSM state operations: 

 <State 1>: 8.29ns
ST_1: value_read [1/1] 0.00ns
:0  %value_read = call i16 @_ssdm_op_Read.ap_auto.i16(i16 %value)

ST_1: target_read [1/1] 0.00ns
:1  %target_read = call i16 @_ssdm_op_Read.ap_auto.i16(i16 %target)

ST_1: tmp_cast3 [1/1] 0.00ns
:2  %tmp_cast3 = zext i16 %value_read to i18

ST_1: tmp_cast [1/1] 0.00ns
:3  %tmp_cast = zext i16 %value_read to i17

ST_1: tmp_cast_8 [1/1] 0.00ns
:4  %tmp_cast_8 = zext i16 %target_read to i17

ST_1: tmp_s [1/1] 1.91ns
:5  %tmp_s = sub i17 %tmp_cast, %tmp_cast_8

ST_1: tmp_36 [1/1] 1.74ns
:7  %tmp_36 = add i17 -1, %tmp_cast_8

ST_1: tmp_37 [1/1] 1.74ns
:8  %tmp_37 = sub i17 %tmp_36, %tmp_cast

ST_1: tmp_38 [1/1] 2.78ns
:9  %tmp_38 = icmp sgt i17 %tmp_37, -18001

ST_1: smax2 [1/1] 0.00ns (grouped into LUT with out node tmp1)
:10  %smax2 = select i1 %tmp_38, i17 %tmp_37, i17 -18001

ST_1: smax2_cast [1/1] 0.00ns (grouped into LUT with out node tmp1)
:11  %smax2_cast = sext i17 %smax2 to i18

ST_1: tmp_39 [1/1] 2.03ns
:12  %tmp_39 = sub i17 36000, %tmp_cast_8

ST_1: tmp1 [1/1] 2.03ns (out node of the LUT)
:14  %tmp1 = add i18 %smax2_cast, %tmp_cast3

ST_1: tmp_45 [1/1] 2.03ns
:25  %tmp_45 = add i17 35999, %tmp_cast_8

ST_1: tmp_64_cast [1/1] 0.00ns
:26  %tmp_64_cast = zext i17 %tmp_45 to i18

ST_1: tmp_46 [1/1] 2.03ns
:27  %tmp_46 = sub i18 %tmp_64_cast, %tmp_cast3


 <State 2>: 7.06ns
ST_2: tmp_57_cast_cast [1/1] 0.00ns
:13  %tmp_57_cast_cast = sext i17 %tmp_39 to i19

ST_2: tmp1_cast_cast [1/1] 0.00ns
:15  %tmp1_cast_cast = sext i18 %tmp1 to i19

ST_2: tmp_40 [1/1] 2.03ns
:16  %tmp_40 = add i19 %tmp1_cast_cast, %tmp_57_cast_cast

ST_2: tmp_41 [23/23] 5.03ns
:17  %tmp_41 = urem i19 %tmp_40, 36000


 <State 3>: 7.06ns
ST_3: tmp_41 [1/23] 5.03ns
:17  %tmp_41 = urem i19 %tmp_40, 36000

ST_3: tmp_42 [1/1] 2.03ns
:18  %tmp_42 = sub i19 %tmp_40, %tmp_41


 <State 4>: 6.86ns
ST_4: tmp_53_cast [1/1] 0.00ns
:6  %tmp_53_cast = sext i17 %tmp_s to i19

ST_4: tmp_61_cast [1/1] 0.00ns (grouped into LUT with out node tmp2)
:19  %tmp_61_cast = sext i19 %tmp_42 to i20

ST_4: tmp_43 [1/1] 2.03ns
:20  %tmp_43 = sub i19 %tmp_53_cast, %tmp_42

ST_4: tmp_44 [1/1] 2.80ns
:22  %tmp_44 = icmp sgt i19 %tmp_43, -18000

ST_4: smax1 [1/1] 0.00ns (grouped into LUT with out node tmp2)
:23  %smax1 = select i1 %tmp_44, i19 %tmp_43, i19 -18000

ST_4: smax1_cast [1/1] 0.00ns (grouped into LUT with out node tmp2)
:24  %smax1_cast = sext i19 %smax1 to i20

ST_4: tmp2 [1/1] 2.03ns (out node of the LUT)
:29  %tmp2 = add i20 %tmp_61_cast, %smax1_cast


 <State 5>: 7.21ns
ST_5: tmp_65_cast_cast [1/1] 0.00ns
:28  %tmp_65_cast_cast = sext i18 %tmp_46 to i21

ST_5: tmp2_cast_cast [1/1] 0.00ns
:30  %tmp2_cast_cast = sext i20 %tmp2 to i21

ST_5: tmp_47 [1/1] 2.03ns
:31  %tmp_47 = add i21 %tmp2_cast_cast, %tmp_65_cast_cast

ST_5: tmp_48 [25/25] 5.18ns
:32  %tmp_48 = urem i21 %tmp_47, 36000


 <State 6>: 7.21ns
ST_6: tmp_62_cast [1/1] 0.00ns
:21  %tmp_62_cast = sext i19 %tmp_43 to i20

ST_6: tmp_48 [1/25] 5.18ns
:32  %tmp_48 = urem i21 %tmp_47, 36000

ST_6: tmp [1/1] 0.00ns
:33  %tmp = trunc i21 %tmp_48 to i20

ST_6: tmp_49 [1/1] 2.03ns
:34  %tmp_49 = sub i20 %tmp_62_cast, %tmp


 <State 7>: 2.15ns
ST_7: tmp_69_cast [1/1] 0.00ns
:35  %tmp_69_cast = sext i20 %tmp_49 to i21

ST_7: retval [1/1] 2.15ns
:36  %retval = add i21 %tmp_69_cast, %tmp_47

ST_7: stg_47 [1/1] 0.00ns
:37  ret i21 %retval



============================================================
+ Verbose Summary: Binding
============================================================
STG Binding: 
---------------- STG Properties BEGIN ----------------
- Is combinational: 0
- Is one-state seq: 0
- Is datapath-only: 0
- Is clock enabled: 0
- Is pipelined: 0
- Is top level: 0
Port [ Return ] is wired: 1; IO mode=ap_ctrl_hs:ce=0
Port [ target]:  wired=1; compound=0; hidden=0; nouse=0; global=0; static=0; extern=0; dir=0; type=0; pingpong=0; private_global=0; IO mode=ap_none:ce=0
Port [ value_r]:  wired=1; compound=0; hidden=0; nouse=0; global=0; static=0; extern=0; dir=0; type=0; pingpong=0; private_global=0; IO mode=ap_none:ce=0
---------------- STG Properties END ------------------

---------------- Datapath Model BEGIN ----------------

<LifeTime>
<method=bitvector/>
value_read       (read  ) [ 00000000]
target_read      (read  ) [ 00000000]
tmp_cast3        (zext  ) [ 00000000]
tmp_cast         (zext  ) [ 00000000]
tmp_cast_8       (zext  ) [ 00000000]
tmp_s            (sub   ) [ 00111000]
tmp_36           (add   ) [ 00000000]
tmp_37           (sub   ) [ 00000000]
tmp_38           (icmp  ) [ 00000000]
smax2            (select) [ 00000000]
smax2_cast       (sext  ) [ 00000000]
tmp_39           (sub   ) [ 00100000]
tmp1             (add   ) [ 00100000]
tmp_45           (add   ) [ 00000000]
tmp_64_cast      (zext  ) [ 00000000]
tmp_46           (sub   ) [ 00111100]
tmp_57_cast_cast (sext  ) [ 00000000]
tmp1_cast_cast   (sext  ) [ 00000000]
tmp_40           (add   ) [ 00010000]
tmp_41           (urem  ) [ 00000000]
tmp_42           (sub   ) [ 00001000]
tmp_53_cast      (sext  ) [ 00000000]
tmp_61_cast      (sext  ) [ 00000000]
tmp_43           (sub   ) [ 00000110]
tmp_44           (icmp  ) [ 00000000]
smax1            (select) [ 00000000]
smax1_cast       (sext  ) [ 00000000]
tmp2             (add   ) [ 00000100]
tmp_65_cast_cast (sext  ) [ 00000000]
tmp2_cast_cast   (sext  ) [ 00000000]
tmp_47           (add   ) [ 00000011]
tmp_62_cast      (sext  ) [ 00000000]
tmp_48           (urem  ) [ 00000000]
tmp              (trunc ) [ 00000000]
tmp_49           (sub   ) [ 00000001]
tmp_69_cast      (sext  ) [ 00000000]
retval           (add   ) [ 00000000]
stg_47           (ret   ) [ 00000000]
</LifeTime>

<model>

<comp_list>
<comp id="0" class="1000" name="target">
<pin_list>
<pin id="1" dir="1" index="0" bw="1" slack="0"/>
</pin_list>
<bind>
<StgValue><ssdm name="target"/></StgValue>
</bind>
</comp>

<comp id="2" class="1000" name="value_r">
<pin_list>
<pin id="3" dir="1" index="0" bw="1" slack="0"/>
</pin_list>
<bind>
<StgValue><ssdm name="value_r"/></StgValue>
</bind>
</comp>

<comp id="4" class="1001" name="const_4">
<pin_list>
<pin id="5" dir="1" index="0" bw="1" slack="0"/>
</pin_list>
<bind>
<StgValue><ssdm name="_ssdm_op_Read.ap_auto.i16"/></StgValue>
</bind>
</comp>

<comp id="6" class="1001" name="const_6">
<pin_list>
<pin id="7" dir="1" index="0" bw="1" slack="0"/>
</pin_list>
<bind>
<StgValue><ssdm name=""/></StgValue>
</bind>
</comp>

<comp id="8" class="1001" name="const_8">
<pin_list>
<pin id="9" dir="1" index="0" bw="1" slack="0"/>
</pin_list>
<bind>
<StgValue><ssdm name=""/></StgValue>
</bind>
</comp>

<comp id="10" class="1001" name="const_10">
<pin_list>
<pin id="11" dir="1" index="0" bw="1" slack="0"/>
</pin_list>
<bind>
<StgValue><ssdm name=""/></StgValue>
</bind>
</comp>

<comp id="12" class="1001" name="const_12">
<pin_list>
<pin id="13" dir="1" index="0" bw="1" slack="0"/>
</pin_list>
<bind>
<StgValue><ssdm name=""/></StgValue>
</bind>
</comp>

<comp id="14" class="1001" name="const_14">
<pin_list>
<pin id="15" dir="1" index="0" bw="1" slack="0"/>
</pin_list>
<bind>
<StgValue><ssdm name=""/></StgValue>
</bind>
</comp>

<comp id="16" class="1001" name="const_16">
<pin_list>
<pin id="17" dir="1" index="0" bw="1" slack="0"/>
</pin_list>
<bind>
<StgValue><ssdm name=""/></StgValue>
</bind>
</comp>

<comp id="18" class="1001" name="const_18">
<pin_list>
<pin id="19" dir="1" index="0" bw="1" slack="0"/>
</pin_list>
<bind>
<StgValue><ssdm name=""/></StgValue>
</bind>
</comp>

<comp id="20" class="1004" name="value_read_read_fu_20">
<pin_list>
<pin id="21" dir="0" index="0" bw="16" slack="0"/>
<pin id="22" dir="0" index="1" bw="16" slack="0"/>
<pin id="23" dir="1" index="2" bw="16" slack="0"/>
</pin_list>
<bind>
<opcode="read(1150) " fcode="read"/>
<opset="value_read/1 "/>
</bind>
</comp>

<comp id="26" class="1004" name="target_read_read_fu_26">
<pin_list>
<pin id="27" dir="0" index="0" bw="16" slack="0"/>
<pin id="28" dir="0" index="1" bw="16" slack="0"/>
<pin id="29" dir="1" index="2" bw="16" slack="0"/>
</pin_list>
<bind>
<opcode="read(1150) " fcode="read"/>
<opset="target_read/1 "/>
</bind>
</comp>

<comp id="32" class="1004" name="tmp_cast3_fu_32">
<pin_list>
<pin id="33" dir="0" index="0" bw="16" slack="0"/>
<pin id="34" dir="1" index="1" bw="18" slack="0"/>
</pin_list>
<bind>
<opcode="zext(34) " fcode="zext"/>
<opset="tmp_cast3/1 "/>
</bind>
</comp>

<comp id="36" class="1004" name="tmp_cast_fu_36">
<pin_list>
<pin id="37" dir="0" index="0" bw="16" slack="0"/>
<pin id="38" dir="1" index="1" bw="17" slack="0"/>
</pin_list>
<bind>
<opcode="zext(34) " fcode="zext"/>
<opset="tmp_cast/1 "/>
</bind>
</comp>

<comp id="40" class="1004" name="tmp_cast_8_fu_40">
<pin_list>
<pin id="41" dir="0" index="0" bw="16" slack="0"/>
<pin id="42" dir="1" index="1" bw="17" slack="0"/>
</pin_list>
<bind>
<opcode="zext(34) " fcode="zext"/>
<opset="tmp_cast_8/1 "/>
</bind>
</comp>

<comp id="44" class="1004" name="tmp_s_fu_44">
<pin_list>
<pin id="45" dir="0" index="0" bw="16" slack="0"/>
<pin id="46" dir="0" index="1" bw="16" slack="0"/>
<pin id="47" dir="1" index="2" bw="17" slack="24"/>
</pin_list>
<bind>
<opcode="sub(10) " fcode="sub"/>
<opset="tmp_s/1 "/>
</bind>
</comp>

<comp id="50" class="1004" name="tmp_36_fu_50">
<pin_list>
<pin id="51" dir="0" index="0" bw="1" slack="0"/>
<pin id="52" dir="0" index="1" bw="16" slack="0"/>
<pin id="53" dir="1" index="2" bw="17" slack="0"/>
</pin_list>
<bind>
<opcode="add(8) " fcode="add"/>
<opset="tmp_36/1 "/>
</bind>
</comp>

<comp id="56" class="1004" name="tmp_37_fu_56">
<pin_list>
<pin id="57" dir="0" index="0" bw="17" slack="0"/>
<pin id="58" dir="0" index="1" bw="16" slack="0"/>
<pin id="59" dir="1" index="2" bw="17" slack="0"/>
</pin_list>
<bind>
<opcode="sub(10) " fcode="sub"/>
<opset="tmp_37/1 "/>
</bind>
</comp>

<comp id="62" class="1004" name="tmp_38_fu_62">
<pin_list>
<pin id="63" dir="0" index="0" bw="17" slack="0"/>
<pin id="64" dir="0" index="1" bw="17" slack="0"/>
<pin id="65" dir="1" index="2" bw="1" slack="0"/>
</pin_list>
<bind>
<opcode="icmp(45) " fcode="icmp"/>
<opset="tmp_38/1 "/>
</bind>
</comp>

<comp id="68" class="1004" name="smax2_fu_68">
<pin_list>
<pin id="69" dir="0" index="0" bw="1" slack="0"/>
<pin id="70" dir="0" index="1" bw="17" slack="0"/>
<pin id="71" dir="0" index="2" bw="17" slack="0"/>
<pin id="72" dir="1" index="3" bw="17" slack="0"/>
</pin_list>
<bind>
<opcode="select(49) " fcode="select"/>
<opset="smax2/1 "/>
</bind>
</comp>

<comp id="76" class="1004" name="smax2_cast_fu_76">
<pin_list>
<pin id="77" dir="0" index="0" bw="17" slack="0"/>
<pin id="78" dir="1" index="1" bw="18" slack="0"/>
</pin_list>
<bind>
<opcode="sext(35) " fcode="sext"/>
<opset="smax2_cast/1 "/>
</bind>
</comp>

<comp id="80" class="1004" name="tmp_39_fu_80">
<pin_list>
<pin id="81" dir="0" index="0" bw="17" slack="0"/>
<pin id="82" dir="0" index="1" bw="16" slack="0"/>
<pin id="83" dir="1" index="2" bw="17" slack="1"/>
</pin_list>
<bind>
<opcode="sub(10) " fcode="sub"/>
<opset="tmp_39/1 "/>
</bind>
</comp>

<comp id="86" class="1004" name="tmp1_fu_86">
<pin_list>
<pin id="87" dir="0" index="0" bw="17" slack="0"/>
<pin id="88" dir="0" index="1" bw="16" slack="0"/>
<pin id="89" dir="1" index="2" bw="18" slack="1"/>
</pin_list>
<bind>
<opcode="add(8) " fcode="add"/>
<opset="tmp1/1 "/>
</bind>
</comp>

<comp id="92" class="1004" name="tmp_45_fu_92">
<pin_list>
<pin id="93" dir="0" index="0" bw="17" slack="0"/>
<pin id="94" dir="0" index="1" bw="16" slack="0"/>
<pin id="95" dir="1" index="2" bw="17" slack="0"/>
</pin_list>
<bind>
<opcode="add(8) " fcode="add"/>
<opset="tmp_45/1 "/>
</bind>
</comp>

<comp id="98" class="1004" name="tmp_64_cast_fu_98">
<pin_list>
<pin id="99" dir="0" index="0" bw="17" slack="0"/>
<pin id="100" dir="1" index="1" bw="18" slack="0"/>
</pin_list>
<bind>
<opcode="zext(34) " fcode="zext"/>
<opset="tmp_64_cast/1 "/>
</bind>
</comp>

<comp id="102" class="1004" name="tmp_46_fu_102">
<pin_list>
<pin id="103" dir="0" index="0" bw="17" slack="0"/>
<pin id="104" dir="0" index="1" bw="16" slack="0"/>
<pin id="105" dir="1" index="2" bw="18" slack="25"/>
</pin_list>
<bind>
<opcode="sub(10) " fcode="sub"/>
<opset="tmp_46/1 "/>
</bind>
</comp>

<comp id="108" class="1004" name="tmp_57_cast_cast_fu_108">
<pin_list>
<pin id="109" dir="0" index="0" bw="17" slack="1"/>
<pin id="110" dir="1" index="1" bw="19" slack="0"/>
</pin_list>
<bind>
<opcode="sext(35) " fcode="sext"/>
<opset="tmp_57_cast_cast/2 "/>
</bind>
</comp>

<comp id="111" class="1004" name="tmp1_cast_cast_fu_111">
<pin_list>
<pin id="112" dir="0" index="0" bw="18" slack="1"/>
<pin id="113" dir="1" index="1" bw="19" slack="0"/>
</pin_list>
<bind>
<opcode="sext(35) " fcode="sext"/>
<opset="tmp1_cast_cast/2 "/>
</bind>
</comp>

<comp id="114" class="1004" name="tmp_40_fu_114">
<pin_list>
<pin id="115" dir="0" index="0" bw="18" slack="0"/>
<pin id="116" dir="0" index="1" bw="17" slack="0"/>
<pin id="117" dir="1" index="2" bw="19" slack="0"/>
</pin_list>
<bind>
<opcode="add(8) " fcode="add"/>
<opset="tmp_40/2 "/>
</bind>
</comp>

<comp id="120" class="1004" name="grp_fu_120">
<pin_list>
<pin id="121" dir="0" index="0" bw="19" slack="0"/>
<pin id="122" dir="0" index="1" bw="17" slack="0"/>
<pin id="123" dir="1" index="2" bw="19" slack="0"/>
</pin_list>
<bind>
<opcode="urem(17) " fcode="urem"/>
<opset="tmp_41/2 "/>
</bind>
</comp>

<comp id="126" class="1004" name="tmp_42_fu_126">
<pin_list>
<pin id="127" dir="0" index="0" bw="19" slack="22"/>
<pin id="128" dir="0" index="1" bw="17" slack="0"/>
<pin id="129" dir="1" index="2" bw="19" slack="1"/>
</pin_list>
<bind>
<opcode="sub(10) " fcode="sub"/>
<opset="tmp_42/3 "/>
</bind>
</comp>

<comp id="131" class="1004" name="tmp_53_cast_fu_131">
<pin_list>
<pin id="132" dir="0" index="0" bw="17" slack="24"/>
<pin id="133" dir="1" index="1" bw="19" slack="0"/>
</pin_list>
<bind>
<opcode="sext(35) " fcode="sext"/>
<opset="tmp_53_cast/4 "/>
</bind>
</comp>

<comp id="134" class="1004" name="tmp_61_cast_fu_134">
<pin_list>
<pin id="135" dir="0" index="0" bw="19" slack="1"/>
<pin id="136" dir="1" index="1" bw="20" slack="0"/>
</pin_list>
<bind>
<opcode="sext(35) " fcode="sext"/>
<opset="tmp_61_cast/4 "/>
</bind>
</comp>

<comp id="137" class="1004" name="tmp_43_fu_137">
<pin_list>
<pin id="138" dir="0" index="0" bw="17" slack="0"/>
<pin id="139" dir="0" index="1" bw="19" slack="1"/>
<pin id="140" dir="1" index="2" bw="19" slack="0"/>
</pin_list>
<bind>
<opcode="sub(10) " fcode="sub"/>
<opset="tmp_43/4 "/>
</bind>
</comp>

<comp id="142" class="1004" name="tmp_44_fu_142">
<pin_list>
<pin id="143" dir="0" index="0" bw="19" slack="0"/>
<pin id="144" dir="0" index="1" bw="19" slack="0"/>
<pin id="145" dir="1" index="2" bw="1" slack="0"/>
</pin_list>
<bind>
<opcode="icmp(45) " fcode="icmp"/>
<opset="tmp_44/4 "/>
</bind>
</comp>

<comp id="148" class="1004" name="smax1_fu_148">
<pin_list>
<pin id="149" dir="0" index="0" bw="1" slack="0"/>
<pin id="150" dir="0" index="1" bw="19" slack="0"/>
<pin id="151" dir="0" index="2" bw="19" slack="0"/>
<pin id="152" dir="1" index="3" bw="19" slack="0"/>
</pin_list>
<bind>
<opcode="select(49) " fcode="select"/>
<opset="smax1/4 "/>
</bind>
</comp>

<comp id="156" class="1004" name="smax1_cast_fu_156">
<pin_list>
<pin id="157" dir="0" index="0" bw="19" slack="0"/>
<pin id="158" dir="1" index="1" bw="20" slack="0"/>
</pin_list>
<bind>
<opcode="sext(35) " fcode="sext"/>
<opset="smax1_cast/4 "/>
</bind>
</comp>

<comp id="160" class="1004" name="tmp2_fu_160">
<pin_list>
<pin id="161" dir="0" index="0" bw="19" slack="0"/>
<pin id="162" dir="0" index="1" bw="19" slack="0"/>
<pin id="163" dir="1" index="2" bw="20" slack="1"/>
</pin_list>
<bind>
<opcode="add(8) " fcode="add"/>
<opset="tmp2/4 "/>
</bind>
</comp>

<comp id="166" class="1004" name="tmp_65_cast_cast_fu_166">
<pin_list>
<pin id="167" dir="0" index="0" bw="18" slack="25"/>
<pin id="168" dir="1" index="1" bw="21" slack="0"/>
</pin_list>
<bind>
<opcode="sext(35) " fcode="sext"/>
<opset="tmp_65_cast_cast/5 "/>
</bind>
</comp>

<comp id="169" class="1004" name="tmp2_cast_cast_fu_169">
<pin_list>
<pin id="170" dir="0" index="0" bw="20" slack="1"/>
<pin id="171" dir="1" index="1" bw="21" slack="0"/>
</pin_list>
<bind>
<opcode="sext(35) " fcode="sext"/>
<opset="tmp2_cast_cast/5 "/>
</bind>
</comp>

<comp id="172" class="1004" name="tmp_47_fu_172">
<pin_list>
<pin id="173" dir="0" index="0" bw="20" slack="0"/>
<pin id="174" dir="0" index="1" bw="18" slack="0"/>
<pin id="175" dir="1" index="2" bw="21" slack="0"/>
</pin_list>
<bind>
<opcode="add(8) " fcode="add"/>
<opset="tmp_47/5 "/>
</bind>
</comp>

<comp id="178" class="1004" name="grp_fu_178">
<pin_list>
<pin id="179" dir="0" index="0" bw="21" slack="0"/>
<pin id="180" dir="0" index="1" bw="17" slack="0"/>
<pin id="181" dir="1" index="2" bw="20" slack="0"/>
</pin_list>
<bind>
<opcode="urem(17) " fcode="urem"/>
<opset="tmp_48/5 "/>
</bind>
</comp>

<comp id="184" class="1004" name="tmp_62_cast_fu_184">
<pin_list>
<pin id="185" dir="0" index="0" bw="19" slack="25"/>
<pin id="186" dir="1" index="1" bw="20" slack="0"/>
</pin_list>
<bind>
<opcode="sext(35) " fcode="sext"/>
<opset="tmp_62_cast/6 "/>
</bind>
</comp>

<comp id="187" class="1004" name="tmp_fu_187">
<pin_list>
<pin id="188" dir="0" index="0" bw="17" slack="0"/>
<pin id="189" dir="1" index="1" bw="20" slack="0"/>
</pin_list>
<bind>
<opcode="trunc(33) " fcode="trunc"/>
<opset="tmp/6 "/>
</bind>
</comp>

<comp id="191" class="1004" name="tmp_49_fu_191">
<pin_list>
<pin id="192" dir="0" index="0" bw="19" slack="0"/>
<pin id="193" dir="0" index="1" bw="20" slack="0"/>
<pin id="194" dir="1" index="2" bw="20" slack="1"/>
</pin_list>
<bind>
<opcode="sub(10) " fcode="sub"/>
<opset="tmp_49/6 "/>
</bind>
</comp>

<comp id="197" class="1004" name="tmp_69_cast_fu_197">
<pin_list>
<pin id="198" dir="0" index="0" bw="20" slack="1"/>
<pin id="199" dir="1" index="1" bw="21" slack="0"/>
</pin_list>
<bind>
<opcode="sext(35) " fcode="sext"/>
<opset="tmp_69_cast/7 "/>
</bind>
</comp>

<comp id="200" class="1004" name="retval_fu_200">
<pin_list>
<pin id="201" dir="0" index="0" bw="20" slack="0"/>
<pin id="202" dir="0" index="1" bw="21" slack="25"/>
<pin id="203" dir="1" index="2" bw="21" slack="2147483647"/>
</pin_list>
<bind>
<opcode="add(8) " fcode="add"/>
<opset="retval/7 "/>
</bind>
</comp>

<comp id="205" class="1005" name="tmp_s_reg_205">
<pin_list>
<pin id="206" dir="0" index="0" bw="17" slack="24"/>
<pin id="207" dir="1" index="1" bw="17" slack="24"/>
</pin_list>
<bind>
<opset="tmp_s "/>
</bind>
</comp>

<comp id="210" class="1005" name="tmp_39_reg_210">
<pin_list>
<pin id="211" dir="0" index="0" bw="17" slack="1"/>
<pin id="212" dir="1" index="1" bw="17" slack="1"/>
</pin_list>
<bind>
<opset="tmp_39 "/>
</bind>
</comp>

<comp id="215" class="1005" name="tmp1_reg_215">
<pin_list>
<pin id="216" dir="0" index="0" bw="18" slack="1"/>
<pin id="217" dir="1" index="1" bw="18" slack="1"/>
</pin_list>
<bind>
<opset="tmp1 "/>
</bind>
</comp>

<comp id="220" class="1005" name="tmp_46_reg_220">
<pin_list>
<pin id="221" dir="0" index="0" bw="18" slack="25"/>
<pin id="222" dir="1" index="1" bw="18" slack="25"/>
</pin_list>
<bind>
<opset="tmp_46 "/>
</bind>
</comp>

<comp id="225" class="1005" name="tmp_40_reg_225">
<pin_list>
<pin id="226" dir="0" index="0" bw="19" slack="22"/>
<pin id="227" dir="1" index="1" bw="19" slack="22"/>
</pin_list>
<bind>
<opset="tmp_40 "/>
</bind>
</comp>

<comp id="231" class="1005" name="tmp_42_reg_231">
<pin_list>
<pin id="232" dir="0" index="0" bw="19" slack="1"/>
<pin id="233" dir="1" index="1" bw="19" slack="1"/>
</pin_list>
<bind>
<opset="tmp_42 "/>
</bind>
</comp>

<comp id="237" class="1005" name="tmp_43_reg_237">
<pin_list>
<pin id="238" dir="0" index="0" bw="19" slack="25"/>
<pin id="239" dir="1" index="1" bw="19" slack="25"/>
</pin_list>
<bind>
<opset="tmp_43 "/>
</bind>
</comp>

<comp id="242" class="1005" name="tmp2_reg_242">
<pin_list>
<pin id="243" dir="0" index="0" bw="20" slack="1"/>
<pin id="244" dir="1" index="1" bw="20" slack="1"/>
</pin_list>
<bind>
<opset="tmp2 "/>
</bind>
</comp>

<comp id="247" class="1005" name="tmp_47_reg_247">
<pin_list>
<pin id="248" dir="0" index="0" bw="21" slack="24"/>
<pin id="249" dir="1" index="1" bw="21" slack="24"/>
</pin_list>
<bind>
<opset="tmp_47 "/>
</bind>
</comp>

<comp id="253" class="1005" name="tmp_49_reg_253">
<pin_list>
<pin id="254" dir="0" index="0" bw="20" slack="1"/>
<pin id="255" dir="1" index="1" bw="20" slack="1"/>
</pin_list>
<bind>
<opset="tmp_49 "/>
</bind>
</comp>

</comp_list>

<net_list>
<net id="24"><net_src comp="4" pin="0"/><net_sink comp="20" pin=0"/></net>

<net id="25"><net_src comp="2" pin="0"/><net_sink comp="20" pin=1"/></net>

<net id="30"><net_src comp="4" pin="0"/><net_sink comp="26" pin=0"/></net>

<net id="31"><net_src comp="0" pin="0"/><net_sink comp="26" pin=1"/></net>

<net id="35"><net_src comp="20" pin="2"/><net_sink comp="32" pin=0"/></net>

<net id="39"><net_src comp="20" pin="2"/><net_sink comp="36" pin=0"/></net>

<net id="43"><net_src comp="26" pin="2"/><net_sink comp="40" pin=0"/></net>

<net id="48"><net_src comp="36" pin="1"/><net_sink comp="44" pin=0"/></net>

<net id="49"><net_src comp="40" pin="1"/><net_sink comp="44" pin=1"/></net>

<net id="54"><net_src comp="6" pin="0"/><net_sink comp="50" pin=0"/></net>

<net id="55"><net_src comp="40" pin="1"/><net_sink comp="50" pin=1"/></net>

<net id="60"><net_src comp="50" pin="2"/><net_sink comp="56" pin=0"/></net>

<net id="61"><net_src comp="36" pin="1"/><net_sink comp="56" pin=1"/></net>

<net id="66"><net_src comp="56" pin="2"/><net_sink comp="62" pin=0"/></net>

<net id="67"><net_src comp="8" pin="0"/><net_sink comp="62" pin=1"/></net>

<net id="73"><net_src comp="62" pin="2"/><net_sink comp="68" pin=0"/></net>

<net id="74"><net_src comp="56" pin="2"/><net_sink comp="68" pin=1"/></net>

<net id="75"><net_src comp="8" pin="0"/><net_sink comp="68" pin=2"/></net>

<net id="79"><net_src comp="68" pin="3"/><net_sink comp="76" pin=0"/></net>

<net id="84"><net_src comp="10" pin="0"/><net_sink comp="80" pin=0"/></net>

<net id="85"><net_src comp="40" pin="1"/><net_sink comp="80" pin=1"/></net>

<net id="90"><net_src comp="76" pin="1"/><net_sink comp="86" pin=0"/></net>

<net id="91"><net_src comp="32" pin="1"/><net_sink comp="86" pin=1"/></net>

<net id="96"><net_src comp="12" pin="0"/><net_sink comp="92" pin=0"/></net>

<net id="97"><net_src comp="40" pin="1"/><net_sink comp="92" pin=1"/></net>

<net id="101"><net_src comp="92" pin="2"/><net_sink comp="98" pin=0"/></net>

<net id="106"><net_src comp="98" pin="1"/><net_sink comp="102" pin=0"/></net>

<net id="107"><net_src comp="32" pin="1"/><net_sink comp="102" pin=1"/></net>

<net id="118"><net_src comp="111" pin="1"/><net_sink comp="114" pin=0"/></net>

<net id="119"><net_src comp="108" pin="1"/><net_sink comp="114" pin=1"/></net>

<net id="124"><net_src comp="114" pin="2"/><net_sink comp="120" pin=0"/></net>

<net id="125"><net_src comp="14" pin="0"/><net_sink comp="120" pin=1"/></net>

<net id="130"><net_src comp="120" pin="2"/><net_sink comp="126" pin=1"/></net>

<net id="141"><net_src comp="131" pin="1"/><net_sink comp="137" pin=0"/></net>

<net id="146"><net_src comp="137" pin="2"/><net_sink comp="142" pin=0"/></net>

<net id="147"><net_src comp="16" pin="0"/><net_sink comp="142" pin=1"/></net>

<net id="153"><net_src comp="142" pin="2"/><net_sink comp="148" pin=0"/></net>

<net id="154"><net_src comp="137" pin="2"/><net_sink comp="148" pin=1"/></net>

<net id="155"><net_src comp="16" pin="0"/><net_sink comp="148" pin=2"/></net>

<net id="159"><net_src comp="148" pin="3"/><net_sink comp="156" pin=0"/></net>

<net id="164"><net_src comp="134" pin="1"/><net_sink comp="160" pin=0"/></net>

<net id="165"><net_src comp="156" pin="1"/><net_sink comp="160" pin=1"/></net>

<net id="176"><net_src comp="169" pin="1"/><net_sink comp="172" pin=0"/></net>

<net id="177"><net_src comp="166" pin="1"/><net_sink comp="172" pin=1"/></net>

<net id="182"><net_src comp="172" pin="2"/><net_sink comp="178" pin=0"/></net>

<net id="183"><net_src comp="18" pin="0"/><net_sink comp="178" pin=1"/></net>

<net id="190"><net_src comp="178" pin="2"/><net_sink comp="187" pin=0"/></net>

<net id="195"><net_src comp="184" pin="1"/><net_sink comp="191" pin=0"/></net>

<net id="196"><net_src comp="187" pin="1"/><net_sink comp="191" pin=1"/></net>

<net id="204"><net_src comp="197" pin="1"/><net_sink comp="200" pin=0"/></net>

<net id="208"><net_src comp="44" pin="2"/><net_sink comp="205" pin=0"/></net>

<net id="209"><net_src comp="205" pin="1"/><net_sink comp="131" pin=0"/></net>

<net id="213"><net_src comp="80" pin="2"/><net_sink comp="210" pin=0"/></net>

<net id="214"><net_src comp="210" pin="1"/><net_sink comp="108" pin=0"/></net>

<net id="218"><net_src comp="86" pin="2"/><net_sink comp="215" pin=0"/></net>

<net id="219"><net_src comp="215" pin="1"/><net_sink comp="111" pin=0"/></net>

<net id="223"><net_src comp="102" pin="2"/><net_sink comp="220" pin=0"/></net>

<net id="224"><net_src comp="220" pin="1"/><net_sink comp="166" pin=0"/></net>

<net id="228"><net_src comp="114" pin="2"/><net_sink comp="225" pin=0"/></net>

<net id="229"><net_src comp="225" pin="1"/><net_sink comp="120" pin=0"/></net>

<net id="230"><net_src comp="225" pin="1"/><net_sink comp="126" pin=0"/></net>

<net id="234"><net_src comp="126" pin="2"/><net_sink comp="231" pin=0"/></net>

<net id="235"><net_src comp="231" pin="1"/><net_sink comp="134" pin=0"/></net>

<net id="236"><net_src comp="231" pin="1"/><net_sink comp="137" pin=1"/></net>

<net id="240"><net_src comp="137" pin="2"/><net_sink comp="237" pin=0"/></net>

<net id="241"><net_src comp="237" pin="1"/><net_sink comp="184" pin=0"/></net>

<net id="245"><net_src comp="160" pin="2"/><net_sink comp="242" pin=0"/></net>

<net id="246"><net_src comp="242" pin="1"/><net_sink comp="169" pin=0"/></net>

<net id="250"><net_src comp="172" pin="2"/><net_sink comp="247" pin=0"/></net>

<net id="251"><net_src comp="247" pin="1"/><net_sink comp="178" pin=0"/></net>

<net id="252"><net_src comp="247" pin="1"/><net_sink comp="200" pin=1"/></net>

<net id="256"><net_src comp="191" pin="2"/><net_sink comp="253" pin=0"/></net>

<net id="257"><net_src comp="253" pin="1"/><net_sink comp="197" pin=0"/></net>

</net_list>

</model> 
---------------- Datapath Model END ------------------

* FSMD analyzer results:
  - Output states:
 - Input state : 
	Port: motor_ctrl_diff_angle : target | {1 }
	Port: motor_ctrl_diff_angle : value_r | {1 }
  - Chain level:
	State 1
		tmp_s : 1
		tmp_36 : 1
		tmp_37 : 2
		tmp_38 : 3
		smax2 : 4
		smax2_cast : 5
		tmp_39 : 1
		tmp1 : 6
		tmp_45 : 1
		tmp_64_cast : 2
		tmp_46 : 3
	State 2
		tmp_40 : 1
		tmp_41 : 2
	State 3
		tmp_42 : 1
	State 4
		tmp_43 : 1
		tmp_44 : 2
		smax1 : 3
		smax1_cast : 4
		tmp2 : 5
	State 5
		tmp_47 : 1
		tmp_48 : 2
	State 6
		tmp : 1
		tmp_49 : 2
	State 7
		retval : 1
		stg_47 : 2


============================================================
+ Verbose Summary: Datapath Resource usage 
============================================================

* Functional unit list:
|----------|-------------------------|---------|---------|
| Operation|     Functional Unit     |    FF   |   LUT   |
|----------|-------------------------|---------|---------|
|   urem   |        grp_fu_120       |   152   |   180   |
|          |        grp_fu_178       |   168   |   199   |
|----------|-------------------------|---------|---------|
|          |       tmp_36_fu_50      |    0    |   8.5   |
|          |        tmp1_fu_86       |    0    |    17   |
|          |       tmp_45_fu_92      |    0    |    17   |
|    add   |      tmp_40_fu_114      |    0    |    18   |
|          |       tmp2_fu_160       |    0    |    19   |
|          |      tmp_47_fu_172      |    0    |    20   |
|          |      retval_fu_200      |    0    |    21   |
|----------|-------------------------|---------|---------|
|          |       tmp_s_fu_44       |    0    |    16   |
|          |       tmp_37_fu_56      |    0    |   8.5   |
|          |       tmp_39_fu_80      |    0    |    17   |
|    sub   |      tmp_46_fu_102      |    0    |    17   |
|          |      tmp_42_fu_126      |    0    |    19   |
|          |      tmp_43_fu_137      |    0    |    19   |
|          |      tmp_49_fu_191      |    0    |    20   |
|----------|-------------------------|---------|---------|
|  select  |       smax2_fu_68       |    0    |    17   |
|          |       smax1_fu_148      |    0    |    19   |
|----------|-------------------------|---------|---------|
|   icmp   |       tmp_38_fu_62      |    0    |    6    |
|          |      tmp_44_fu_142      |    0    |    7    |
|----------|-------------------------|---------|---------|
|   read   |  value_read_read_fu_20  |    0    |    0    |
|          |  target_read_read_fu_26 |    0    |    0    |
|----------|-------------------------|---------|---------|
|          |     tmp_cast3_fu_32     |    0    |    0    |
|   zext   |      tmp_cast_fu_36     |    0    |    0    |
|          |     tmp_cast_8_fu_40    |    0    |    0    |
|          |    tmp_64_cast_fu_98    |    0    |    0    |
|----------|-------------------------|---------|---------|
|          |     smax2_cast_fu_76    |    0    |    0    |
|          | tmp_57_cast_cast_fu_108 |    0    |    0    |
|          |  tmp1_cast_cast_fu_111  |    0    |    0    |
|          |    tmp_53_cast_fu_131   |    0    |    0    |
|   sext   |    tmp_61_cast_fu_134   |    0    |    0    |
|          |    smax1_cast_fu_156    |    0    |    0    |
|          | tmp_65_cast_cast_fu_166 |    0    |    0    |
|          |  tmp2_cast_cast_fu_169  |    0    |    0    |
|          |    tmp_62_cast_fu_184   |    0    |    0    |
|          |    tmp_69_cast_fu_197   |    0    |    0    |
|----------|-------------------------|---------|---------|
|   trunc  |        tmp_fu_187       |    0    |    0    |
|----------|-------------------------|---------|---------|
|   Total  |                         |   320   |   665   |
|----------|-------------------------|---------|---------|

Memories:
N/A

* Register list:
+--------------+--------+
|              |   FF   |
+--------------+--------+
| tmp1_reg_215 |   18   |
| tmp2_reg_242 |   20   |
|tmp_39_reg_210|   17   |
|tmp_40_reg_225|   19   |
|tmp_42_reg_231|   19   |
|tmp_43_reg_237|   19   |
|tmp_46_reg_220|   18   |
|tmp_47_reg_247|   21   |
|tmp_49_reg_253|   20   |
| tmp_s_reg_205|   17   |
+--------------+--------+
|     Total    |   188  |
+--------------+--------+

* Multiplexer (MUX) list: 
|------------|------|------|------|--------||---------||---------|
|    Comp    |  Pin | Size |  BW  | S x BW ||  Delay  ||   LUT   |
|------------|------|------|------|--------||---------||---------|
| grp_fu_120 |  p0  |   2  |  19  |   38   ||    19   |
| grp_fu_178 |  p0  |   2  |  21  |   42   ||    21   |
|------------|------|------|------|--------||---------||---------|
|    Total   |      |      |      |   80   ||  3.142  ||    40   |
|------------|------|------|------|--------||---------||---------|



* Summary:
+-----------+--------+--------+--------+
|           |  Delay |   FF   |   LUT  |
+-----------+--------+--------+--------+
|  Function |    -   |   320  |   665  |
|   Memory  |    -   |    -   |    -   |
|Multiplexer|    3   |    -   |   40   |
|  Register |    -   |   188  |    -   |
+-----------+--------+--------+--------+
|   Total   |    3   |   508  |   705  |
+-----------+--------+--------+--------+
