

================================================================
== Vivado HLS Report for 'lcddrv_init_lcd'
================================================================
* Date:           Fri May 27 17:26:43 2016

* Version:        2016.1 (Build 1538259 on Fri Apr 08 16:12:49 MDT 2016)
* Project:        lcddrv
* Solution:       solution1
* Product family: artix7
* Target device:  xc7a35ticsg324-1l


================================================================
== Performance Estimates
================================================================
+ Timing (ns): 
    * Summary: 
    +--------+-------+----------+------------+
    |  Clock | Target| Estimated| Uncertainty|
    +--------+-------+----------+------------+
    |ap_clk  |  10.00|      2.86|        1.25|
    +--------+-------+----------+------------+

+ Latency (clock cycles): 
    * Summary: 
    +-------+-----------+-------+-----------+---------+
    |      Latency      |      Interval     | Pipeline|
    |  min  |    max    |  min  |    max    |   Type  |
    +-------+-----------+-------+-----------+---------+
    |  56247|  560000247|  56247|  560000247|   none  |
    +-------+-----------+-------+-----------+---------+

    + Detail: 
        * Instance: 
        +-------------------------------+---------------------+------+----------+------+----------+---------+
        |                               |                     |     Latency     |     Interval    | Pipeline|
        |            Instance           |        Module       |  min |    max   |  min |    max   |   Type  |
        +-------------------------------+---------------------+------+----------+------+----------+---------+
        |grp_lcddrv_lcd_send_cmd_fu_36  |lcddrv_lcd_send_cmd  |  4016|  40000016|  4016|  40000016|   none  |
        |grp_lcddrv_wait_tmr_fu_57      |lcddrv_wait_tmr      |  1002|  10000002|  1002|  10000002|   none  |
        +-------------------------------+---------------------+------+----------+------+----------+---------+

        * Loop: 
        N/A



================================================================
== Utilization Estimates
================================================================
* Summary: 
+-----------------+---------+-------+-------+-------+
|       Name      | BRAM_18K| DSP48E|   FF  |  LUT  |
+-----------------+---------+-------+-------+-------+
|DSP              |        -|      -|      -|      -|
|Expression       |        -|      -|      -|      -|
|FIFO             |        -|      -|      -|      -|
|Instance         |        -|      -|     64|    129|
|Memory           |        -|      -|      -|      -|
|Multiplexer      |        -|      -|      -|    106|
|Register         |        -|      -|     42|      -|
+-----------------+---------+-------+-------+-------+
|Total            |        0|      0|    106|    235|
+-----------------+---------+-------+-------+-------+
|Available        |      100|     90|  41600|  20800|
+-----------------+---------+-------+-------+-------+
|Utilization (%)  |        0|      0|   ~0  |      1|
+-----------------+---------+-------+-------+-------+

+ Detail: 
    * Instance: 
    +-------------------------------+---------------------+---------+-------+----+----+
    |            Instance           |        Module       | BRAM_18K| DSP48E| FF | LUT|
    +-------------------------------+---------------------+---------+-------+----+----+
    |grp_lcddrv_lcd_send_cmd_fu_36  |lcddrv_lcd_send_cmd  |        0|      0|  37|  68|
    |grp_lcddrv_wait_tmr_fu_57      |lcddrv_wait_tmr      |        0|      0|  27|  61|
    +-------------------------------+---------------------+---------+-------+----+----+
    |Total                          |                     |        0|      0|  64| 129|
    +-------------------------------+---------------------+---------+-------+----+----+

    * DSP48: 
    N/A

    * Memory: 
    N/A

    * FIFO: 
    N/A

    * Expression: 
    N/A

    * Multiplexer: 
    +----------------------------------+----+-----------+-----+-----------+
    |               Name               | LUT| Input Size| Bits| Total Bits|
    +----------------------------------+----+-----------+-----+-----------+
    |ap_NS_fsm                         |  72|         41|    1|         41|
    |data_ap_vld                       |   1|          2|    1|          2|
    |dummy_tmr_out_o                   |   1|          3|    1|          3|
    |dummy_tmr_out_o_ap_vld            |   1|          3|    1|          3|
    |en_ap_vld                         |   1|          2|    1|          2|
    |grp_lcddrv_lcd_send_cmd_fu_36_wd  |   4|          7|    4|         28|
    |grp_lcddrv_wait_tmr_fu_57_tmr     |  25|          6|   25|        150|
    |rs_ap_vld                         |   1|          2|    1|          2|
    +----------------------------------+----+-----------+-----+-----------+
    |Total                             | 106|         66|   35|        231|
    +----------------------------------+----+-----------+-----+-----------+

    * Register: 
    +-----------------------------------------------+----+----+-----+-----------+
    |                      Name                     | FF | LUT| Bits| Const Bits|
    +-----------------------------------------------+----+----+-----+-----------+
    |ap_CS_fsm                                      |  40|   0|   40|          0|
    |ap_reg_grp_lcddrv_lcd_send_cmd_fu_36_ap_start  |   1|   0|    1|          0|
    |ap_reg_grp_lcddrv_wait_tmr_fu_57_ap_start      |   1|   0|    1|          0|
    +-----------------------------------------------+----+----+-----+-----------+
    |Total                                          |  42|   0|   42|          0|
    +-----------------------------------------------+----+----+-----+-----------+



================================================================
== Interface
================================================================
* Summary: 
+------------------------+-----+-----+------------+-----------------+--------------+
|        RTL Ports       | Dir | Bits|  Protocol  |  Source Object  |    C Type    |
+------------------------+-----+-----+------------+-----------------+--------------+
|ap_clk                  |  in |    1| ap_ctrl_hs | lcddrv_init_lcd | return value |
|ap_rst                  |  in |    1| ap_ctrl_hs | lcddrv_init_lcd | return value |
|ap_start                |  in |    1| ap_ctrl_hs | lcddrv_init_lcd | return value |
|ap_done                 | out |    1| ap_ctrl_hs | lcddrv_init_lcd | return value |
|ap_idle                 | out |    1| ap_ctrl_hs | lcddrv_init_lcd | return value |
|ap_ready                | out |    1| ap_ctrl_hs | lcddrv_init_lcd | return value |
|dummy_tmr_out_i         |  in |    1|   ap_ovld  |  dummy_tmr_out  |    pointer   |
|dummy_tmr_out_o         | out |    1|   ap_ovld  |  dummy_tmr_out  |    pointer   |
|dummy_tmr_out_o_ap_vld  | out |    1|   ap_ovld  |  dummy_tmr_out  |    pointer   |
|en                      | out |    1|   ap_vld   |        en       |    pointer   |
|en_ap_vld               | out |    1|   ap_vld   |        en       |    pointer   |
|rs                      | out |    1|   ap_vld   |        rs       |    pointer   |
|rs_ap_vld               | out |    1|   ap_vld   |        rs       |    pointer   |
|data                    | out |    4|   ap_vld   |       data      |    pointer   |
|data_ap_vld             | out |    1|   ap_vld   |       data      |    pointer   |
+------------------------+-----+-----+------------+-----------------+--------------+

