

================================================================
== Vivado HLS Report for 'bno055_uart_uart_receive_byte'
================================================================
* Date:           Fri May 27 17:23:06 2016

* Version:        2016.1 (Build 1538259 on Fri Apr 08 16:12:49 MDT 2016)
* Project:        bno055_uart
* Solution:       solution1
* Product family: artix7
* Target device:  xc7a35ticsg324-1l


================================================================
== Performance Estimates
================================================================
+ Timing (ns): 
    * Summary: 
    +--------+-------+----------+------------+
    |  Clock | Target| Estimated| Uncertainty|
    +--------+-------+----------+------------+
    |ap_clk  |  10.00|      2.89|        1.25|
    +--------+-------+----------+------------+

+ Latency (clock cycles): 
    * Summary: 
    +-----+-----+-----+-----+---------+
    |  Latency  |  Interval | Pipeline|
    | min | max | min | max |   Type  |
    +-----+-----+-----+-----+---------+
    |    ?|    ?|    ?|    ?|   none  |
    +-----+-----+-----+-----+---------+

    + Detail: 
        * Instance: 
        +------------------------------------+--------------------------+-----+-----------+-----+-----------+---------+
        |                                    |                          |     Latency     |     Interval    | Pipeline|
        |              Instance              |          Module          | min |    max    | min |    max    |   Type  |
        +------------------------------------+--------------------------+-----+-----------+-----+-----------+---------+
        |grp_bno055_uart_wait_tmr_fu_85      |bno055_uart_wait_tmr      |    3|  100000002|    3|  100000002|   none  |
        |grp_bno055_uart_read_uart_rx_fu_95  |bno055_uart_read_uart_rx  |    0|          0|    0|          0|   none  |
        +------------------------------------+--------------------------+-----+-----------+-----+-----------+---------+

        * Loop: 
        +----------+-----+------------------+----------------+-----------+-----------+--------------+----------+
        |          |         Latency        |    Iteration   |  Initiation Interval  |     Trip     |          |
        | Loop Name| min |        max       |     Latency    |  achieved |   target  |     Count    | Pipelined|
        +----------+-----+------------------+----------------+-----------+-----------+--------------+----------+
        |- Loop 1  |    ?|                 ?|               1|          -|          -|             ?|    no    |
        |- Loop 2  |    2|  1000000050000002|  2 ~ 100000005 |          -|          -| 1 ~ 10000000 |    no    |
        |- Loop 3  |   88|        1600000072| 11 ~ 200000009 |          -|          -|             8|    no    |
        +----------+-----+------------------+----------------+-----------+-----------+--------------+----------+



================================================================
== Utilization Estimates
================================================================
* Summary: 
+-----------------+---------+-------+-------+-------+
|       Name      | BRAM_18K| DSP48E|   FF  |  LUT  |
+-----------------+---------+-------+-------+-------+
|DSP              |        -|      -|      -|      -|
|Expression       |        -|      -|      0|     41|
|FIFO             |        -|      -|      -|      -|
|Instance         |        -|      -|     30|     68|
|Memory           |        -|      -|      -|      -|
|Multiplexer      |        -|      -|      -|     80|
|Register         |        -|      -|     94|      -|
+-----------------+---------+-------+-------+-------+
|Total            |        0|      0|    124|    189|
+-----------------+---------+-------+-------+-------+
|Available        |      100|     90|  41600|  20800|
+-----------------+---------+-------+-------+-------+
|Utilization (%)  |        0|      0|   ~0  |   ~0  |
+-----------------+---------+-------+-------+-------+

+ Detail: 
    * Instance: 
    +------------------------------------+--------------------------+---------+-------+----+----+
    |              Instance              |          Module          | BRAM_18K| DSP48E| FF | LUT|
    +------------------------------------+--------------------------+---------+-------+----+----+
    |grp_bno055_uart_read_uart_rx_fu_95  |bno055_uart_read_uart_rx  |        0|      0|   0|   0|
    |grp_bno055_uart_wait_tmr_fu_85      |bno055_uart_wait_tmr      |        0|      0|  30|  68|
    +------------------------------------+--------------------------+---------+-------+----+----+
    |Total                               |                          |        0|      0|  30|  68|
    +------------------------------------+--------------------------+---------+-------+----+----+

    * DSP48: 
    N/A

    * Memory: 
    N/A

    * FIFO: 
    N/A

    * Expression: 
    +--------------------+----------+-------+---+----+------------+------------+
    |    Variable Name   | Operation| DSP48E| FF| LUT| Bitwidth P0| Bitwidth P1|
    +--------------------+----------+-------+---+----+------------+------------+
    |i_2_fu_119_p2       |     +    |      0|  0|   4|           4|           1|
    |timer_1_fu_107_p2   |     +    |      0|  0|  24|          24|           1|
    |exitcond_fu_113_p2  |   icmp   |      0|  0|   2|           4|           5|
    |tmp_1_fu_101_p2     |   icmp   |      0|  0|   9|          24|          24|
    |tmp_4_fu_135_p3     |  select  |      0|  0|   2|           1|           2|
    +--------------------+----------+-------+---+----+------------+------------+
    |Total               |          |      0|  0|  41|          57|          33|
    +--------------------+----------+-------+---+----+------------+------------+

    * Multiplexer: 
    +------------------------------------+----+-----------+-----+-----------+
    |                Name                | LUT| Input Size| Bits| Total Bits|
    +------------------------------------+----+-----------+-----+-----------+
    |ap_NS_fsm                           |   6|         13|    1|         13|
    |ap_return                           |   8|          2|    8|         16|
    |data_reg_63                         |   8|          2|    8|         16|
    |dummy_tmr_out_o                     |   1|          2|    1|          2|
    |dummy_tmr_out_o_ap_vld              |   1|          2|    1|          2|
    |grp_bno055_uart_wait_tmr_fu_85_tmr  |  28|          4|   28|        112|
    |i_reg_74                            |   4|          2|    4|          8|
    |timer_reg_52                        |  24|          2|   24|         48|
    +------------------------------------+----+-----------+-----+-----------+
    |Total                               |  80|         29|   75|        217|
    +------------------------------------+----+-----------+-----+-----------+

    * Register: 
    +------------------------------------------------+----+----+-----+-----------+
    |                      Name                      | FF | LUT| Bits| Const Bits|
    +------------------------------------------------+----+----+-----+-----------+
    |ap_CS_fsm                                       |  12|   0|   12|          0|
    |ap_reg_grp_bno055_uart_wait_tmr_fu_85_ap_start  |   1|   0|    1|          0|
    |ap_return_preg                                  |   8|   0|    8|          0|
    |data_1_reg_177                                  |   8|   0|    8|          0|
    |data_reg_63                                     |   8|   0|    8|          0|
    |i_2_reg_172                                     |   4|   0|    4|          0|
    |i_reg_74                                        |   4|   0|    4|          0|
    |timer_1_reg_157                                 |  24|   0|   24|          0|
    |timer_reg_52                                    |  24|   0|   24|          0|
    |tmp_2_reg_162                                   |   1|   0|    1|          0|
    +------------------------------------------------+----+----+-----+-----------+
    |Total                                           |  94|   0|   94|          0|
    +------------------------------------------------+----+----+-----+-----------+



================================================================
== Interface
================================================================
* Summary: 
+------------------------+-----+-----+------------+-------------------------------+--------------+
|        RTL Ports       | Dir | Bits|  Protocol  |         Source Object         |    C Type    |
+------------------------+-----+-----+------------+-------------------------------+--------------+
|ap_clk                  |  in |    1| ap_ctrl_hs | bno055_uart_uart_receive_byte | return value |
|ap_rst                  |  in |    1| ap_ctrl_hs | bno055_uart_uart_receive_byte | return value |
|ap_start                |  in |    1| ap_ctrl_hs | bno055_uart_uart_receive_byte | return value |
|ap_done                 | out |    1| ap_ctrl_hs | bno055_uart_uart_receive_byte | return value |
|ap_idle                 | out |    1| ap_ctrl_hs | bno055_uart_uart_receive_byte | return value |
|ap_ready                | out |    1| ap_ctrl_hs | bno055_uart_uart_receive_byte | return value |
|ap_return               | out |    8| ap_ctrl_hs | bno055_uart_uart_receive_byte | return value |
|uart_rx                 |  in |    1|   ap_none  |            uart_rx            |    pointer   |
|dummy_tmr_out_i         |  in |    1|   ap_ovld  |         dummy_tmr_out         |    pointer   |
|dummy_tmr_out_o         | out |    1|   ap_ovld  |         dummy_tmr_out         |    pointer   |
|dummy_tmr_out_o_ap_vld  | out |    1|   ap_ovld  |         dummy_tmr_out         |    pointer   |
+------------------------+-----+-----+------------+-------------------------------+--------------+

