

================================================================
== Vivado HLS Report for 'bno055_uart_uart_read_reg'
================================================================
* Date:           Fri May 27 17:23:07 2016

* Version:        2016.1 (Build 1538259 on Fri Apr 08 16:12:49 MDT 2016)
* Project:        bno055_uart
* Solution:       solution1
* Product family: artix7
* Target device:  xc7a35ticsg324-1l


================================================================
== Performance Estimates
================================================================
+ Timing (ns): 
    * Summary: 
    +--------+-------+----------+------------+
    |  Clock | Target| Estimated| Uncertainty|
    +--------+-------+----------+------------+
    |ap_clk  |  10.00|      4.04|        1.25|
    +--------+-------+----------+------------+

+ Latency (clock cycles): 
    * Summary: 
    +-----+-----+-----+-----+---------+
    |  Latency  |  Interval | Pipeline|
    | min | max | min | max |   Type  |
    +-----+-----+-----+-----+---------+
    |    ?|    ?|    ?|    ?|   none  |
    +-----+-----+-----+-----+---------+

    + Detail: 
        * Instance: 
        +-----------------------------------------+-------------------------------+-----+------------+-----+------------+---------+
        |                                         |                               |      Latency     |     Interval     | Pipeline|
        |                 Instance                |             Module            | min |     max    | min |     max    |   Type  |
        +-----------------------------------------+-------------------------------+-----+------------+-----+------------+---------+
        |grp_bno055_uart_uart_receive_byte_fu_47  |bno055_uart_uart_receive_byte  |    ?|           ?|    ?|           ?|   none  |
        |grp_bno055_uart_uart_send_byte_fu_56     |bno055_uart_uart_send_byte     |   60|  1000000050|   60|  1000000050|   none  |
        |grp_bno055_uart_wait_tmr_fu_68           |bno055_uart_wait_tmr           |    3|   100000002|    3|   100000002|   none  |
        +-----------------------------------------+-------------------------------+-----+------------+-----+------------+---------+

        * Loop: 
        N/A



================================================================
== Utilization Estimates
================================================================
* Summary: 
+-----------------+---------+-------+-------+-------+
|       Name      | BRAM_18K| DSP48E|   FF  |  LUT  |
+-----------------+---------+-------+-------+-------+
|DSP              |        -|      -|      -|      -|
|Expression       |        -|      -|      0|      6|
|FIFO             |        -|      -|      -|      -|
|Instance         |        -|      -|    217|    350|
|Memory           |        -|      -|      -|      -|
|Multiplexer      |        -|      -|      -|     42|
|Register         |        -|      -|     38|      -|
+-----------------+---------+-------+-------+-------+
|Total            |        0|      0|    255|    398|
+-----------------+---------+-------+-------+-------+
|Available        |      100|     90|  41600|  20800|
+-----------------+---------+-------+-------+-------+
|Utilization (%)  |        0|      0|   ~0  |      1|
+-----------------+---------+-------+-------+-------+

+ Detail: 
    * Instance: 
    +-----------------------------------------+-------------------------------+---------+-------+-----+-----+
    |                 Instance                |             Module            | BRAM_18K| DSP48E|  FF | LUT |
    +-----------------------------------------+-------------------------------+---------+-------+-----+-----+
    |grp_bno055_uart_uart_receive_byte_fu_47  |bno055_uart_uart_receive_byte  |        0|      0|  124|  189|
    |grp_bno055_uart_uart_send_byte_fu_56     |bno055_uart_uart_send_byte     |        0|      0|   63|   93|
    |grp_bno055_uart_wait_tmr_fu_68           |bno055_uart_wait_tmr           |        0|      0|   30|   68|
    +-----------------------------------------+-------------------------------+---------+-------+-----+-----+
    |Total                                    |                               |        0|      0|  217|  350|
    +-----------------------------------------+-------------------------------+---------+-------+-----+-----+

    * DSP48: 
    N/A

    * Memory: 
    N/A

    * FIFO: 
    N/A

    * Expression: 
    +----------------+----------+-------+---+----+------------+------------+
    |  Variable Name | Operation| DSP48E| FF| LUT| Bitwidth P0| Bitwidth P1|
    +----------------+----------+-------+---+----+------------+------------+
    |tmp_fu_76_p2    |   icmp   |      0|  0|   3|           8|           8|
    |tmp_s_fu_82_p2  |   icmp   |      0|  0|   3|           8|           6|
    +----------------+----------+-------+---+----+------------+------------+
    |Total           |          |      0|  0|   6|          16|          14|
    +----------------+----------+-------+---+----+------------+------------+

    * Multiplexer: 
    +-------------------------------------------+----+-----------+-----+-----------+
    |                    Name                   | LUT| Input Size| Bits| Total Bits|
    +-------------------------------------------+----+-----------+-----+-----------+
    |ap_NS_fsm                                  |  15|         19|    1|         19|
    |ap_return                                  |   8|          2|    8|         16|
    |dummy_tmr_out_o                            |   1|          4|    1|          4|
    |dummy_tmr_out_o_ap_vld                     |   1|          4|    1|          4|
    |grp_bno055_uart_uart_send_byte_fu_56_data  |   8|          4|    8|         32|
    |p_0_phi_fu_39_p6                           |   8|          2|    8|         16|
    |uart_tx_ap_vld                             |   1|          2|    1|          2|
    +-------------------------------------------+----+-----------+-----+-----------+
    |Total                                      |  42|         37|   28|         93|
    +-------------------------------------------+----+-----------+-----+-----------+

    * Register: 
    +---------------------------------------------------------+----+----+-----+-----------+
    |                           Name                          | FF | LUT| Bits| Const Bits|
    +---------------------------------------------------------+----+----+-----+-----------+
    |ap_CS_fsm                                                |  18|   0|   18|          0|
    |ap_reg_grp_bno055_uart_uart_receive_byte_fu_47_ap_start  |   1|   0|    1|          0|
    |ap_reg_grp_bno055_uart_uart_send_byte_fu_56_ap_start     |   1|   0|    1|          0|
    |ap_reg_grp_bno055_uart_wait_tmr_fu_68_ap_start           |   1|   0|    1|          0|
    |ap_return_preg                                           |   8|   0|    8|          0|
    |p_0_reg_36                                               |   8|   0|    8|          0|
    |tmp_reg_98                                               |   1|   0|    1|          0|
    +---------------------------------------------------------+----+----+-----+-----------+
    |Total                                                    |  38|   0|   38|          0|
    +---------------------------------------------------------+----+----+-----+-----------+



================================================================
== Interface
================================================================
* Summary: 
+------------------------+-----+-----+------------+---------------------------+--------------+
|        RTL Ports       | Dir | Bits|  Protocol  |       Source Object       |    C Type    |
+------------------------+-----+-----+------------+---------------------------+--------------+
|ap_clk                  |  in |    1| ap_ctrl_hs | bno055_uart_uart_read_reg | return value |
|ap_rst                  |  in |    1| ap_ctrl_hs | bno055_uart_uart_read_reg | return value |
|ap_start                |  in |    1| ap_ctrl_hs | bno055_uart_uart_read_reg | return value |
|ap_done                 | out |    1| ap_ctrl_hs | bno055_uart_uart_read_reg | return value |
|ap_idle                 | out |    1| ap_ctrl_hs | bno055_uart_uart_read_reg | return value |
|ap_ready                | out |    1| ap_ctrl_hs | bno055_uart_uart_read_reg | return value |
|ap_return               | out |    8| ap_ctrl_hs | bno055_uart_uart_read_reg | return value |
|reg_addr                |  in |    8|   ap_none  |          reg_addr         |    scalar    |
|uart_tx                 | out |    1|   ap_vld   |          uart_tx          |    pointer   |
|uart_tx_ap_vld          | out |    1|   ap_vld   |          uart_tx          |    pointer   |
|dummy_tmr_out_i         |  in |    1|   ap_ovld  |       dummy_tmr_out       |    pointer   |
|dummy_tmr_out_o         | out |    1|   ap_ovld  |       dummy_tmr_out       |    pointer   |
|dummy_tmr_out_o_ap_vld  | out |    1|   ap_ovld  |       dummy_tmr_out       |    pointer   |
|uart_rx                 |  in |    1|   ap_none  |          uart_rx          |    pointer   |
+------------------------+-----+-----+------------+---------------------------+--------------+

