Copyright 1986-2016 Xilinx, Inc. All Rights Reserved.
------------------------------------------------------------------------------------
| Tool Version : Vivado v.2016.1 (win64) Build 1538259 Fri Apr  8 15:45:27 MDT 2016
| Date         : Fri May 27 23:07:01 2016
| Host         : smorioka-VAIOz running 64-bit major release  (build 9200)
| Command      : report_control_sets -verbose -file car_top_control_sets_placed.rpt
| Design       : car_top
| Device       : xc7a35ti
------------------------------------------------------------------------------------

Control Set Information

Table of Contents
-----------------
1. Summary
2. Flip-Flop Distribution
3. Detailed Control Set Information

1. Summary
----------

+----------------------------------------------------------+-------+
|                          Status                          | Count |
+----------------------------------------------------------+-------+
| Number of unique control sets                            |   145 |
| Unused register locations in slices containing registers |   354 |
+----------------------------------------------------------+-------+


2. Flip-Flop Distribution
-------------------------

+--------------+-----------------------+------------------------+-----------------+--------------+
| Clock Enable | Synchronous Set/Reset | Asynchronous Set/Reset | Total Registers | Total Slices |
+--------------+-----------------------+------------------------+-----------------+--------------+
| No           | No                    | No                     |             205 |           69 |
| No           | No                    | Yes                    |               0 |            0 |
| No           | Yes                   | No                     |             556 |          169 |
| Yes          | No                    | No                     |            1024 |          280 |
| Yes          | No                    | Yes                    |               0 |            0 |
| Yes          | Yes                   | No                     |             613 |          162 |
+--------------+-----------------------+------------------------+-----------------+--------------+


3. Detailed Control Set Information
-----------------------------------

+----------------+------------------------------------------------------------------------------------------------------------------------------------------------------------------------+----------------------------------------------------------------------------------------------------------------------------------------+------------------+----------------+
|  Clock Signal  |                                                                              Enable Signal                                                                             |                                                            Set/Reset Signal                                                            | Slice Load Count | Bel Load Count |
+----------------+------------------------------------------------------------------------------------------------------------------------------------------------------------------------+----------------------------------------------------------------------------------------------------------------------------------------+------------------+----------------+
|  clk_IBUF_BUFG | u2/grp_motor_ctrl_write_mem_fu_365/l_dir_1_data_reg0                                                                                                                   |                                                                                                                                        |                1 |              1 |
|  clk_IBUF_BUFG | u3/grp_bno055_uart_uart_read_reg16_fu_200/grp_bno055_uart_uart_send_byte_fu_51/uart_tx_1_vld_in1_in                                                                    | u3/ap_sig_912                                                                                                                          |                1 |              1 |
|  clk_IBUF_BUFG | u2/grp_motor_ctrl_read_mem_fu_406/r_dir_1_data_reg0                                                                                                                    |                                                                                                                                        |                1 |              1 |
|  clk_IBUF_BUFG | u2/grp_motor_ctrl_write_mem_fu_365/l_pwm_1_data_reg_reg[0]                                                                                                             | u2/l_pwm_1_data_reg                                                                                                                    |                1 |              1 |
|  clk_IBUF_BUFG | u2/grp_motor_ctrl_write_mem_fu_365/r_pwm_1_data_reg_reg[0]                                                                                                             | u2/r_pwm_1_data_reg                                                                                                                    |                1 |              1 |
|  clk_IBUF_BUFG | u1/grp_lcddrv_init_lcd_fu_167/grp_lcddrv_lcd_send_cmd_fu_36/en_1_vld_in2_in                                                                                            |                                                                                                                                        |                1 |              1 |
|  clk_IBUF_BUFG | u3/grp_bno055_uart_uart_read_reg_fu_210/grp_bno055_uart_uart_send_byte_fu_56/ap_sig_49                                                                                 |                                                                                                                                        |                1 |              4 |
|  clk_IBUF_BUFG | u3/grp_bno055_uart_uart_write_reg_fu_225/ap_sig_53                                                                                                                     |                                                                                                                                        |                2 |              4 |
|  clk_IBUF_BUFG | u3/grp_bno055_uart_uart_read_reg16_fu_200/grp_bno055_uart_uart_send_byte_fu_51/grp_bno055_uart_wait_tmr_fu_71/E[0]                                                     | u3/grp_bno055_uart_uart_read_reg16_fu_200/grp_bno055_uart_uart_send_byte_fu_51/grp_bno055_uart_wait_tmr_fu_71/SR[0]                    |                1 |              4 |
|  clk_IBUF_BUFG | u4/ap_sig_620                                                                                                                                                          |                                                                                                                                        |                1 |              4 |
|  clk_IBUF_BUFG | u3/ap_sig_394                                                                                                                                                          |                                                                                                                                        |                1 |              4 |
|  clk_IBUF_BUFG | u3/grp_bno055_uart_uart_read_reg16_fu_200/grp_bno055_uart_uart_send_byte_fu_51/ap_sig_49                                                                               |                                                                                                                                        |                1 |              4 |
|  clk_IBUF_BUFG | u3/grp_bno055_uart_uart_read_reg_fu_210/grp_bno055_uart_uart_receive_byte_fu_47/ap_sig_62                                                                              |                                                                                                                                        |                1 |              4 |
|  clk_IBUF_BUFG | u3/grp_bno055_uart_uart_write_reg_fu_225/grp_bno055_uart_uart_receive_byte_fu_44/grp_bno055_uart_wait_tmr_fu_85/i_reg_74_reg[0][0]                                     | u3/grp_bno055_uart_uart_write_reg_fu_225/grp_bno055_uart_uart_receive_byte_fu_44/grp_bno055_uart_wait_tmr_fu_85/SR[0]                  |                1 |              4 |
|  clk_IBUF_BUFG | u3/grp_bno055_uart_uart_read_reg_fu_210/grp_bno055_uart_uart_receive_byte_fu_47/reg_292_reg[0][0]                                                                      |                                                                                                                                        |                1 |              4 |
|  clk_IBUF_BUFG | u3/grp_bno055_uart_uart_write_reg_fu_225/grp_bno055_uart_uart_send_byte_fu_52/grp_bno055_uart_wait_tmr_fu_71/E[0]                                                      | u3/grp_bno055_uart_uart_write_reg_fu_225/grp_bno055_uart_uart_send_byte_fu_52/grp_bno055_uart_wait_tmr_fu_71/SR[0]                     |                1 |              4 |
|  clk_IBUF_BUFG | u3/grp_bno055_uart_uart_write_reg_fu_225/grp_bno055_uart_uart_send_byte_fu_52/ap_sig_49                                                                                |                                                                                                                                        |                1 |              4 |
|  clk_IBUF_BUFG | u3/grp_bno055_uart_uart_read_reg_fu_210/grp_bno055_uart_uart_receive_byte_fu_47/tmp_10_reg_425_reg[3][7]                                                               |                                                                                                                                        |                1 |              4 |
|  clk_IBUF_BUFG | u1/grp_lcddrv_read_mem_fu_206/tmp_4_reg_299_reg[0][0]                                                                                                                  |                                                                                                                                        |                1 |              4 |
|  clk_IBUF_BUFG | u1/grp_lcddrv_read_mem_fu_206/tmp_2_reg_281_reg[0][0]                                                                                                                  |                                                                                                                                        |                1 |              4 |
|  clk_IBUF_BUFG | u3/grp_bno055_uart_uart_read_reg_fu_210/grp_bno055_uart_uart_send_byte_fu_56/grp_bno055_uart_wait_tmr_fu_71/E[0]                                                       | u3/grp_bno055_uart_uart_read_reg_fu_210/grp_bno055_uart_uart_send_byte_fu_56/grp_bno055_uart_wait_tmr_fu_71/SR[0]                      |                1 |              4 |
|  clk_IBUF_BUFG | u1/grp_lcddrv_read_mem_fu_206/E[0]                                                                                                                                     |                                                                                                                                        |                1 |              4 |
|  clk_IBUF_BUFG | u4/ap_sig_873                                                                                                                                                          | u4/bit_cnt_5_reg_348                                                                                                                   |                1 |              4 |
|  clk_IBUF_BUFG | u3/grp_bno055_uart_uart_write_reg_fu_225/grp_bno055_uart_uart_receive_byte_fu_44/ap_sig_62                                                                             |                                                                                                                                        |                1 |              4 |
|  clk_IBUF_BUFG | u4/bit_cnt_1_reg_2660                                                                                                                                                  | u4/bit_cnt_1_reg_266                                                                                                                   |                1 |              4 |
|  clk_IBUF_BUFG | u3/grp_bno055_uart_uart_read_reg16_fu_200/grp_bno055_uart_uart_receive_byte_fu_43/ap_sig_62                                                                            |                                                                                                                                        |                1 |              4 |
|  clk_IBUF_BUFG | u1/grp_lcddrv_read_mem_fu_206/mem_addr_1_data_reg_reg[0][0]                                                                                                            |                                                                                                                                        |                1 |              5 |
|  clk_IBUF_BUFG | u1/ap_sig_403                                                                                                                                                          |                                                                                                                                        |                2 |              5 |
|  clk_IBUF_BUFG | u1/grp_lcddrv_lcd_send_cmd_fu_179/grp_lcddrv_wait_tmr_fu_67/pos_reg_144_reg[4][0]                                                                                      | u1/grp_lcddrv_lcd_send_cmd_fu_179/grp_lcddrv_wait_tmr_fu_67/pos_reg_144_reg[0][0]                                                      |                1 |              5 |
|  clk_IBUF_BUFG | u1/grp_lcddrv_init_lcd_fu_167/grp_lcddrv_lcd_send_cmd_fu_36/E[0]                                                                                                       |                                                                                                                                        |                3 |              5 |
|  clk_IBUF_BUFG | u2/ap_sig_653                                                                                                                                                          |                                                                                                                                        |                1 |              6 |
|  clk_IBUF_BUFG | u3/ap_sig_385                                                                                                                                                          |                                                                                                                                        |                1 |              6 |
|  clk_IBUF_BUFG | u3/ap_sig_451                                                                                                                                                          |                                                                                                                                        |                2 |              6 |
|  clk_IBUF_BUFG | u3/grp_bno055_uart_uart_read_reg_fu_210/grp_bno055_uart_uart_receive_byte_fu_47/tmp_10_reg_425_reg[3][1]                                                               |                                                                                                                                        |                1 |              6 |
|  clk_IBUF_BUFG | u3/ap_sig_424                                                                                                                                                          |                                                                                                                                        |                2 |              6 |
|  clk_IBUF_BUFG | u2/ap_sig_729                                                                                                                                                          |                                                                                                                                        |                2 |              6 |
|  clk_IBUF_BUFG | u4/ap_NS_fsm[38]                                                                                                                                                       |                                                                                                                                        |                2 |              6 |
|  clk_IBUF_BUFG | u2/ap_sig_682                                                                                                                                                          |                                                                                                                                        |                1 |              6 |
|  clk_IBUF_BUFG | u2/ap_sig_662                                                                                                                                                          |                                                                                                                                        |                1 |              6 |
|  clk_IBUF_BUFG | u2/ap_sig_644                                                                                                                                                          |                                                                                                                                        |                1 |              6 |
|  clk_IBUF_BUFG | u2/ap_sig_720                                                                                                                                                          |                                                                                                                                        |                2 |              6 |
|  clk_IBUF_BUFG | u2/grp_motor_ctrl_write_mem_fu_365/E[0]                                                                                                                                | u2/grp_motor_ctrl_write_mem_fu_365/SR[0]                                                                                               |                1 |              6 |
|  clk_IBUF_BUFG | u2/ap_sig_833                                                                                                                                                          |                                                                                                                                        |                1 |              6 |
|  clk_IBUF_BUFG | u1/grp_lcddrv_lcd_send_cmd_fu_179/grp_lcddrv_wait_tmr_fu_67/E[0]                                                                                                       | u1/grp_lcddrv_lcd_send_cmd_fu_179/grp_lcddrv_wait_tmr_fu_67/SR[0]                                                                      |                1 |              6 |
|  clk_IBUF_BUFG | u2/ap_sig_711                                                                                                                                                          |                                                                                                                                        |                1 |              6 |
|  clk_IBUF_BUFG | u2/ap_sig_702                                                                                                                                                          |                                                                                                                                        |                3 |              6 |
|  clk_IBUF_BUFG | u2/ap_sig_824                                                                                                                                                          |                                                                                                                                        |                2 |              6 |
|  clk_IBUF_BUFG | u2/ap_sig_738                                                                                                                                                          |                                                                                                                                        |                4 |              6 |
|  clk_IBUF_BUFG | u0/ap_NS_fsm[25]                                                                                                                                                       |                                                                                                                                        |                1 |              7 |
|  clk_IBUF_BUFG | u4/reg_data_8_reg_1243_reg0                                                                                                                                            |                                                                                                                                        |                1 |              7 |
|  clk_IBUF_BUFG | u4/ap_NS_fsm[27]                                                                                                                                                       |                                                                                                                                        |                3 |              7 |
|  clk_IBUF_BUFG | u2/grp_motor_ctrl_write_mem_fu_365/mem_addr_1_data_reg_reg[7][0]                                                                                                       |                                                                                                                                        |                5 |              7 |
|  clk_IBUF_BUFG | u3/grp_bno055_uart_uart_read_reg16_fu_200/grp_bno055_uart_uart_send_byte_fu_51/ap_CS_fsm[5]_i_1__15_n_3                                                                |                                                                                                                                        |                1 |              7 |
|  clk_IBUF_BUFG | u3/grp_bno055_uart_uart_write_reg_fu_225/grp_bno055_uart_uart_send_byte_fu_52/tmp_reg_123_reg0                                                                         |                                                                                                                                        |                2 |              7 |
|  clk_IBUF_BUFG | u3/ap_sig_413                                                                                                                                                          |                                                                                                                                        |                2 |              7 |
|  clk_IBUF_BUFG | u4/dev_addr_1_reg_11700                                                                                                                                                |                                                                                                                                        |                1 |              7 |
|  clk_IBUF_BUFG | u3/grp_bno055_uart_uart_read_reg_fu_210/grp_bno055_uart_uart_receive_byte_fu_47/tmp_10_reg_425_reg[3][5]                                                               |                                                                                                                                        |                1 |              7 |
|  clk_IBUF_BUFG | u4/dev_addr_2_fu_114[6]_i_1_n_3                                                                                                                                        |                                                                                                                                        |                2 |              7 |
|  clk_IBUF_BUFG | u4/dev_addr_reg_10430                                                                                                                                                  |                                                                                                                                        |                1 |              7 |
|  clk_IBUF_BUFG | u3/grp_bno055_uart_uart_read_reg_fu_210/grp_bno055_uart_uart_send_byte_fu_56/ap_CS_fsm[5]_i_1__16_n_3                                                                  |                                                                                                                                        |                1 |              7 |
|  clk_IBUF_BUFG | u4/p_Val2_33_fu_122[6]_i_1_n_3                                                                                                                                         |                                                                                                                                        |                2 |              7 |
|  clk_IBUF_BUFG | u3/grp_bno055_uart_uart_read_reg_fu_210/grp_bno055_uart_uart_receive_byte_fu_47/E[0]                                                                                   |                                                                                                                                        |                3 |              8 |
|  clk_IBUF_BUFG | u0/ap_sig_801                                                                                                                                                          |                                                                                                                                        |                1 |              8 |
|  clk_IBUF_BUFG | u0/ap_sig_786                                                                                                                                                          |                                                                                                                                        |                1 |              8 |
|  clk_IBUF_BUFG | u3/grp_bno055_uart_uart_read_reg16_fu_200/grp_bno055_uart_uart_receive_byte_fu_43/p_0_reg_32_reg[8]                                                                    |                                                                                                                                        |                1 |              8 |
|  clk_IBUF_BUFG | u3/grp_bno055_uart_uart_read_reg_fu_210/grp_bno055_uart_uart_receive_byte_fu_47/ap_CS_fsm[8]_i_1__15_n_3                                                               |                                                                                                                                        |                1 |              8 |
|  clk_IBUF_BUFG | u3/grp_bno055_uart_uart_read_reg_fu_210/grp_bno055_uart_uart_receive_byte_fu_47/ap_return_preg_reg[0]_1                                                                | u3/grp_bno055_uart_uart_read_reg16_fu_200/grp_bno055_uart_uart_receive_byte_fu_43/grp_bno055_uart_wait_tmr_fu_85/ap_CS_fsm_reg[1]_0[0] |                4 |              8 |
|  clk_IBUF_BUFG | u3/grp_bno055_uart_uart_read_reg16_fu_200/grp_bno055_uart_uart_receive_byte_fu_43/D[8]                                                                                 |                                                                                                                                        |                1 |              8 |
|  clk_IBUF_BUFG | u3/grp_bno055_uart_uart_read_reg16_fu_200/grp_bno055_uart_uart_receive_byte_fu_43/ap_CS_fsm[8]_i_1__14_n_3                                                             |                                                                                                                                        |                2 |              8 |
|  clk_IBUF_BUFG | u3/grp_bno055_uart_uart_read_reg16_fu_200/grp_bno055_uart_uart_send_byte_fu_51/grp_bno055_uart_wait_tmr_fu_71/D[2]                                                     |                                                                                                                                        |                2 |              8 |
|  clk_IBUF_BUFG | u3/grp_bno055_uart_uart_read_reg_fu_210/grp_bno055_uart_uart_send_byte_fu_56/grp_bno055_uart_wait_tmr_fu_71/D[2]                                                       |                                                                                                                                        |                2 |              8 |
|  clk_IBUF_BUFG | u2/grp_motor_ctrl_read_mem_fu_406/ap_sig_48                                                                                                                            |                                                                                                                                        |                2 |              8 |
|  clk_IBUF_BUFG | u3/grp_bno055_uart_uart_read_reg16_fu_200/grp_bno055_uart_uart_receive_byte_fu_43/p_0_reg_32_reg[8]                                                                    | u3/grp_bno055_uart_uart_read_reg16_fu_200/grp_bno055_uart_uart_receive_byte_fu_43/p_0_reg_32_reg[8]_0                                  |                2 |              8 |
|  clk_IBUF_BUFG | u2/ap_sig_802                                                                                                                                                          |                                                                                                                                        |                4 |              8 |
|  clk_IBUF_BUFG | u4/reg_addr_reg_11000                                                                                                                                                  |                                                                                                                                        |                1 |              8 |
|  clk_IBUF_BUFG | u1/grp_lcddrv_read_mem_fu_206/ap_sig_48                                                                                                                                |                                                                                                                                        |                1 |              8 |
|  clk_IBUF_BUFG | u4/p_Val2_52_reg_4351                                                                                                                                                  |                                                                                                                                        |                1 |              8 |
|  clk_IBUF_BUFG | u4/reg_addr_4_fu_118[7]_i_1_n_3                                                                                                                                        |                                                                                                                                        |                3 |              8 |
|  clk_IBUF_BUFG | u2/grp_motor_ctrl_write_mem_fu_365/mem_wreq_1_data_reg_reg[0][0]                                                                                                       |                                                                                                                                        |                3 |              8 |
|  clk_IBUF_BUFG | u3/grp_bno055_uart_uart_write_reg_fu_225/grp_bno055_uart_uart_send_byte_fu_52/grp_bno055_uart_wait_tmr_fu_71/D[2]                                                      |                                                                                                                                        |                5 |              8 |
|  clk_IBUF_BUFG | u4/grp_i2c_slave_core_write_mem_fu_444/E[0]                                                                                                                            | u4/ap_sig_1123                                                                                                                         |                2 |              8 |
|  clk_IBUF_BUFG | u2/grp_motor_ctrl_read_mem_fu_406/ap_CS_fsm_reg[52][9]                                                                                                                 |                                                                                                                                        |                2 |              8 |
|  clk_IBUF_BUFG | u2/grp_motor_ctrl_read_mem_fu_406/ap_CS_fsm_reg[52][7]                                                                                                                 |                                                                                                                                        |                2 |              8 |
|  clk_IBUF_BUFG | u4/p_Val2_47_reg_2771                                                                                                                                                  |                                                                                                                                        |                3 |              8 |
|  clk_IBUF_BUFG | u2/grp_motor_ctrl_read_mem_fu_406/E[0]                                                                                                                                 |                                                                                                                                        |                1 |              8 |
|  clk_IBUF_BUFG | u4/grp_i2c_slave_core_read_mem_fu_460/ap_sig_48                                                                                                                        |                                                                                                                                        |                1 |              8 |
|  clk_IBUF_BUFG | u4/grp_i2c_slave_core_write_mem_fu_444/re_2_reg_399_reg[7][0]                                                                                                          |                                                                                                                                        |                2 |              8 |
|  clk_IBUF_BUFG | u4/grp_i2c_slave_core_write_mem_fu_444/ap_NS_fsm[0]                                                                                                                    |                                                                                                                                        |                3 |              8 |
|  clk_IBUF_BUFG | u0/ap_sig_809                                                                                                                                                          |                                                                                                                                        |                1 |              8 |
|  clk_IBUF_BUFG | u0/ap_NS_fsm[5]                                                                                                                                                        |                                                                                                                                        |                1 |              8 |
|  clk_IBUF_BUFG | u0/ap_NS_fsm[15]                                                                                                                                                       |                                                                                                                                        |                2 |              8 |
|  clk_IBUF_BUFG | u0/mem_U/sharedmem_mem_ram_U/ram_reg_0                                                                                                                                 | u0/addr_reg_454                                                                                                                        |                2 |              9 |
|  clk_IBUF_BUFG | u4/ap_NS_fsm[47]                                                                                                                                                       |                                                                                                                                        |                3 |              9 |
|  clk_IBUF_BUFG | u4/grp_i2c_slave_core_write_mem_fu_444/mem_wreq_1_data_reg_reg[0]_0[0]                                                                                                 | u4/ap_sig_1123                                                                                                                         |                3 |              9 |
|  clk_IBUF_BUFG | u4/ap_sig_413                                                                                                                                                          |                                                                                                                                        |                2 |             10 |
|  clk_IBUF_BUFG | u2/ap_sig_671                                                                                                                                                          |                                                                                                                                        |                4 |             10 |
|  clk_IBUF_BUFG | u2/ap_sig_691                                                                                                                                                          |                                                                                                                                        |                4 |             10 |
|  clk_IBUF_BUFG | u1/ap_reg_grp_lcddrv_read_mem_fu_206_ap_start1                                                                                                                         |                                                                                                                                        |                2 |             11 |
|  clk_IBUF_BUFG | u4/ap_sig_476                                                                                                                                                          |                                                                                                                                        |                2 |             12 |
|  clk_IBUF_BUFG | u3/grp_bno055_uart_uart_read_reg16_fu_200/grp_bno055_uart_uart_receive_byte_fu_43/grp_bno055_uart_wait_tmr_fu_85/data_reg_63_reg[0][0]                                 | u3/grp_bno055_uart_uart_read_reg16_fu_200/grp_bno055_uart_uart_receive_byte_fu_43/grp_bno055_uart_wait_tmr_fu_85/SR[0]                 |                2 |             12 |
|  clk_IBUF_BUFG | u3/grp_bno055_uart_uart_read_reg_fu_210/grp_bno055_uart_uart_receive_byte_fu_47/grp_bno055_uart_wait_tmr_fu_85/data_reg_63_reg[0][0]                                   | u3/grp_bno055_uart_uart_read_reg_fu_210/grp_bno055_uart_uart_receive_byte_fu_47/grp_bno055_uart_wait_tmr_fu_85/SR[0]                   |                2 |             12 |
|  clk_IBUF_BUFG | u2/ap_sig_549                                                                                                                                                          |                                                                                                                                        |                4 |             12 |
|  clk_IBUF_BUFG | u2/grp_motor_ctrl_read_mem_fu_406/ap_CS_fsm_reg[52][11]                                                                                                                |                                                                                                                                        |                4 |             13 |
|  clk_IBUF_BUFG | u3/grp_bno055_uart_write_mem_fu_254/E[0]                                                                                                                               |                                                                                                                                        |                5 |             14 |
|  clk_IBUF_BUFG | u2/grp_motor_ctrl_read_mem_fu_406/el_reg_10910                                                                                                                         |                                                                                                                                        |                4 |             16 |
|  clk_IBUF_BUFG | u4/ap_NS_fsm[36]                                                                                                                                                       |                                                                                                                                        |                5 |             16 |
|  clk_IBUF_BUFG | u3/grp_bno055_uart_uart_read_reg16_fu_200/grp_bno055_uart_uart_receive_byte_fu_43/ap_return_preg_reg[0]_1                                                              | u3/grp_bno055_uart_uart_read_reg16_fu_200/grp_bno055_uart_uart_receive_byte_fu_43/grp_bno055_uart_wait_tmr_fu_85/ap_CS_fsm_reg[1]_0[0] |               11 |             16 |
|  clk_IBUF_BUFG | u4/grp_i2c_slave_core_read_mem_fu_460/re_6_reg_1212_reg[0][0]                                                                                                          |                                                                                                                                        |                3 |             16 |
|  clk_IBUF_BUFG | u4/grp_i2c_slave_core_read_mem_fu_460/E[0]                                                                                                                             |                                                                                                                                        |                2 |             16 |
|  clk_IBUF_BUFG | u2/grp_motor_ctrl_wait_tmr_fu_359/grp_motor_ctrl_wait_tmr_fu_359_dummy_tmr_out_o_ap_vld                                                                                | u2/grp_motor_ctrl_wait_tmr_fu_359/t_reg_35[0]_i_1_n_3                                                                                  |                5 |             17 |
|  clk_IBUF_BUFG | u2/grp_motor_ctrl_diff_angle_fu_353/motor_ctrl_urem_19ns_17ns_19_23_seq_U12/motor_ctrl_urem_19ns_17ns_19_23_seq_div_U/motor_ctrl_urem_19ns_17ns_19_23_seq_div_u_0/E[0] |                                                                                                                                        |                5 |             19 |
|  clk_IBUF_BUFG | u2/grp_motor_ctrl_diff_angle_fu_353/grp_fu_120_ap_start                                                                                                                |                                                                                                                                        |                5 |             19 |
|  clk_IBUF_BUFG | u2/grp_motor_ctrl_diff_angle_fu_353/motor_ctrl_urem_19ns_17ns_19_23_seq_U12/motor_ctrl_urem_19ns_17ns_19_23_seq_div_U/E[0]                                             |                                                                                                                                        |                5 |             19 |
|  clk_IBUF_BUFG | u2/grp_motor_ctrl_diff_angle_fu_353/motor_ctrl_urem_19ns_17ns_19_23_seq_U12/motor_ctrl_urem_19ns_17ns_19_23_seq_div_U/start0                                           |                                                                                                                                        |                7 |             19 |
|  clk_IBUF_BUFG | u2/grp_motor_ctrl_diff_angle_fu_353/motor_ctrl_urem_21ns_17ns_20_25_seq_U13/motor_ctrl_urem_21ns_17ns_20_25_seq_div_U/E[0]                                             |                                                                                                                                        |                5 |             20 |
|  clk_IBUF_BUFG | u2/grp_motor_ctrl_diff_angle_fu_353/motor_ctrl_urem_21ns_17ns_20_25_seq_U13/motor_ctrl_urem_21ns_17ns_20_25_seq_div_U/motor_ctrl_urem_21ns_17ns_20_25_seq_div_u_0/E[0] |                                                                                                                                        |                7 |             20 |
|  clk_IBUF_BUFG | u2/grp_motor_ctrl_diff_angle_fu_353/motor_ctrl_urem_21ns_17ns_20_25_seq_U13/motor_ctrl_urem_21ns_17ns_20_25_seq_div_U/start0_reg_n_3                                   |                                                                                                                                        |                7 |             21 |
|  clk_IBUF_BUFG | u2/grp_motor_ctrl_diff_angle_fu_353/grp_fu_178_ap_start                                                                                                                |                                                                                                                                        |                6 |             21 |
|  clk_IBUF_BUFG | u2/grp_motor_ctrl_diff_angle_fu_353/D[1]                                                                                                                               |                                                                                                                                        |                6 |             21 |
|  clk_IBUF_BUFG | u2/ap_sig_609                                                                                                                                                          |                                                                                                                                        |                6 |             22 |
|  clk_IBUF_BUFG | u1/grp_lcddrv_wait_tmr_fu_198/t_reg_47[0]_i_2__6_n_3                                                                                                                   | u1/grp_lcddrv_wait_tmr_fu_198/t_reg_47                                                                                                 |                6 |             24 |
|  clk_IBUF_BUFG | u1/grp_lcddrv_init_lcd_fu_167/grp_lcddrv_lcd_send_cmd_fu_36/grp_lcddrv_wait_tmr_fu_67/t_reg_47[0]_i_2__4_n_3                                                           | u1/grp_lcddrv_init_lcd_fu_167/grp_lcddrv_lcd_send_cmd_fu_36/grp_lcddrv_wait_tmr_fu_67/t_reg_47                                         |                6 |             24 |
|  clk_IBUF_BUFG | u3/grp_bno055_uart_uart_read_reg16_fu_200/grp_bno055_uart_uart_receive_byte_fu_43/ap_sig_46                                                                            |                                                                                                                                        |                7 |             24 |
|  clk_IBUF_BUFG | u3/grp_bno055_uart_uart_read_reg_fu_210/grp_bno055_uart_uart_receive_byte_fu_47/grp_bno055_uart_wait_tmr_fu_85/E[0]                                                    | u3/grp_bno055_uart_uart_read_reg_fu_210/grp_bno055_uart_uart_receive_byte_fu_47/timer_reg_520                                          |                4 |             24 |
|  clk_IBUF_BUFG | u3/grp_bno055_uart_uart_read_reg_fu_210/grp_bno055_uart_uart_receive_byte_fu_47/ap_sig_46                                                                              |                                                                                                                                        |                7 |             24 |
|  clk_IBUF_BUFG | u3/grp_bno055_uart_uart_write_reg_fu_225/grp_bno055_uart_uart_receive_byte_fu_44/grp_bno055_uart_wait_tmr_fu_85/E[0]                                                   | u3/grp_bno055_uart_uart_write_reg_fu_225/grp_bno055_uart_uart_receive_byte_fu_44/timer_reg_520                                         |                6 |             24 |
|  clk_IBUF_BUFG | u3/grp_bno055_uart_uart_read_reg16_fu_200/grp_bno055_uart_uart_receive_byte_fu_43/grp_bno055_uart_wait_tmr_fu_85/E[0]                                                  | u3/grp_bno055_uart_uart_read_reg16_fu_200/grp_bno055_uart_uart_receive_byte_fu_43/timer_reg_520                                        |                5 |             24 |
|  clk_IBUF_BUFG | u1/grp_lcddrv_init_lcd_fu_167/grp_lcddrv_wait_tmr_fu_57/grp_lcddrv_wait_tmr_fu_57_dummy_tmr_out_o_ap_vld                                                               | u1/grp_lcddrv_init_lcd_fu_167/grp_lcddrv_wait_tmr_fu_57/t_reg_47                                                                       |                6 |             24 |
|  clk_IBUF_BUFG | u1/grp_lcddrv_lcd_send_cmd_fu_179/grp_lcddrv_wait_tmr_fu_67/t_reg_47[0]_i_2__5_n_3                                                                                     | u1/grp_lcddrv_lcd_send_cmd_fu_179/grp_lcddrv_wait_tmr_fu_67/t_reg_47                                                                   |                6 |             24 |
|  clk_IBUF_BUFG | u3/grp_bno055_uart_uart_write_reg_fu_225/grp_bno055_uart_uart_receive_byte_fu_44/ap_sig_46                                                                             |                                                                                                                                        |                7 |             24 |
|  clk_IBUF_BUFG | u3/grp_bno055_uart_uart_write_reg_fu_225/grp_bno055_uart_uart_send_byte_fu_52/grp_bno055_uart_wait_tmr_fu_71/t_reg_47[0]_i_2__11_n_3                                   | u3/grp_bno055_uart_uart_write_reg_fu_225/grp_bno055_uart_uart_send_byte_fu_52/grp_bno055_uart_wait_tmr_fu_71/t_reg_47                  |                7 |             27 |
|  clk_IBUF_BUFG | u3/grp_bno055_uart_uart_read_reg16_fu_200/grp_bno055_uart_uart_send_byte_fu_51/grp_bno055_uart_wait_tmr_fu_71/t_reg_47[0]_i_2__7_n_3                                   | u3/grp_bno055_uart_uart_read_reg16_fu_200/grp_bno055_uart_uart_send_byte_fu_51/grp_bno055_uart_wait_tmr_fu_71/t_reg_47                 |                7 |             27 |
|  clk_IBUF_BUFG | u3/grp_bno055_uart_wait_tmr_fu_244/grp_bno055_uart_wait_tmr_fu_244_dummy_tmr_out_o_ap_vld                                                                              | u3/grp_bno055_uart_wait_tmr_fu_244/t_reg_47                                                                                            |                7 |             27 |
|  clk_IBUF_BUFG | u3/grp_bno055_uart_uart_read_reg_fu_210/grp_bno055_uart_wait_tmr_fu_68/t_reg_47[0]_i_2__10_n_3                                                                         | u3/grp_bno055_uart_uart_read_reg_fu_210/grp_bno055_uart_wait_tmr_fu_68/t_reg_47                                                        |                7 |             27 |
|  clk_IBUF_BUFG | u3/grp_bno055_uart_uart_read_reg16_fu_200/grp_bno055_uart_uart_receive_byte_fu_43/grp_bno055_uart_wait_tmr_fu_85/grp_bno055_uart_wait_tmr_fu_85_dummy_tmr_out_o_ap_vld | u3/grp_bno055_uart_uart_read_reg16_fu_200/grp_bno055_uart_uart_receive_byte_fu_43/grp_bno055_uart_wait_tmr_fu_85/t_reg_47              |                7 |             27 |
|  clk_IBUF_BUFG | u3/grp_bno055_uart_uart_read_reg_fu_210/grp_bno055_uart_uart_send_byte_fu_56/grp_bno055_uart_wait_tmr_fu_71/t_reg_47[0]_i_2__9_n_3                                     | u3/grp_bno055_uart_uart_read_reg_fu_210/grp_bno055_uart_uart_send_byte_fu_56/grp_bno055_uart_wait_tmr_fu_71/t_reg_47                   |                7 |             27 |
|  clk_IBUF_BUFG | u3/grp_bno055_uart_uart_read_reg_fu_210/grp_bno055_uart_uart_receive_byte_fu_47/grp_bno055_uart_wait_tmr_fu_85/grp_bno055_uart_wait_tmr_fu_85_dummy_tmr_out_o_ap_vld   | u3/grp_bno055_uart_uart_read_reg_fu_210/grp_bno055_uart_uart_receive_byte_fu_47/grp_bno055_uart_wait_tmr_fu_85/t_reg_47                |                7 |             27 |
|  clk_IBUF_BUFG | u3/grp_bno055_uart_uart_read_reg16_fu_200/grp_bno055_uart_wait_tmr_fu_64/t_reg_47[0]_i_2__8_n_3                                                                        | u3/grp_bno055_uart_uart_read_reg16_fu_200/grp_bno055_uart_wait_tmr_fu_64/t_reg_47                                                      |                7 |             27 |
|  clk_IBUF_BUFG | u3/grp_bno055_uart_uart_write_reg_fu_225/grp_bno055_uart_uart_receive_byte_fu_44/grp_bno055_uart_wait_tmr_fu_85/grp_bno055_uart_wait_tmr_fu_85_dummy_tmr_out_o_ap_vld  | u3/grp_bno055_uart_uart_write_reg_fu_225/grp_bno055_uart_uart_receive_byte_fu_44/grp_bno055_uart_wait_tmr_fu_85/t_reg_47               |                7 |             27 |
|  clk_IBUF_BUFG | u3/grp_bno055_uart_uart_write_reg_fu_225/grp_bno055_uart_wait_tmr_fu_64/t_reg_47[0]_i_2__12_n_3                                                                        | u3/grp_bno055_uart_uart_write_reg_fu_225/grp_bno055_uart_wait_tmr_fu_64/t_reg_47                                                       |                7 |             27 |
|  clk_IBUF_BUFG | u2/ap_sig_1433                                                                                                                                                         | u2/grp_motor_ctrl_write_mem_fu_365/mtr_pwm_cnt_fu_180                                                                                  |                8 |             32 |
|  clk_IBUF_BUFG | u2/grp_motor_ctrl_diff_angle_fu_353/ap_sig_72                                                                                                                          |                                                                                                                                        |               10 |             39 |
|  clk_IBUF_BUFG | u2/grp_motor_ctrl_diff_angle_fu_353/tmp1_reg_2150                                                                                                                      |                                                                                                                                        |               20 |             70 |
|  clk_IBUF_BUFG |                                                                                                                                                                        |                                                                                                                                        |               71 |            207 |
|  clk_IBUF_BUFG |                                                                                                                                                                        | u3/grp_bno055_uart_uart_read_reg16_fu_200/grp_bno055_uart_uart_receive_byte_fu_43/grp_bno055_uart_wait_tmr_fu_85/ap_CS_fsm_reg[1]_0[0] |              169 |            556 |
+----------------+------------------------------------------------------------------------------------------------------------------------------------------------------------------------+----------------------------------------------------------------------------------------------------------------------------------------+------------------+----------------+


